Component: ARM Compiler 5.06 update 7 (build 960) Tool: armlink [4d3601]

==============================================================================

Section Cross References

    main.o(i.HAL_GetTick) refers to rtx_kernel.o(.text.osKernelGetState) for osKernelGetState
    main.o(i.HAL_GetTick) refers to rtx_kernel.o(.text.osKernelGetTickCount) for osKernelGetTickCount
    main.o(i.HAL_GetTick) refers to system_stm32f4xx.o(.data) for SystemCoreClock
    main.o(i.HAL_GetTick) refers to main.o(.data) for ticks
    main.o(i.SystemClock_Config1) refers to stm32f4xx_hal_rcc.o(i.HAL_RCC_OscConfig) for HAL_RCC_OscConfig
    main.o(i.SystemClock_Config1) refers to main.o(i.Error_Handler) for Error_Handler
    main.o(i.SystemClock_Config1) refers to stm32f4xx_hal_rcc.o(i.HAL_RCC_ClockConfig) for HAL_RCC_ClockConfig
    main.o(i.SystemClock_Config1) refers to stm32f4xx_hal.o(i.HAL_GetREVID) for HAL_GetREVID
    main.o(i.app_main) refers to led_f429discovery.o(i.LED_Initialize) for LED_Initialize
    main.o(i.app_main) refers to buttons_f429discovery.o(i.Buttons_Initialize) for Buttons_Initialize
    main.o(i.app_main) refers to thread.o(i.Init_DataLoggerThread) for Init_DataLoggerThread
    main.o(i.app_main) refers to timer.o(i.Init_Timers) for Init_Timers
    main.o(i.app_main) refers to rtx_thread.o(.text.osThreadNew) for osThreadNew
    main.o(i.app_main) refers to rtx_thread.o(.text.osThreadExit) for osThreadExit
    main.o(i.app_main) refers to mbethreadcycleb.o(i.mbeThreadCycleb) for mbeThreadCycleb
    main.o(i.app_main) refers to main.o(.data) for tid_mbeThreadCycleb
    main.o(i.app_main) refers to mbethreaddispatcherforserverb.o(i.mbeThreadDispatcherForServerb) for mbeThreadDispatcherForServerb
    main.o(i.app_main) refers to mbethreaddispatcherforlogb.o(i.mbeThreadDispatcherForLOGb) for mbeThreadDispatcherForLOGb
    main.o(i.app_main) refers to mbethreadbsdlistenb.o(i.mbeThreadBSDListenb) for mbeThreadBSDListenb
    main.o(i.app_main) refers to mbethreadtcpipserverb.o(i.mbeThreadTCPIPServerb) for mbeThreadTCPIPServerb
    main.o(i.app_main) refers to mbethreadusbserverb.o(i.mbeThreadUSBServerb) for mbeThreadUSBServerb
    main.o(i.app_main) refers to mbethreaddiob.o(i.mbeThreadDIOb) for mbeThreadDIOb
    main.o(i.app_main) refers to mbethreadadminb.o(i.mbeThreadAdminb) for mbeThreadAdminb
    main.o(i.app_main) refers to mbethreadsimserver.o(i.mbeThreadSIMServer) for mbeThreadSIMServer
    main.o(i.main) refers to stm32f4xx_hal.o(i.HAL_Init) for HAL_Init
    main.o(i.main) refers to rtx_kernel.o(.text.osKernelInitialize) for osKernelInitialize
    main.o(i.main) refers to rtx_thread.o(.text.osThreadNew) for osThreadNew
    main.o(i.main) refers to rtx_kernel.o(.text.osKernelStart) for osKernelStart
    main.o(i.main) refers to main.o(i.app_main) for app_main
    mbethreadcycleb.o(i.HAL_TIM_Base_MspInitMy) refers to stm32f4xx_hal_tim.o(i.HAL_TIM_Base_Init) for HAL_TIM_Base_Init
    mbethreadcycleb.o(i.HAL_TIM_Base_MspInitMy) refers to mbethreadcycleb.o(.bss) for TimHandle
    mbethreadcycleb.o(i.TIM4_IRQHandler) refers to led_f429discovery.o(i.LED_On) for LED_On
    mbethreadcycleb.o(i.TIM4_IRQHandler) refers to rtx_thread.o(.text.osThreadFlagsSet) for osThreadFlagsSet
    mbethreadcycleb.o(i.TIM4_IRQHandler) refers to led_f429discovery.o(i.LED_Off) for LED_Off
    mbethreadcycleb.o(i.TIM4_IRQHandler) refers to mbethreadcycleb.o(.data) for i
    mbethreadcycleb.o(i.TIM4_IRQHandler) refers to main.o(.data) for tid_mbeThreadCycleb
    mbethreadcycleb.o(i.mbeThreadCycleb) refers to stm32f4xx_hal_cortex.o(i.HAL_NVIC_SetPriority) for HAL_NVIC_SetPriority
    mbethreadcycleb.o(i.mbeThreadCycleb) refers to mbethreadcycleb.o(i.HAL_TIM_Base_MspInitMy) for HAL_TIM_Base_MspInitMy
    mbethreadcycleb.o(i.mbeThreadCycleb) refers to led_f429discovery.o(i.LED_Initialize) for LED_Initialize
    mbethreadcycleb.o(i.mbeThreadCycleb) refers to led_f429discovery.o(i.LED_Off) for LED_Off
    mbethreadcycleb.o(i.mbeThreadCycleb) refers to stm32f4xx_hal_cortex.o(i.HAL_NVIC_EnableIRQ) for HAL_NVIC_EnableIRQ
    mbethreadcycleb.o(i.mbeThreadCycleb) refers to rtx_delay.o(.text.osDelay) for osDelay
    mbethreadcycleb.o(i.mbeThreadCycleb) refers to stm32f4xx_hal_tim.o(i.HAL_TIM_Base_Start_IT) for HAL_TIM_Base_Start_IT
    mbethreadcycleb.o(i.mbeThreadCycleb) refers to rtx_thread.o(.text.osThreadFlagsWait) for osThreadFlagsWait
    mbethreadcycleb.o(i.mbeThreadCycleb) refers to mbethreadcycleb.o(.bss) for TimHandle
    mbethreadcycleb.o(i.mbeThreadCycleb) refers to mbethreadcycleb.o(.data) for USARTdrv
    mbethreadcycleb.o(i.mbeThreadCycleb) refers to mbethreadcycleb.o(i.myUSART_callbackU1) for myUSART_callbackU1
    mbethreadcycleb.o(i.mbeThreadCycleb) refers to mbethreadsimserver.o(.data) for startReceive
    mbethreadcycleb.o(i.myUSART_callbackU1) refers to rtx_thread.o(.text.osThreadFlagsSet) for osThreadFlagsSet
[...]
    TIM4_IRQHandler                          0x08004841   Thumb Code    80  mbethreadcycleb.o(i.TIM4_IRQHandler)
    TIM_Base_SetConfig                       0x080048a1   Thumb Code   170  stm32f4xx_hal_tim.o(i.TIM_Base_SetConfig)
    UART5_IRQHandler                         0x080049dd   Thumb Code    10  usart_stm32f4xx.o(i.UART5_IRQHandler)
    USART1_IRQHandler                        0x08004a75   Thumb Code    10  usart_stm32f4xx.o(i.USART1_IRQHandler)
    USART_IRQHandler                         0x0800562f   Thumb Code   626  usart_stm32f4xx.o(i.USART_IRQHandler)
    USBD_FS_IRQ                              0x08006585   Thumb Code  1554  usbd_fs_stm32f4xx.o(i.USBD_FS_IRQ)
    __sys_close                              0x08006f81   Thumb Code   114  fs_sys.o(i.__sys_close)
    __sys_flen                               0x08007001   Thumb Code   116  fs_sys.o(i.__sys_flen)
    __sys_open                               0x08007081   Thumb Code   172  fs_sys.o(i.__sys_open)
    __sys_seek                               0x08007139   Thumb Code   122  fs_sys.o(i.__sys_seek)
    __sys_write                              0x080071c1   Thumb Code   132  fs_sys.o(i.__sys_write)
    __user_perthread_libspace                0x08007251   Thumb Code    80  rtx_lib.o(i.__user_perthread_libspace)
    _is_digit                                0x080072a9   Thumb Code    14  __printf_wp.o(i._is_digit)
    _mutex_acquire                           0x080072b7   Thumb Code    22  rtx_lib.o(i._mutex_acquire)
    _mutex_free                              0x080072cd   Thumb Code    12  rtx_lib.o(i._mutex_free)
    _mutex_initialize                        0x080072d9   Thumb Code    34  rtx_lib.o(i._mutex_initialize)
    _mutex_release                           0x080072fb   Thumb Code    18  rtx_lib.o(i._mutex_release)
    _platform_post_stackheap_init            0x0800730d   Thumb Code     8  rtx_lib.o(i._platform_post_stackheap_init)
    _sys_close                               0x08007315   Thumb Code    42  retarget_io.o(i._sys_close)
    _sys_flen                                0x0800733f   Thumb Code    42  retarget_io.o(i._sys_flen)
    _sys_istty                               0x08007369   Thumb Code    36  retarget_io.o(i._sys_istty)
    _sys_open                                0x0800738d   Thumb Code    84  retarget_io.o(i._sys_open)
    _sys_seek                                0x080073f9   Thumb Code    52  retarget_io.o(i._sys_seek)
    _sys_write                               0x0800742d   Thumb Code    58  retarget_io.o(i._sys_write)
    app_main                                 0x08007655   Thumb Code   162  main.o(i.app_main)
    efs_close                                0x08007b07   Thumb Code     4  fs_config.o(i.efs_close)
    efs_flen                                 0x08007b0b   Thumb Code     6  fs_config.o(i.efs_flen)
    efs_handle_get                           0x08007b11   Thumb Code     6  fs_config.o(i.efs_handle_get)
    efs_open                                 0x08007b17   Thumb Code     4  fs_config.o(i.efs_open)
    efs_seek                                 0x08007b1b   Thumb Code     4  fs_config.o(i.efs_seek)
    efs_write                                0x08007b1f   Thumb Code     6  fs_config.o(i.efs_write)
    elink_cmd                                0x08007b25   Thumb Code     4  fs_config.o(i.elink_cmd)
    elink_dir                                0x08007b29   Thumb Code     4  fs_config.o(i.elink_dir)
    elink_insert                             0x08007b2d   Thumb Code     4  fs_config.o(i.elink_insert)
    elink_scan                               0x08007b31   Thumb Code     4  fs_config.o(i.elink_scan)
    fat_close                                0x08007c5d   Thumb Code   320  fs_fat.o(i.fat_close)
    fat_flen                                 0x08007dd9   Thumb Code    26  fs_fat.o(i.fat_flen)
    fat_handle_get                           0x08007df9   Thumb Code    66  fs_fat.o(i.fat_handle_get)
    fat_open                                 0x08007e45   Thumb Code   556  fs_fat.o(i.fat_open)
    fat_seek                                 0x0800807d   Thumb Code   552  fs_fat.o(i.fat_seek)
    fat_vol_chk                              0x080082b1   Thumb Code   212  fs_fat.o(i.fat_vol_chk)
    fat_write                                0x08008385   Thumb Code   464  fs_fat.o(i.fat_write)
    _fputc$unlocked                          0x08008689   Thumb Code    26  fputc.o(i.fputc)
    fs_drive_id                              0x08008a1d   Thumb Code   188  fs_common.o(i.fs_drive_id)
    fs_get_sys_tick                          0x08008ae9   Thumb Code     4  fs_config.o(i.fs_get_sys_tick)
    fs_get_sys_tick_us                       0x08008aed   Thumb Code    22  fs_config.o(i.fs_get_sys_tick_us)
    fs_get_time                              0x08008b09   Thumb Code    26  fs_time.o(i.fs_get_time)
    fs_mc_lock_unlock                        0x08008b23   Thumb Code     4  fs_mc_mci.o(i.fs_mc_lock_unlock)
    fs_mutex_acquire                         0x08008b27   Thumb Code    18  fs_config.o(i.fs_mutex_acquire)
    fs_mutex_release                         0x08008b39   Thumb Code    16  fs_config.o(i.fs_mutex_release)
    fs_set_rtos_delay                        0x08008b49   Thumb Code    10  fs_config.o(i.fs_set_rtos_delay)
    fsj_write                                0x08008bc5   Thumb Code     4  fs_config.o(i.fsj_write)
    getTimestamp                             0x08008bc9   Thumb Code    32  timer.o(i.getTimestamp)
    get_u16                                  0x08008d0b   Thumb Code    16  fs_common.o(i.get_u16)
    get_u32                                  0x08008d1b   Thumb Code    22  fs_common.o(i.get_u32)
    logButtonState                           0x08008d55   Thumb Code   100  thread.o(i.logButtonState)
    main                                     0x08008e0d   Thumb Code    26  main.o(i.main)
    mbeThreadAdminb                          0x08008e2d   Thumb Code    12  mbethreadadminb.o(i.mbeThreadAdminb)
    mbeThreadBSDListenb                      0x08008e39   Thumb Code    12  mbethreadbsdlistenb.o(i.mbeThreadBSDListenb)
    mbeThreadCycleb                          0x08008e45   Thumb Code   396  mbethreadcycleb.o(i.mbeThreadCycleb)
    mbeThreadDIOb                            0x08009025   Thumb Code    12  mbethreaddiob.o(i.mbeThreadDIOb)
    mbeThreadDispatcherForLOGb               0x08009031   Thumb Code    12  mbethreaddispatcherforlogb.o(i.mbeThreadDispatcherForLOGb)
    mbeThreadDispatcherForServerb            0x0800903d   Thumb Code    12  mbethreaddispatcherforserverb.o(i.mbeThreadDispatcherForServerb)
    mbeThreadSIMServer                       0x08009049   Thumb Code   112  mbethreadsimserver.o(i.mbeThreadSIMServer)
    mbeThreadTCPIPServerb                    0x080090d9   Thumb Code    12  mbethreadtcpipserverb.o(i.mbeThreadTCPIPServerb)
    mbeThreadUSBServerb                      0x080090e5   Thumb Code    12  mbethreadusbserverb.o(i.mbeThreadUSBServerb)
    mc_mci_DevCtrl                           0x080093bd   Thumb Code   392  fs_mc_mci.o(i.mc_mci_DevCtrl)
    mc_mci_Init                              0x08009549   Thumb Code   286  fs_mc_mci.o(i.mc_mci_Init)
    mc_mci_ReadInfo                          0x08009671   Thumb Code    74  fs_mc_mci.o(i.mc_mci_ReadInfo)
    mc_mci_ReadSector                        0x080096c1   Thumb Code   362  fs_mc_mci.o(i.mc_mci_ReadSector)
    mc_mci_UnInit                            0x08009831   Thumb Code    94  fs_mc_mci.o(i.mc_mci_UnInit)
    mc_mci_WriteSector                       0x08009895   Thumb Code   388  fs_mc_mci.o(i.mc_mci_WriteSector)
    myUSART_callbackU1                       0x0800a5c1   Thumb Code    28  mbethreadcycleb.o(i.myUSART_callbackU1)
    myUSART_callbackU5                       0x0800a5e5   Thumb Code    28  mbethreadsimserver.o(i.myUSART_callbackU5)
    osRtxErrorNotify                         0x0800a929   Thumb Code    32  rtx_config.o(i.osRtxErrorNotify)
    osRtxIdleThread                          0x0800a949   Thumb Code     4  rtx_config.o(i.osRtxIdleThread)
    osSignalSet                              0x0800a94d   Thumb Code    34  cmsis_os1.o(i.osSignalSet)
    osSignalWait                             0x0800a96f   Thumb Code   106  cmsis_os1.o(i.osSignalWait)
    set_u16                                  0x0800add5   Thumb Code     8  fs_common.o(i.set_u16)
    set_u32                                  0x0800addd   Thumb Code    16  fs_common.o(i.set_u32)
    _get_lc_ctype                            0x0800afd9   Thumb Code    44  lc_ctype_c.o(locale$$code)
    _fp_init                                 0x0800b005   Thumb Code    10  fpinit.o(x$fpl$fpinit)
    __fplib_config_fpu_vfp                   0x0800b00d   Thumb Code     0  fpinit.o(x$fpl$fpinit)
    __fplib_config_pureend_doubles           0x0800b00d   Thumb Code     0  fpinit.o(x$fpl$fpinit)
    osRtxUserSVC                             0x0800b0b0   Data           4  rtx_lib.o(.constdata)
    Driver_USART1                            0x0800b1b0   Data          56  usart_stm32f4xx.o(.constdata)
    Driver_USART5                            0x0800b1e8   Data          56  usart_stm32f4xx.o(.constdata)
    EventRecorderInfo                        0x0800b220   Data          24  eventrecorder.o(.constdata)
    __stdin_name                             0x0800b238   Data           7  retarget_io.o(.constdata)
    __stdout_name                            0x0800b23f   Data           8  retarget_io.o(.constdata)
    __stderr_name                            0x0800b247   Data           8  retarget_io.o(.constdata)
    AHBPrescTable                            0x0800b257   Data          16  system_stm32f4xx.o(.constdata)
    APBPrescTable                            0x0800b267   Data           8  system_stm32f4xx.o(.constdata)
    fs_fat_fh_cnt                            0x0800b270   Data           1  fs_config.o(.constdata)
    fs_efs_fh_cnt                            0x0800b271   Data           1  fs_config.o(.constdata)
    fs_ndrv                                  0x0800b272   Data           1  fs_config.o(.constdata)
    os_mutex_def_fs_mc0_mtx_def              0x0800b274   Data          16  fs_config.o(.constdata)
    fs_DevPool                               0x0800b29c   Data           8  fs_config.o(.constdata)
    irqRtxLib                                0x0800b2a4   Data           1  irq_cm4f.o(.constdata)
    osRtxConfig                              0x0800b778   Data         104  rtx_lib.o(.rodata)
    os_cb_sections                           0x0800b7e0   Data          56  rtx_lib.o(.rodata)
    Region$$Table$$Base                      0x0800b824   Number         0  anon$$obj.o(Region$$Table)
    Region$$Table$$Limit                     0x0800b844   Number         0  anon$$obj.o(Region$$Table)
    usb_lib_version                          0x0800b844   Data           4  usb_lib_ver.o(__MW_USB_LIB_VERSION_6.14.1)
    __ctype                                  0x0800b855   Data           0  lc_ctype_c.o(locale$$data)
    .bss.os.msgqueue.cb$$Base                0x20008230   Number         0  rtx_lib.o(.bss.os.msgqueue.cb)
    .bss.os.msgqueue.cb$$Limit               0x20008264   Number         0  rtx_lib.o(.bss.os.msgqueue.cb)
    .bss.os.mutex.cb$$Base                   0x200082b4   Number         0  fs_config.o(.bss.os.mutex.cb)
    .bss.os.mutex.cb$$Limit                  0x200082d0   Number         0  fs_config.o(.bss.os.mutex.cb)
    .bss.os.thread.cb$$Base                  0x200082d0   Number         0  rtx_lib.o(.bss.os.thread.cb)
    .bss.os.thread.cb$$Limit                 0x20008358   Number         0  rtx_lib.o(.bss.os.thread.cb)
    .bss.os.timer.cb$$Base                   0x20008758   Number         0  rtx_lib.o(.bss.os.timer.cb)
    .bss.os.timer.cb$$Limit                  0x20008778   Number         0  rtx_lib.o(.bss.os.timer.cb)
    tid_mbeThreadCycleb                      0x20008778   Data           4  main.o(.data)
    tid_mbeThreadDispatcherForServerb        0x2000877c   Data           4  main.o(.data)
    tid_mbeThreadDispatcherForLOGb           0x20008780   Data           4  main.o(.data)
    tid_mbeThreadLOGtoDiskb                  0x20008784   Data           4  main.o(.data)
    tid_mbeThreadBSDListenb                  0x20008788   Data           4  main.o(.data)
    tid_mbeThreadTCPIPServerb                0x2000878c   Data           4  main.o(.data)
    tid_mbeThreadUSBServerb                  0x20008790   Data           4  main.o(.data)
    tid_mbeThreadDIOb                        0x20008794   Data           4  main.o(.data)
    tid_mbeThreadAdminb                      0x20008798   Data           4  main.o(.data)
    tid_mbeThreadSIMServer                   0x2000879c   Data           4  main.o(.data)
    retValue                                 0x200087a4   Data           4  mbethreadcycleb.o(.data)
    TickCounter                              0x200087a8   Data          12  mbethreadcycleb.o(.data)
    retValueSIM                              0x200087bc   Data           4  mbethreadsimserver.o(.data)
    startReceive                             0x200087c0   Data           4  mbethreadsimserver.o(.data)
    tid_DataLoggerThread                     0x200087c8   Data           4  thread.o(.data)
    tim_id2                                  0x200087d4   Data           4  timer.o(.data)
    irqRtxLibRef                             0x200087dc   Data           4  rtx_lib.o(.data)
    uwTick                                   0x20008804   Data           4  stm32f4xx_hal.o(.data)
    uwTickPrio                               0x20008808   Data           4  stm32f4xx_hal.o(.data)
    uwTickFreq                               0x2000880c   Data           1  stm32f4xx_hal.o(.data)
    SystemCoreClock                          0x20008810   Data           4  system_stm32f4xx.o(.data)
    _stream_list_lock                        0x20008818   Data           4  streamlock.o(.data)
    __aeabi_stdin                            0x2000881c   Data           4  stdio_streams.o(.data)
    __aeabi_stdout                           0x20008820   Data           4  stdio_streams.o(.data)
    __aeabi_stderr                           0x20008824   Data           4  stdio_streams.o(.data)
    osRtxInfo                                0x20008828   Data         164  rtx_kernel.o(.data.os)
    TimHandle                                0x200088e4   Data          64  mbethreadcycleb.o(.bss)
    TimHandle3                               0x20008924   Data          64  mbethreadsimserver.o(.bss)
    fs_fat_fh                                0x20008cd4   Data         144  fs_config.o(.bss)
    fs_efs_fh                                0x20008d64   Data          28  fs_config.o(.bss)
    fs_mc0_mci                               0x20008e04   Data          36  fs_config.o(.bss)
    __libspace_start                         0x2000a228   Data          96  libspace.o(.bss)
    __stdin                                  0x2000a288   Data          84  stdio_streams.o(.bss)
    __temporary_stack_top$libspace           0x2000a288   Data           0  libspace.o(.bss)
    __stdout                                 0x2000a2dc   Data          84  stdio_streams.o(.bss)
    __stderr                                 0x2000a330   Data          84  stdio_streams.o(.bss)



==============================================================================

Memory Map of the image

  Image Entry point : 0x080001ad

  Load Region LR_IROM1 (Base: 0x08000000, Size: 0x0001423c, Max: 0x00200000, ABSOLUTE, COMPRESSED[0x0000baa4])

    Execution Region ER_IROM1 (Exec base: 0x08000000, Load base: 0x08000000, Size: 0x0000b958, Max: 0x00200000, ABSOLUTE)

    Exec Addr    Load Addr    Size         Type   Attr      Idx    E Section Name        Object

    0x08000000   0x08000000   0x000001ac   Data   RO         3838    RESET               startup_stm32f429xx.o
    0x080001ac   0x080001ac   0x00000008   Code   RO         6263  * !!!main             c_w.l(__main.o)
    0x080001b4   0x080001b4   0x00000034   Code   RO         6553    !!!scatter          c_w.l(__scatter.o)
    0x080001e8   0x080001e8   0x0000003a   Code   RO         6551    !!dczerorl          c_w.l(__dczerorl.o)
    0x08000222   0x08000222   0x00000002   PAD
    0x08000224   0x08000224   0x0000001c   Code   RO         6555    !!handler_zi        c_w.l(__scatter_zi.o)
    0x08000240   0x08000240   0x00000000   Code   RO         6232    .ARM.Collect$$_printf_percent$$00000000  c_w.l(_printf_percent.o)
    0x08000240   0x08000240   0x00000006   Code   RO         6231    .ARM.Collect$$_printf_percent$$00000009  c_w.l(_printf_d.o)
    0x08000246   0x08000246   0x00000006   Code   RO         6230    .ARM.Collect$$_printf_percent$$00000014  c_w.l(_printf_s.o)
    0x0800024c   0x0800024c   0x00000004   Code   RO         6312    .ARM.Collect$$_printf_percent$$00000017  c_w.l(_printf_percent_end.o)
    0x08000250   0x08000250   0x00000002   Code   RO         6475    .ARM.Collect$$libinit$$00000000  c_w.l(libinit.o)
    0x08000252   0x08000252   0x00000004   Code   RO         6326    .ARM.Collect$$libinit$$00000001  c_w.l(libinit2.o)
    0x08000256   0x08000256   0x00000000   Code   RO         6329    .ARM.Collect$$libinit$$00000004  c_w.l(libinit2.o)
    0x08000256   0x08000256   0x00000008   Code   RO         6330    .ARM.Collect$$libinit$$00000005  c_w.l(libinit2.o)
    0x0800025e   0x0800025e   0x00000000   Code   RO         6332    .ARM.Collect$$libinit$$0000000A  c_w.l(libinit2.o)
    0x0800025e   0x0800025e   0x00000000   Code   RO         6334    .ARM.Collect$$libinit$$0000000C  c_w.l(libinit2.o)
    0x0800025e   0x0800025e   0x00000000   Code   RO         6336    .ARM.Collect$$libinit$$0000000E  c_w.l(libinit2.o)
    0x0800025e   0x0800025e   0x00000006   Code   RO         6337    .ARM.Collect$$libinit$$0000000F  c_w.l(libinit2.o)
    0x08000264   0x08000264   0x00000000   Code   RO         6339    .ARM.Collect$$libinit$$00000011  c_w.l(libinit2.o)
    0x08000264   0x08000264   0x0000000c   Code   RO         6340    .ARM.Collect$$libinit$$00000012  c_w.l(libinit2.o)
    0x08000270   0x08000270   0x00000000   Code   RO         6341    .ARM.Collect$$libinit$$00000013  c_w.l(libinit2.o)
    0x08000270   0x08000270   0x00000000   Code   RO         6343    .ARM.Collect$$libinit$$00000015  c_w.l(libinit2.o)
    0x08000270   0x08000270   0x00000000   Code   RO         6345    .ARM.Collect$$libinit$$00000017  c_w.l(libinit2.o)
    0x08000270   0x08000270   0x00000000   Code   RO         6347    .ARM.Collect$$libinit$$00000019  c_w.l(libinit2.o)
    0x08000270   0x08000270   0x00000000   Code   RO         6349    .ARM.Collect$$libinit$$0000001B  c_w.l(libinit2.o)
    0x08000270   0x08000270   0x00000000   Code   RO         6351    .ARM.Collect$$libinit$$0000001D  c_w.l(libinit2.o)
    0x08000270   0x08000270   0x00000000   Code   RO         6353    .ARM.Collect$$libinit$$0000001F  c_w.l(libinit2.o)
    0x08000270   0x08000270   0x00000000   Code   RO         6355    .ARM.Collect$$libinit$$00000021  c_w.l(libinit2.o)
    0x08000270   0x08000270   0x00000000   Code   RO         6357    .ARM.Collect$$libinit$$00000023  c_w.l(libinit2.o)
    0x08000270   0x08000270   0x00000004   Code   RO         6358    .ARM.Collect$$libinit$$00000024  c_w.l(libinit2.o)
    0x08000274   0x08000274   0x00000000   Code   RO         6359    .ARM.Collect$$libinit$$00000025  c_w.l(libinit2.o)
    0x08000274   0x08000274   0x00000000   Code   RO         6363    .ARM.Collect$$libinit$$0000002C  c_w.l(libinit2.o)
    0x08000274   0x08000274   0x00000000   Code   RO         6365    .ARM.Collect$$libinit$$0000002E  c_w.l(libinit2.o)
    0x08000274   0x08000274   0x00000000   Code   RO         6367    .ARM.Collect$$libinit$$00000030  c_w.l(libinit2.o)
    0x08000274   0x08000274   0x00000000   Code   RO         6369    .ARM.Collect$$libinit$$00000032  c_w.l(libinit2.o)
    0x08000274   0x08000274   0x00000002   Code   RO         6370    .ARM.Collect$$libinit$$00000033  c_w.l(libinit2.o)
    0x08000276   0x08000276   0x00000002   Code   RO         6549    .ARM.Collect$$libshutdown$$00000000  c_w.l(libshutdown.o)
    0x08000278   0x08000278   0x00000000   Code   RO         6477    .ARM.Collect$$libshutdown$$00000002  c_w.l(libshutdown2.o)
    0x08000278   0x08000278   0x00000000   Code   RO         6479    .ARM.Collect$$libshutdown$$00000004  c_w.l(libshutdown2.o)
    0x08000278   0x08000278   0x00000004   Code   RO         6480    .ARM.Collect$$libshutdown$$00000005  c_w.l(libshutdown2.o)
    0x0800027c   0x0800027c   0x00000000   Code   RO         6481    .ARM.Collect$$libshutdown$$00000006  c_w.l(libshutdown2.o)
    0x0800027c   0x0800027c   0x00000000   Code   RO         6484    .ARM.Collect$$libshutdown$$00000009  c_w.l(libshutdown2.o)
    0x0800027c   0x0800027c   0x00000000   Code   RO         6487    .ARM.Collect$$libshutdown$$0000000C  c_w.l(libshutdown2.o)
    0x0800027c   0x0800027c   0x00000000   Code   RO         6489    .ARM.Collect$$libshutdown$$0000000E  c_w.l(libshutdown2.o)
    0x0800027c   0x0800027c   0x00000004   Code   RO         6490    .ARM.Collect$$libshutdown$$0000000F  c_w.l(libshutdown2.o)
    0x08000280   0x08000280   0x00000000   Code   RO         6492    .ARM.Collect$$libshutdown$$00000011  c_w.l(libshutdown2.o)
    0x08000280   0x08000280   0x00000002   Code   RO         6493    .ARM.Collect$$libshutdown$$00000012  c_w.l(libshutdown2.o)
    0x08000282   0x08000282   0x00000000   Code   RO         6268    .ARM.Collect$$rtentry$$00000000  c_w.l(__rtentry.o)
    0x08000282   0x08000282   0x00000000   Code   RO         6374    .ARM.Collect$$rtentry$$00000002  c_w.l(__rtentry2.o)
    0x08000282   0x08000282   0x00000006   Code   RO         6386    .ARM.Collect$$rtentry$$00000004  c_w.l(__rtentry4.o)
    0x08000288   0x08000288   0x00000008   Code   RO         6375    .ARM.Collect$$rtentry$$00000008  c_w.l(__rtentry2.o)
    0x08000290   0x08000290   0x00000004   Code   RO         6377    .ARM.Collect$$rtentry$$0000000A  c_w.l(__rtentry2.o)
    0x08000294   0x08000294   0x00000000   Code   RO         6379    .ARM.Collect$$rtentry$$0000000C  c_w.l(__rtentry2.o)
    0x08000294   0x08000294   0x00000008   Code   RO         6380    .ARM.Collect$$rtentry$$0000000D  c_w.l(__rtentry2.o)
    0x0800029c   0x0800029c   0x00000002   Code   RO         6498    .ARM.Collect$$rtexit$$00000000  c_w.l(rtexit.o)
    0x0800029e   0x0800029e   0x00000000   Code   RO         6523    .ARM.Collect$$rtexit$$00000002  c_w.l(rtexit2.o)
    0x0800029e   0x0800029e   0x00000004   Code   RO         6524    .ARM.Collect$$rtexit$$00000003  c_w.l(rtexit2.o)
    0x080002a2   0x080002a2   0x00000006   Code   RO         6525    .ARM.Collect$$rtexit$$00000004  c_w.l(rtexit2.o)
    0x080002a8   0x080002a8   0x00000074   Code   RO         1514    .emb_text           eventrecorder.o
    0x0800031c   0x0800031c   0x00000000   Code   RO         6395    .emb_text           c_w.l(maybetermalloc2.o)
    0x0800031c   0x0800031c   0x00000040   Code   RO         3839    .text               startup_stm32f429xx.o
    0x0800035c   0x0800035c   0x000000c4   Code   RO         5253    .text               RTX_CM4F.lib(irq_cm4f.o)
    0x08000420   0x08000420   0x00000004   Code   RO         6128    .text               c_w.l(rt_errno_addr_twolibspace.o)
    0x08000424   0x08000424   0x0000009e   Code   RO         6138    .text               c_w.l(h1_alloc_mt.o)
    0x080004c2   0x080004c2   0x00000076   Code   RO         6140    .text               c_w.l(h1_free_mt.o)
    0x08000538   0x08000538   0x000000ee   Code   RO         6192    .text               c_w.l(lludivv7m.o)
    0x08000626   0x08000626   0x00000014   Code   RO         6198    .text               c_w.l(noretval__2fprintf.o)
    0x0800063a   0x0800063a   0x00000002   PAD
    0x0800063c   0x0800063c   0x00000028   Code   RO         6200    .text               c_w.l(noretval__2sprintf.o)
    0x08000664   0x08000664   0x0000004e   Code   RO         6204    .text               c_w.l(_printf_pad.o)
    0x080006b2   0x080006b2   0x00000052   Code   RO         6206    .text               c_w.l(_printf_str.o)
    0x08000704   0x08000704   0x00000078   Code   RO         6208    .text               c_w.l(_printf_dec.o)
    0x0800077c   0x0800077c   0x00000138   Code   RO         6222    .text               c_w.l(__printf_flags_wp.o)
    0x080008b4   0x080008b4   0x0000004c   Code   RO         6237    .text               c_w.l(fclose.o)
    0x08000900   0x08000900   0x00000034   Code   RO         6239    .text               c_w.l(fclose_locked.o)
    0x08000934   0x08000934   0x00000144   Code   RO         6243    .text               c_w.l(fopen_locked.o)
    0x08000a78   0x08000a78   0x00000032   Code   RO         6245    .text               c_w.l(strncasecmp.o)
    0x08000aaa   0x08000aaa   0x0000003e   Code   RO         6247    .text               c_w.l(strlen.o)
    0x08000ae8   0x08000ae8   0x0000008a   Code   RO         6249    .text               c_w.l(rt_memcpy_v6.o)
    0x08000b72   0x08000b72   0x00000064   Code   RO         6251    .text               c_w.l(rt_memcpy_w.o)
    0x08000bd6   0x08000bd6   0x00000044   Code   RO         6255    .text               c_w.l(rt_memclr.o)
    0x08000c1a   0x08000c1a   0x0000004e   Code   RO         6257    .text               c_w.l(rt_memclr_w.o)
    0x08000c68   0x08000c68   0x00000080   Code   RO         6259    .text               c_w.l(strcmpv7m.o)
    0x08000ce8   0x08000ce8   0x00000006   Code   RO         6261    .text               c_w.l(heapauxi.o)
    0x08000cee   0x08000cee   0x00000002   PAD
    0x08000cf0   0x08000cf0   0x00000008   Code   RO         6265    .text               c_w.l(libspace.o)
    0x08000cf8   0x08000cf8   0x0000000a   Code   RO         6278    .text               c_w.l(rt_heap_descriptor_twolibspace.o)
    0x08000d02   0x08000d02   0x00000004   Code   RO         6280    .text               c_w.l(hguard.o)
    0x08000d06   0x08000d06   0x0000008a   Code   RO         6282    .text               c_w.l(init_alloc.o)
    0x08000d90   0x08000d90   0x00000012   Code   RO         6288    .text               c_w.l(h1_init_mt.o)
    0x08000da2   0x08000da2   0x0000001a   Code   RO         6300    .text               c_w.l(tolower.o)
    0x08000dbc   0x08000dbc   0x000000b2   Code   RO         6302    .text               c_w.l(_printf_intcommon.o)
    0x08000e6e   0x08000e6e   0x00000002   PAD
    0x08000e70   0x08000e70   0x00000030   Code   RO         6304    .text               c_w.l(_printf_char_common.o)
    0x08000ea0   0x08000ea0   0x0000000a   Code   RO         6306    .text               c_w.l(_sputc.o)
    0x08000eaa   0x08000eaa   0x0000002c   Code   RO         6308    .text               c_w.l(_printf_char.o)
    0x08000ed6   0x08000ed6   0x00000002   PAD
    0x08000ed8   0x08000ed8   0x000000f8   Code   RO         6313    .text               c_w.l(fseek.o)
    0x08000fd0   0x08000fd0   0x000000f0   Code   RO         6315    .text               c_w.l(stdio.o)
    0x080010c0   0x080010c0   0x00000010   Code   RO         6388    .text               c_w.l(rt_ctype_table.o)
    0x080010d0   0x080010d0   0x0000003e   Code   RO         6398    .text               c_w.l(h1_extend_mt.o)
    0x0800110e   0x0800110e   0x00000042   Code   RO         6408    .text               c_w.l(ftell.o)
    0x08001150   0x08001150   0x000001c8   Code   RO         6416    .text               c_w.l(initio_locked.o)
    0x08001318   0x08001318   0x0000000e   Code   RO         6418    .text               c_w.l(defsig_rtmem_outer.o)
    0x08001326   0x08001326   0x00000002   Code   RO         6429    .text               c_w.l(use_no_semi.o)
    0x08001328   0x08001328   0x00000000   Code   RO         6431    .text               c_w.l(indicate_semi.o)
    0x08001328   0x08001328   0x0000004a   Code   RO         6432    .text               c_w.l(sys_stackheap_outer.o)
    0x08001372   0x08001372   0x0000000a   Code   RO         6441    .text               c_w.l(rt_locale_twolibspace.o)
    0x0800137c   0x0800137c   0x00000010   Code   RO         6443    .text               c_w.l(term_alloc.o)
    0x0800138c   0x0800138c   0x000001d6   Code   RO         6445    .text               c_w.l(flsbuf.o)
    0x08001562   0x08001562   0x00000068   Code   RO         6449    .text               c_w.l(setvbuf_locked.o)
    0x080015ca   0x080015ca   0x00000012   Code   RO         6454    .text               c_w.l(exit.o)
    0x080015dc   0x080015dc   0x0000000a   Code   RO         6456    .text               c_w.l(defsig_exit.o)
    0x080015e6   0x080015e6   0x0000000e   Code   RO         6462    .text               c_w.l(defsig_rtred_outer.o)
    0x080015f4   0x080015f4   0x00000050   Code   RO         6466    .text               c_w.l(defsig_rtmem_inner.o)
    0x08001644   0x08001644   0x0000000c   Code   RO         6496    .text               c_w.l(sys_exit.o)
    0x08001650   0x08001650   0x0000000a   Code   RO         6502    .text               c_w.l(h1_final_mt.o)
    0x0800165a   0x0800165a   0x00000002   PAD
    0x0800165c   0x0800165c   0x00000040   Code   RO         6504    .text               c_w.l(_printf_char_file_locked.o)
    0x0800169c   0x0800169c   0x00000032   Code   RO         6512    .text               c_w.l(defsig_general.o)
    0x080016ce   0x080016ce   0x00000002   PAD
    0x080016d0   0x080016d0   0x00000034   Code   RO         6516    .text               c_w.l(defsig_rtred_inner.o)
    0x08001704   0x08001704   0x0000000e   Code   RO         6520    .text               c_w.l(sys_wrch.o)
    0x08001712   0x08001712   0x00000040   Code   RO         5236    .text.MessageQueueGet  RTX_CM4F.lib(rtx_msgqueue.o)
    0x08001752   0x08001752   0x00000058   Code   RO         5230    .text.MessageQueuePut  RTX_CM4F.lib(rtx_msgqueue.o)
    0x080017aa   0x080017aa   0x0000001c   Code   RO         5228    .text.MessageQueueRemove  RTX_CM4F.lib(rtx_msgqueue.o)
    0x080017c6   0x080017c6   0x00000002   PAD
    0x080017c8   0x080017c8   0x0000000c   Code   RO         5768    .text.OS_Tick_AcknowledgeIRQ  RTX_CM4F.lib(os_systick.o)
    0x080017d4   0x080017d4   0x0000002c   Code   RO         5764    .text.OS_Tick_Enable  RTX_CM4F.lib(os_systick.o)
    0x08001800   0x08001800   0x0000000c   Code   RO         5772    .text.OS_Tick_GetClock  RTX_CM4F.lib(os_systick.o)
    0x0800180c   0x0800180c   0x00000010   Code   RO         5776    .text.OS_Tick_GetCount  RTX_CM4F.lib(os_systick.o)
    0x0800181c   0x0800181c   0x00000006   Code   RO         5770    .text.OS_Tick_GetIRQn  RTX_CM4F.lib(os_systick.o)
    0x08001822   0x08001822   0x00000002   PAD
    0x08001824   0x08001824   0x0000000c   Code   RO         5774    .text.OS_Tick_GetInterval  RTX_CM4F.lib(os_systick.o)
    0x08001830   0x08001830   0x00000010   Code   RO         5778    .text.OS_Tick_GetOverflow  RTX_CM4F.lib(os_systick.o)
    0x08001840   0x08001840   0x00000040   Code   RO         5762    .text.OS_Tick_Setup  RTX_CM4F.lib(os_systick.o)
    0x08001880   0x08001880   0x0000006e   Code   RO         4958    .text.ThreadFlagsCheck  RTX_CM4F.lib(rtx_thread.o)
    0x080018ee   0x080018ee   0x00000002   PAD
    0x080018f0   0x080018f0   0x00000048   Code   RO         5044    .text.TimerInsert   RTX_CM4F.lib(rtx_timer.o)
    0x08001938   0x08001938   0x00000028   Code   RO         5052    .text.TimerRemove   RTX_CM4F.lib(rtx_timer.o)
    0x08001960   0x08001960   0x00000024   Code   RO         5011    .text.osDelay       RTX_CM4F.lib(rtx_delay.o)
    0x08001984   0x08001984   0x00000030   Code   RO         4819    .text.osKernelGetState  RTX_CM4F.lib(rtx_kernel.o)
    0x080019b4   0x080019b4   0x00000024   Code   RO         4843    .text.osKernelGetSysTimerCount  RTX_CM4F.lib(rtx_kernel.o)
    0x080019d8   0x080019d8   0x00000024   Code   RO         4847    .text.osKernelGetSysTimerFreq  RTX_CM4F.lib(rtx_kernel.o)
    0x080019fc   0x080019fc   0x00000028   Code   RO         4835    .text.osKernelGetTickCount  RTX_CM4F.lib(rtx_kernel.o)
    0x08001a24   0x08001a24   0x0000002c   Code   RO         4813    .text.osKernelInitialize  RTX_CM4F.lib(rtx_kernel.o)
    0x08001a50   0x08001a50   0x00000024   Code   RO         4823    .text.osKernelStart  RTX_CM4F.lib(rtx_kernel.o)
    0x08001a74   0x08001a74   0x0000006c   Code   RO         5202    .text.osMessageQueueGet  RTX_CM4F.lib(rtx_msgqueue.o)
    0x08001ae0   0x08001ae0   0x00000024   Code   RO         5196    .text.osMessageQueueNew  RTX_CM4F.lib(rtx_msgqueue.o)
    0x08001b04   0x08001b04   0x00000078   Code   RO         5200    .text.osMessageQueuePut  RTX_CM4F.lib(rtx_msgqueue.o)
    0x08001b7c   0x08001b7c   0x00000024   Code   RO         5077    .text.osMutexAcquire  RTX_CM4F.lib(rtx_mutex.o)
    0x08001ba0   0x08001ba0   0x00000024   Code   RO         5083    .text.osMutexDelete  RTX_CM4F.lib(rtx_mutex.o)
    0x08001bc4   0x08001bc4   0x00000024   Code   RO         5073    .text.osMutexNew    RTX_CM4F.lib(rtx_mutex.o)
    0x08001be8   0x08001be8   0x00000024   Code   RO         5079    .text.osMutexRelease  RTX_CM4F.lib(rtx_mutex.o)
    0x08001c0c   0x08001c0c   0x00000002   Code   RO         4811    .text.osRtxKernelPreInit  RTX_CM4F.lib(rtx_kernel.o)
    0x08001c0e   0x08001c0e   0x00000070   Code   RO         5734    .text.osRtxMemoryAlloc  RTX_CM4F.lib(rtx_memory.o)
    0x08001c7e   0x08001c7e   0x00000046   Code   RO         5736    .text.osRtxMemoryFree  RTX_CM4F.lib(rtx_memory.o)
    0x08001cc4   0x08001cc4   0x0000003c   Code   RO         5732    .text.osRtxMemoryInit  RTX_CM4F.lib(rtx_memory.o)
    0x08001d00   0x08001d00   0x0000003a   Code   RO         5145    .text.osRtxMemoryPoolAlloc  RTX_CM4F.lib(rtx_mempool.o)
    0x08001d3a   0x08001d3a   0x0000004a   Code   RO         5147    .text.osRtxMemoryPoolFree  RTX_CM4F.lib(rtx_mempool.o)
    0x08001d84   0x08001d84   0x00000036   Code   RO         5143    .text.osRtxMemoryPoolInit  RTX_CM4F.lib(rtx_mempool.o)
    0x08001dba   0x08001dba   0x000000ba   Code   RO         5226    .text.osRtxMessageQueuePostProcess  RTX_CM4F.lib(rtx_msgqueue.o)
    0x08001e74   0x08001e74   0x00000048   Code   RO         5069    .text.osRtxMutexOwnerRelease  RTX_CM4F.lib(rtx_mutex.o)
    0x08001ebc   0x08001ebc   0x00000042   Code   RO         5071    .text.osRtxMutexOwnerRestore  RTX_CM4F.lib(rtx_mutex.o)
    0x08001efe   0x08001efe   0x00000002   PAD
    0x08001f00   0x08001f00   0x0000008c   Code   RO         5749    .text.osRtxPendSV_Handler  RTX_CM4F.lib(rtx_system.o)
    0x08001f8c   0x08001f8c   0x00000074   Code   RO         5751    .text.osRtxPostProcess  RTX_CM4F.lib(rtx_system.o)
    0x08002000   0x08002000   0x00000038   Code   RO         4898    .text.osRtxThreadBlock  RTX_CM4F.lib(rtx_thread.o)
    0x08002038   0x08002038   0x00000074   Code   RO         4906    .text.osRtxThreadDelayInsert  RTX_CM4F.lib(rtx_thread.o)
    0x080020ac   0x080020ac   0x0000003c   Code   RO         4902    .text.osRtxThreadDelayRemove  RTX_CM4F.lib(rtx_thread.o)
    0x080020e8   0x080020e8   0x0000004c   Code   RO         4886    .text.osRtxThreadDelayTick  RTX_CM4F.lib(rtx_thread.o)
    0x08002134   0x08002134   0x00000058   Code   RO         4896    .text.osRtxThreadDispatch  RTX_CM4F.lib(rtx_thread.o)
    0x0800218c   0x0800218c   0x00000058   Code   RO         4982    .text.osRtxThreadFree  RTX_CM4F.lib(rtx_thread.o)
    0x080021e4   0x080021e4   0x00000012   Code   RO         4878    .text.osRtxThreadListGet  RTX_CM4F.lib(rtx_thread.o)
    0x080021f6   0x080021f6   0x0000002c   Code   RO         4876    .text.osRtxThreadListPut  RTX_CM4F.lib(rtx_thread.o)
    0x08002222   0x08002222   0x00000014   Code   RO         4882    .text.osRtxThreadListRemove  RTX_CM4F.lib(rtx_thread.o)
    0x08002236   0x08002236   0x0000000c   Code   RO         4888    .text.osRtxThreadListRoot  RTX_CM4F.lib(rtx_thread.o)
    0x08002242   0x08002242   0x00000026   Code   RO         4880    .text.osRtxThreadListSort  RTX_CM4F.lib(rtx_thread.o)
    0x08002268   0x08002268   0x00000028   Code   RO         4956    .text.osRtxThreadPostProcess  RTX_CM4F.lib(rtx_thread.o)
    0x08002290   0x08002290   0x00000014   Code   RO         4884    .text.osRtxThreadReadyPut  RTX_CM4F.lib(rtx_thread.o)
    0x080022a4   0x080022a4   0x00000014   Code   RO         4890    .text.osRtxThreadRegPtr  RTX_CM4F.lib(rtx_thread.o)
    0x080022b8   0x080022b8   0x00000028   Code   RO         4894    .text.osRtxThreadStackCheck  RTX_CM4F.lib(rtx_thread.o)
    0x080022e0   0x080022e0   0x00000040   Code   RO         4908    .text.osRtxThreadStartup  RTX_CM4F.lib(rtx_thread.o)
    0x08002320   0x08002320   0x00000010   Code   RO         4892    .text.osRtxThreadSwitch  RTX_CM4F.lib(rtx_thread.o)
    0x08002330   0x08002330   0x00000038   Code   RO         4904    .text.osRtxThreadWaitEnter  RTX_CM4F.lib(rtx_thread.o)
    0x08002368   0x08002368   0x00000032   Code   RO         4900    .text.osRtxThreadWaitExit  RTX_CM4F.lib(rtx_thread.o)
    0x0800239a   0x0800239a   0x00000002   PAD
    0x0800239c   0x0800239c   0x00000070   Code   RO         5747    .text.osRtxTick_Handler  RTX_CM4F.lib(rtx_system.o)
    0x0800240c   0x0800240c   0x0000003c   Code   RO         5028    .text.osRtxTimerThread  RTX_CM4F.lib(rtx_timer.o)
    0x08002448   0x08002448   0x00000054   Code   RO         5030    .text.osRtxTimerTick  RTX_CM4F.lib(rtx_timer.o)
    0x0800249c   0x0800249c   0x0000000c   Code   RO         4940    .text.osThreadExit  RTX_CM4F.lib(rtx_thread.o)
    0x080024a8   0x080024a8   0x00000058   Code   RO         4948    .text.osThreadFlagsSet  RTX_CM4F.lib(rtx_thread.o)
    0x08002500   0x08002500   0x00000024   Code   RO         4954    .text.osThreadFlagsWait  RTX_CM4F.lib(rtx_thread.o)
    0x08002524   0x08002524   0x00000028   Code   RO         4916    .text.osThreadGetId  RTX_CM4F.lib(rtx_thread.o)
    0x0800254c   0x0800254c   0x00000024   Code   RO         4912    .text.osThreadNew   RTX_CM4F.lib(rtx_thread.o)
    0x08002570   0x08002570   0x00000024   Code   RO         5032    .text.osTimerNew    RTX_CM4F.lib(rtx_timer.o)
    0x08002594   0x08002594   0x00000024   Code   RO         5036    .text.osTimerStart  RTX_CM4F.lib(rtx_timer.o)
    0x080025b8   0x080025b8   0x00000014   Code   RO         5015    .text.svcRtxDelay   RTX_CM4F.lib(rtx_delay.o)
    0x080025cc   0x080025cc   0x0000000c   Code   RO         4821    .text.svcRtxKernelGetState  RTX_CM4F.lib(rtx_kernel.o)
    0x080025d8   0x080025d8   0x00000028   Code   RO         4845    .text.svcRtxKernelGetSysTimerCount  RTX_CM4F.lib(rtx_kernel.o)
    0x08002600   0x08002600   0x00000004   Code   RO         4849    .text.svcRtxKernelGetSysTimerFreq  RTX_CM4F.lib(rtx_kernel.o)
    0x08002604   0x08002604   0x0000000c   Code   RO         4837    .text.svcRtxKernelGetTickCount  RTX_CM4F.lib(rtx_kernel.o)
    0x08002610   0x08002610   0x00000150   Code   RO         4851    .text.svcRtxKernelInitialize  RTX_CM4F.lib(rtx_kernel.o)
    0x08002760   0x08002760   0x00000088   Code   RO         4853    .text.svcRtxKernelStart  RTX_CM4F.lib(rtx_kernel.o)
    0x080027e8   0x080027e8   0x000000e0   Code   RO         5238    .text.svcRtxMessageQueueGet  RTX_CM4F.lib(rtx_msgqueue.o)
    0x080028c8   0x080028c8   0x00000130   Code   RO         5224    .text.svcRtxMessageQueueNew  RTX_CM4F.lib(rtx_msgqueue.o)
    0x080029f8   0x080029f8   0x000000c0   Code   RO         5234    .text.svcRtxMessageQueuePut  RTX_CM4F.lib(rtx_msgqueue.o)
    0x08002ab8   0x08002ab8   0x00000094   Code   RO         5089    .text.svcRtxMutexAcquire  RTX_CM4F.lib(rtx_mutex.o)
    0x08002b4c   0x08002b4c   0x000000b0   Code   RO         5095    .text.svcRtxMutexDelete  RTX_CM4F.lib(rtx_mutex.o)
    0x08002bfc   0x08002bfc   0x00000068   Code   RO         5085    .text.svcRtxMutexNew  RTX_CM4F.lib(rtx_mutex.o)
    0x08002c64   0x08002c64   0x000000b4   Code   RO         5091    .text.svcRtxMutexRelease  RTX_CM4F.lib(rtx_mutex.o)
    0x08002d18   0x08002d18   0x00000068   Code   RO         4986    .text.svcRtxThreadExit  RTX_CM4F.lib(rtx_thread.o)
    0x08002d80   0x08002d80   0x00000066   Code   RO         4994    .text.svcRtxThreadFlagsSet  RTX_CM4F.lib(rtx_thread.o)
    0x08002de6   0x08002de6   0x00000002   PAD
    0x08002de8   0x08002de8   0x0000004c   Code   RO         5000    .text.svcRtxThreadFlagsWait  RTX_CM4F.lib(rtx_thread.o)
    0x08002e34   0x08002e34   0x0000000c   Code   RO         4918    .text.svcRtxThreadGetId  RTX_CM4F.lib(rtx_thread.o)
    0x08002e40   0x08002e40   0x000001d0   Code   RO         4910    .text.svcRtxThreadNew  RTX_CM4F.lib(rtx_thread.o)
    0x08003010   0x08003010   0x00000078   Code   RO         5046    .text.svcRtxTimerNew  RTX_CM4F.lib(rtx_timer.o)
    0x08003088   0x08003088   0x0000004c   Code   RO         5050    .text.svcRtxTimerStart  RTX_CM4F.lib(rtx_timer.o)
    0x080030d4   0x080030d4   0x0000001c   Code   RO          487    i.Buttons_GetState  buttons_f429discovery.o
    0x080030f0   0x080030f0   0x00000044   Code   RO          488    i.Buttons_Initialize  buttons_f429discovery.o
    0x08003134   0x08003134   0x00000014   Code   RO         1041    i.DMA1_Stream0_IRQHandler  usart_stm32f4xx.o
    0x08003148   0x08003148   0x00000014   Code   RO         1042    i.DMA1_Stream7_IRQHandler  usart_stm32f4xx.o
    0x0800315c   0x0800315c   0x00000014   Code   RO         1043    i.DMA2_Stream2_IRQHandler  usart_stm32f4xx.o
    0x08003170   0x08003170   0x00000014   Code   RO          851    i.DMA2_Stream3_IRQHandler  mci_stm32f4xx.o
    0x08003184   0x08003184   0x00000014   Code   RO          852    i.DMA2_Stream6_IRQHandler  mci_stm32f4xx.o
    0x08003198   0x08003198   0x00000014   Code   RO         1044    i.DMA2_Stream7_IRQHandler  usart_stm32f4xx.o
    0x080031ac   0x080031ac   0x00000034   Code   RO         2061    i.DMA_CalcBaseAndBitshift  stm32f4xx_hal_dma.o
    0x080031e0   0x080031e0   0x000000aa   Code   RO         2062    i.DMA_CheckFifoParam  stm32f4xx_hal_dma.o
    0x0800328a   0x0800328a   0x0000002c   Code   RO         2063    i.DMA_SetConfig     stm32f4xx_hal_dma.o
    0x080032b6   0x080032b6   0x0000003e   Code   RO          395    i.DataLoggerThread  thread.o
    0x080032f4   0x080032f4   0x00000184   Code   RO         1045    i.Enable_GPIO_Clock  usart_stm32f4xx.o
    0x08003478   0x08003478   0x00000028   Code   RO         1515    i.EventCheckFilter  eventrecorder.o
    0x080034a0   0x080034a0   0x0000003c   Code   RO         1516    i.EventGetTS        eventrecorder.o
    0x080034dc   0x080034dc   0x00000046   Code   RO         1517    i.EventRecord2      eventrecorder.o
    0x08003522   0x08003522   0x00000076   Code   RO         1518    i.EventRecord4      eventrecorder.o
    0x08003598   0x08003598   0x00000116   Code   RO         1519    i.EventRecordData   eventrecorder.o
    0x080036ae   0x080036ae   0x00000002   PAD
    0x080036b0   0x080036b0   0x000000d8   Code   RO         1520    i.EventRecordItem   eventrecorder.o
    0x08003788   0x08003788   0x0000000c   Code   RO         1527    i.EventRecorderTimerGetCount  eventrecorder.o
    0x08003794   0x08003794   0x0000000c   Code   RO         5823    i.EvrFsFAT_FileHandleInvalid  FS_Dbg_LFN_CM3_L.lib(fs_fat.o)
    0x080037a0   0x080037a0   0x0000000c   Code   RO         5825    i.EvrFsFAT_InvalidParameter  FS_Dbg_LFN_CM3_L.lib(fs_fat.o)
    0x080037ac   0x080037ac   0x00000018   Code   RO         5826    i.EvrFsFAT_NameCacheEntryInsert  FS_Dbg_LFN_CM3_L.lib(fs_fat.o)
    0x080037c4   0x080037c4   0x00000010   Code   RO         5827    i.EvrFsFAT_PathName  FS_Dbg_LFN_CM3_L.lib(fs_fat.o)
    0x080037d4   0x080037d4   0x00000016   Code   RO         5828    i.EvrFsFAT_SectorReadFailed  FS_Dbg_LFN_CM3_L.lib(fs_fat.o)
    0x080037ea   0x080037ea   0x00000016   Code   RO         5829    i.EvrFsFAT_SectorWriteFailed  FS_Dbg_LFN_CM3_L.lib(fs_fat.o)
    0x08003800   0x08003800   0x00000014   Code   RO         5327    i.EvrFsMcMCI_ReadXferSetupError  FS_Dbg_LFN_CM3_L.lib(fs_mc_mci.o)
    0x08003814   0x08003814   0x00000016   Code   RO         5328    i.EvrFsMcMCI_SendCommandError  FS_Dbg_LFN_CM3_L.lib(fs_mc_mci.o)
    0x0800382a   0x0800382a   0x00000014   Code   RO         5329    i.EvrFsMcMCI_WriteXferSetupError  FS_Dbg_LFN_CM3_L.lib(fs_mc_mci.o)
    0x0800383e   0x0800383e   0x00000002   PAD
    0x08003840   0x08003840   0x00000010   Code   RO         1530    i.GetContext        eventrecorder.o
    0x08003850   0x08003850   0x000000aa   Code   RO         2064    i.HAL_DMA_Abort     stm32f4xx_hal_dma.o
    0x080038fa   0x080038fa   0x00000070   Code   RO         2066    i.HAL_DMA_DeInit    stm32f4xx_hal_dma.o
    0x0800396a   0x0800396a   0x00000002   PAD
    0x0800396c   0x0800396c   0x00000240   Code   RO         2069    i.HAL_DMA_IRQHandler  stm32f4xx_hal_dma.o
    0x08003bac   0x08003bac   0x000000ec   Code   RO         2070    i.HAL_DMA_Init      stm32f4xx_hal_dma.o
    0x08003c98   0x08003c98   0x00000092   Code   RO         2074    i.HAL_DMA_Start_IT  stm32f4xx_hal_dma.o
    0x08003d2a   0x08003d2a   0x00000002   PAD
    0x08003d2c   0x08003d2c   0x00000180   Code   RO         2208    i.HAL_GPIO_DeInit   stm32f4xx_hal_gpio.o
    0x08003eac   0x08003eac   0x0000021c   Code   RO         2211    i.HAL_GPIO_Init     stm32f4xx_hal_gpio.o
    0x080040c8   0x080040c8   0x00000010   Code   RO         2213    i.HAL_GPIO_ReadPin  stm32f4xx_hal_gpio.o
    0x080040d8   0x080040d8   0x0000000c   Code   RO         2215    i.HAL_GPIO_WritePin  stm32f4xx_hal_gpio.o
    0x080040e4   0x080040e4   0x0000004c   Code   RO            5    i.HAL_GetTick       main.o
    0x08004130   0x08004130   0x00000030   Code   RO         1745    i.HAL_Init          stm32f4xx_hal.o
    0x08004160   0x08004160   0x0000004c   Code   RO         1746    i.HAL_InitTick      stm32f4xx_hal.o
    0x080041ac   0x080041ac   0x00000002   Code   RO         1748    i.HAL_MspInit       stm32f4xx_hal.o
    0x080041ae   0x080041ae   0x00000002   PAD
    0x080041b0   0x080041b0   0x00000024   Code   RO         1924    i.HAL_NVIC_ClearPendingIRQ  stm32f4xx_hal_cortex.o
    0x080041d4   0x080041d4   0x0000002c   Code   RO         1925    i.HAL_NVIC_DisableIRQ  stm32f4xx_hal_cortex.o
    0x08004200   0x08004200   0x00000028   Code   RO         1926    i.HAL_NVIC_EnableIRQ  stm32f4xx_hal_cortex.o
    0x08004228   0x08004228   0x0000007c   Code   RO         1932    i.HAL_NVIC_SetPriority  stm32f4xx_hal_cortex.o
    0x080042a4   0x080042a4   0x00000028   Code   RO         1933    i.HAL_NVIC_SetPriorityGrouping  stm32f4xx_hal_cortex.o
    0x080042cc   0x080042cc   0x0000000c   Code   RO         2472    i.HAL_RCC_GetHCLKFreq  stm32f4xx_hal_rcc.o
    0x080042d8   0x080042d8   0x00000020   Code   RO         2474    i.HAL_RCC_GetPCLK1Freq  stm32f4xx_hal_rcc.o
    0x080042f8   0x080042f8   0x00000020   Code   RO         2475    i.HAL_RCC_GetPCLK2Freq  stm32f4xx_hal_rcc.o
    0x08004318   0x08004318   0x00000034   Code   RO         1937    i.HAL_SYSTICK_Config  stm32f4xx_hal_cortex.o
    0x0800434c   0x0800434c   0x00000034   Code   RO         2636    i.HAL_TIM_Base_Init  stm32f4xx_hal_tim.o
    0x08004380   0x08004380   0x00000002   Code   RO         2638    i.HAL_TIM_Base_MspInit  stm32f4xx_hal_tim.o
    0x08004382   0x08004382   0x00000002   PAD
    0x08004384   0x08004384   0x000000a4   Code   RO          161    i.HAL_TIM_Base_MspInitMy  mbethreadcycleb.o
    0x08004428   0x08004428   0x0000002a   Code   RO         2641    i.HAL_TIM_Base_Start_IT  stm32f4xx_hal_tim.o
    0x08004452   0x08004452   0x00000002   PAD
    0x08004454   0x08004454   0x00000028   Code   RO          396    i.Init_DataLoggerThread  thread.o
    0x0800447c   0x0800447c   0x00000044   Code   RO          452    i.Init_Timers       timer.o
    0x080044c0   0x080044c0   0x0000004c   Code   RO          529    i.LED_Initialize    led_f429discovery.o
    0x0800450c   0x0800450c   0x0000002c   Code   RO          530    i.LED_Off           led_f429discovery.o
    0x08004538   0x08004538   0x0000002c   Code   RO          531    i.LED_On            led_f429discovery.o
    0x08004564   0x08004564   0x0000001a   Code   RO          973    i.OTG_FS_IRQHandler  otg_fs_stm32f4xx.o
    0x0800457e   0x0800457e   0x00000002   PAD
    0x08004580   0x08004580   0x0000028c   Code   RO          862    i.SDIO_IRQHandler   mci_stm32f4xx.o
    0x0800480c   0x0800480c   0x0000001c   Code   RO         3847    i.SystemInit        system_stm32f4xx.o
    0x08004828   0x08004828   0x00000018   Code   RO          353    i.TIM3_IRQHandler   mbethreadsimserver.o
    0x08004840   0x08004840   0x00000060   Code   RO          162    i.TIM4_IRQHandler   mbethreadcycleb.o
    0x080048a0   0x080048a0   0x000000d8   Code   RO         2724    i.TIM_Base_SetConfig  stm32f4xx_hal_tim.o
    0x08004978   0x08004978   0x00000064   Code   RO          453    i.Timer2_Callback   timer.o
    0x080049dc   0x080049dc   0x00000010   Code   RO         1046    i.UART5_IRQHandler  usart_stm32f4xx.o
    0x080049ec   0x080049ec   0x00000010   Code   RO         1047    i.UART5_RX_DMA_Complete  usart_stm32f4xx.o
    0x080049fc   0x080049fc   0x00000010   Code   RO         1048    i.UART5_TX_DMA_Complete  usart_stm32f4xx.o
    0x08004a0c   0x08004a0c   0x00000018   Code   RO         1049    i.USART1_Control    usart_stm32f4xx.o
    0x08004a24   0x08004a24   0x00000010   Code   RO         1050    i.USART1_GetCapabilities  usart_stm32f4xx.o
    0x08004a34   0x08004a34   0x00000010   Code   RO         1051    i.USART1_GetModemStatus  usart_stm32f4xx.o
    0x08004a44   0x08004a44   0x00000010   Code   RO         1052    i.USART1_GetRxCount  usart_stm32f4xx.o
    0x08004a54   0x08004a54   0x00000010   Code   RO         1053    i.USART1_GetStatus  usart_stm32f4xx.o
    0x08004a64   0x08004a64   0x00000010   Code   RO         1054    i.USART1_GetTxCount  usart_stm32f4xx.o
    0x08004a74   0x08004a74   0x00000010   Code   RO         1055    i.USART1_IRQHandler  usart_stm32f4xx.o
    0x08004a84   0x08004a84   0x00000014   Code   RO         1056    i.USART1_Initialize  usart_stm32f4xx.o
    0x08004a98   0x08004a98   0x00000014   Code   RO         1057    i.USART1_PowerControl  usart_stm32f4xx.o
    0x08004aac   0x08004aac   0x00000010   Code   RO         1058    i.USART1_RX_DMA_Complete  usart_stm32f4xx.o
    0x08004abc   0x08004abc   0x00000018   Code   RO         1059    i.USART1_Receive    usart_stm32f4xx.o
    0x08004ad4   0x08004ad4   0x00000018   Code   RO         1060    i.USART1_Send       usart_stm32f4xx.o
    0x08004aec   0x08004aec   0x00000014   Code   RO         1061    i.USART1_SetModemControl  usart_stm32f4xx.o
    0x08004b00   0x08004b00   0x00000010   Code   RO         1062    i.USART1_TX_DMA_Complete  usart_stm32f4xx.o
    0x08004b10   0x08004b10   0x0000001c   Code   RO         1063    i.USART1_Transfer   usart_stm32f4xx.o
    0x08004b2c   0x08004b2c   0x00000010   Code   RO         1064    i.USART1_Uninitialize  usart_stm32f4xx.o
    0x08004b3c   0x08004b3c   0x00000018   Code   RO         1065    i.USART5_Control    usart_stm32f4xx.o
    0x08004b54   0x08004b54   0x00000010   Code   RO         1066    i.USART5_GetCapabilities  usart_stm32f4xx.o
    0x08004b64   0x08004b64   0x00000010   Code   RO         1067    i.USART5_GetModemStatus  usart_stm32f4xx.o
    0x08004b74   0x08004b74   0x00000010   Code   RO         1068    i.USART5_GetRxCount  usart_stm32f4xx.o
    0x08004b84   0x08004b84   0x00000010   Code   RO         1069    i.USART5_GetStatus  usart_stm32f4xx.o
    0x08004b94   0x08004b94   0x00000010   Code   RO         1070    i.USART5_GetTxCount  usart_stm32f4xx.o
    0x08004ba4   0x08004ba4   0x00000014   Code   RO         1071    i.USART5_Initialize  usart_stm32f4xx.o
    0x08004bb8   0x08004bb8   0x00000014   Code   RO         1072    i.USART5_PowerControl  usart_stm32f4xx.o
    0x08004bcc   0x08004bcc   0x00000018   Code   RO         1073    i.USART5_Receive    usart_stm32f4xx.o
    0x08004be4   0x08004be4   0x00000018   Code   RO         1074    i.USART5_Send       usart_stm32f4xx.o
    0x08004bfc   0x08004bfc   0x00000014   Code   RO         1075    i.USART5_SetModemControl  usart_stm32f4xx.o
    0x08004c10   0x08004c10   0x0000001c   Code   RO         1076    i.USART5_Transfer   usart_stm32f4xx.o
    0x08004c2c   0x08004c2c   0x00000010   Code   RO         1077    i.USART5_Uninitialize  usart_stm32f4xx.o
    0x08004c3c   0x08004c3c   0x000008ec   Code   RO         1078    i.USART_Control     usart_stm32f4xx.o
    0x08005528   0x08005528   0x00000006   Code   RO         1079    i.USART_GetCapabilities  usart_stm32f4xx.o
    0x0800552e   0x0800552e   0x00000052   Code   RO         1080    i.USART_GetModemStatus  usart_stm32f4xx.o
    0x08005580   0x08005580   0x0000001c   Code   RO         1081    i.USART_GetRxCount  usart_stm32f4xx.o
    0x0800559c   0x0800559c   0x00000076   Code   RO         1082    i.USART_GetStatus   usart_stm32f4xx.o
    0x08005612   0x08005612   0x0000001c   Code   RO         1083    i.USART_GetTxCount  usart_stm32f4xx.o
    0x0800562e   0x0800562e   0x00000272   Code   RO         1084    i.USART_IRQHandler  usart_stm32f4xx.o
    0x080058a0   0x080058a0   0x000001ec   Code   RO         1085    i.USART_Initialize  usart_stm32f4xx.o
    0x08005a8c   0x08005a8c   0x0000019c   Code   RO         1086    i.USART_PeripheralReset  usart_stm32f4xx.o
    0x08005c28   0x08005c28   0x000003d4   Code   RO         1087    i.USART_PowerControl  usart_stm32f4xx.o
    0x08005ffc   0x08005ffc   0x00000084   Code   RO         1088    i.USART_RX_DMA_Complete  usart_stm32f4xx.o
    0x08006080   0x08006080   0x00000148   Code   RO         1089    i.USART_Receive     usart_stm32f4xx.o
    0x080061c8   0x080061c8   0x0000011a   Code   RO         1090    i.USART_Send        usart_stm32f4xx.o
    0x080062e2   0x080062e2   0x0000008c   Code   RO         1091    i.USART_SetModemControl  usart_stm32f4xx.o
    0x0800636e   0x0800636e   0x0000004c   Code   RO         1092    i.USART_TX_DMA_Complete  usart_stm32f4xx.o
    0x080063ba   0x080063ba   0x0000006a   Code   RO         1093    i.USART_Transfer    usart_stm32f4xx.o
    0x08006424   0x08006424   0x0000006a   Code   RO         1094    i.USART_Uninitialize  usart_stm32f4xx.o
    0x0800648e   0x0800648e   0x00000002   PAD
    0x08006490   0x08006490   0x00000010   Code   RO         1095    i.USARTx_GetVersion  usart_stm32f4xx.o
    0x080064a0   0x080064a0   0x00000028   Code   RO         1366    i.USBD_DeviceSetAddress  usbd_fs_stm32f4xx.o
    0x080064c8   0x080064c8   0x000000bc   Code   RO         1368    i.USBD_EndpointReadSet  usbd_fs_stm32f4xx.o
    0x08006584   0x08006584   0x0000062c   Code   RO         1374    i.USBD_FS_IRQ       usbd_fs_stm32f4xx.o
    0x08006bb0   0x08006bb0   0x00000064   Code   RO         1375    i.USBD_FlushInEpFifo  usbd_fs_stm32f4xx.o
    0x08006c14   0x08006c14   0x0000001c   Code   RO         1377    i.USBD_GetFrameNumber  usbd_fs_stm32f4xx.o
    0x08006c30   0x08006c30   0x000000dc   Code   RO         1381    i.USBD_ReadFromFifo  usbd_fs_stm32f4xx.o
    0x08006d0c   0x08006d0c   0x000000f8   Code   RO         1383    i.USBD_Reset        usbd_fs_stm32f4xx.o
    0x08006e04   0x08006e04   0x00000104   Code   RO         1385    i.USBD_WriteToFifo  usbd_fs_stm32f4xx.o
    0x08006f08   0x08006f08   0x0000001c   Code   RO         1096    i.__NVIC_ClearPendingIRQ  usart_stm32f4xx.o
    0x08006f24   0x08006f24   0x00000022   Code   RO         1097    i.__NVIC_EnableIRQ  usart_stm32f4xx.o
    0x08006f46   0x08006f46   0x00000002   PAD
    0x08006f48   0x08006f48   0x00000010   Code   RO         1939    i.__NVIC_GetPriorityGrouping  stm32f4xx_hal_cortex.o
    0x08006f58   0x08006f58   0x00000028   Code   RO         1940    i.__NVIC_SetPriority  stm32f4xx_hal_cortex.o
    0x08006f80   0x08006f80   0x00000080   Code   RO         5413    i.__sys_close       FS_Dbg_LFN_CM3_L.lib(fs_sys.o)
    0x08007000   0x08007000   0x00000080   Code   RO         5415    i.__sys_flen        FS_Dbg_LFN_CM3_L.lib(fs_sys.o)
    0x08007080   0x08007080   0x000000b8   Code   RO         5416    i.__sys_open        FS_Dbg_LFN_CM3_L.lib(fs_sys.o)
    0x08007138   0x08007138   0x00000088   Code   RO         5418    i.__sys_seek        FS_Dbg_LFN_CM3_L.lib(fs_sys.o)
    0x080071c0   0x080071c0   0x00000090   Code   RO         5419    i.__sys_write       FS_Dbg_LFN_CM3_L.lib(fs_sys.o)
    0x08007250   0x08007250   0x00000058   Code   RO          722    i.__user_perthread_libspace  rtx_lib.o
    0x080072a8   0x080072a8   0x0000000e   Code   RO         6220    i._is_digit         c_w.l(__printf_wp.o)
    0x080072b6   0x080072b6   0x00000016   Code   RO          723    i._mutex_acquire    rtx_lib.o
    0x080072cc   0x080072cc   0x0000000c   Code   RO          724    i._mutex_free       rtx_lib.o
    0x080072d8   0x080072d8   0x00000022   Code   RO          725    i._mutex_initialize  rtx_lib.o
    0x080072fa   0x080072fa   0x00000012   Code   RO          726    i._mutex_release    rtx_lib.o
    0x0800730c   0x0800730c   0x00000008   Code   RO          727    i._platform_post_stackheap_init  rtx_lib.o
    0x08007314   0x08007314   0x0000002a   Code   RO         1640    i._sys_close        retarget_io.o
    0x0800733e   0x0800733e   0x0000002a   Code   RO         1641    i._sys_flen         retarget_io.o
    0x08007368   0x08007368   0x00000024   Code   RO         1642    i._sys_istty        retarget_io.o
    0x0800738c   0x0800738c   0x0000006c   Code   RO         1643    i._sys_open         retarget_io.o
    0x080073f8   0x080073f8   0x00000034   Code   RO         1645    i._sys_seek         retarget_io.o
    0x0800742c   0x0800742c   0x0000003a   Code   RO         1646    i._sys_write        retarget_io.o
    0x08007466   0x08007466   0x00000076   Code   RO         5831    i.alloc_clus        FS_Dbg_LFN_CM3_L.lib(fs_fat.o)
    0x080074dc   0x080074dc   0x0000009a   Code   RO         5832    i.alloc_table_read  FS_Dbg_LFN_CM3_L.lib(fs_fat.o)
    0x08007576   0x08007576   0x00000002   PAD
    0x08007578   0x08007578   0x000000dc   Code   RO         5833    i.alloc_table_write  FS_Dbg_LFN_CM3_L.lib(fs_fat.o)
    0x08007654   0x08007654   0x000000f0   Code   RO            7    i.app_main          main.o
    0x08007744   0x08007744   0x000000b8   Code   RO         5836    i.cache_fat         FS_Dbg_LFN_CM3_L.lib(fs_fat.o)
    0x080077fc   0x080077fc   0x00000060   Code   RO         5837    i.char_validate     FS_Dbg_LFN_CM3_L.lib(fs_fat.o)
    0x0800785c   0x0800785c   0x00000044   Code   RO         5838    i.clear_clus        FS_Dbg_LFN_CM3_L.lib(fs_fat.o)
    0x080078a0   0x080078a0   0x00000024   Code   RO         5839    i.clus_to_sect      FS_Dbg_LFN_CM3_L.lib(fs_fat.o)
    0x080078c4   0x080078c4   0x000000d4   Code   RO         5840    i.create_dot_entries  FS_Dbg_LFN_CM3_L.lib(fs_fat.o)
    0x08007998   0x08007998   0x000000e4   Code   RO         5841    i.create_lfn_entry  FS_Dbg_LFN_CM3_L.lib(fs_fat.o)
    0x08007a7c   0x08007a7c   0x0000008a   Code   RO         5842    i.create_sfn_entry  FS_Dbg_LFN_CM3_L.lib(fs_fat.o)
    0x08007b06   0x08007b06   0x00000004   Code   RO         3884    i.efs_close         fs_config.o
    0x08007b0a   0x08007b0a   0x00000006   Code   RO         3888    i.efs_flen          fs_config.o
    0x08007b10   0x08007b10   0x00000006   Code   RO         3892    i.efs_handle_get    fs_config.o
    0x08007b16   0x08007b16   0x00000004   Code   RO         3896    i.efs_open          fs_config.o
    0x08007b1a   0x08007b1a   0x00000004   Code   RO         3899    i.efs_seek          fs_config.o
    0x08007b1e   0x08007b1e   0x00000006   Code   RO         3902    i.efs_write         fs_config.o
    0x08007b24   0x08007b24   0x00000004   Code   RO         3903    i.elink_cmd         fs_config.o
    0x08007b28   0x08007b28   0x00000004   Code   RO         3905    i.elink_dir         fs_config.o
    0x08007b2c   0x08007b2c   0x00000004   Code   RO         3907    i.elink_insert      fs_config.o
    0x08007b30   0x08007b30   0x00000004   Code   RO         3908    i.elink_scan        fs_config.o
    0x08007b34   0x08007b34   0x00000038   Code   RO         5843    i.entry_flush       FS_Dbg_LFN_CM3_L.lib(fs_fat.o)
    0x08007b6c   0x08007b6c   0x0000001c   Code   RO         5844    i.entry_pos_comp    FS_Dbg_LFN_CM3_L.lib(fs_fat.o)
    0x08007b88   0x08007b88   0x00000060   Code   RO         5845    i.entry_pos_inc     FS_Dbg_LFN_CM3_L.lib(fs_fat.o)
    0x08007be8   0x08007be8   0x00000044   Code   RO         5846    i.entry_read        FS_Dbg_LFN_CM3_L.lib(fs_fat.o)
    0x08007c2c   0x08007c2c   0x0000002e   Code   RO         5847    i.entry_type        FS_Dbg_LFN_CM3_L.lib(fs_fat.o)
    0x08007c5a   0x08007c5a   0x00000002   PAD
    0x08007c5c   0x08007c5c   0x0000014c   Code   RO         5852    i.fat_close         FS_Dbg_LFN_CM3_L.lib(fs_fat.o)
    0x08007da8   0x08007da8   0x00000030   Code   RO         5853    i.fat_crc32         FS_Dbg_LFN_CM3_L.lib(fs_fat.o)
    0x08007dd8   0x08007dd8   0x00000020   Code   RO         5857    i.fat_flen          FS_Dbg_LFN_CM3_L.lib(fs_fat.o)
    0x08007df8   0x08007df8   0x0000004c   Code   RO         5861    i.fat_handle_get    FS_Dbg_LFN_CM3_L.lib(fs_fat.o)
    0x08007e44   0x08007e44   0x00000238   Code   RO         5869    i.fat_open          FS_Dbg_LFN_CM3_L.lib(fs_fat.o)
    0x0800807c   0x0800807c   0x00000234   Code   RO         5874    i.fat_seek          FS_Dbg_LFN_CM3_L.lib(fs_fat.o)
    0x080082b0   0x080082b0   0x000000d4   Code   RO         5880    i.fat_vol_chk       FS_Dbg_LFN_CM3_L.lib(fs_fat.o)
    0x08008384   0x08008384   0x000001dc   Code   RO         5881    i.fat_write         FS_Dbg_LFN_CM3_L.lib(fs_fat.o)
    0x08008560   0x08008560   0x00000058   Code   RO         5882    i.file_locked       FS_Dbg_LFN_CM3_L.lib(fs_fat.o)
    0x080085b8   0x080085b8   0x00000076   Code   RO         5330    i.fill_cid          FS_Dbg_LFN_CM3_L.lib(fs_mc_mci.o)
    0x0800862e   0x0800862e   0x0000002c   Code   RO         5884    i.format_date       FS_Dbg_LFN_CM3_L.lib(fs_fat.o)
    0x0800865a   0x0800865a   0x0000002e   Code   RO         5885    i.format_time       FS_Dbg_LFN_CM3_L.lib(fs_fat.o)
    0x08008688   0x08008688   0x0000001a   Code   RO         6405    i.fputc             c_w.l(fputc.o)
    0x080086a2   0x080086a2   0x000000bc   Code   RO         5886    i.frec_allocate     FS_Dbg_LFN_CM3_L.lib(fs_fat.o)
    0x0800875e   0x0800875e   0x00000002   PAD
    0x08008760   0x08008760   0x00000228   Code   RO         5889    i.frec_find         FS_Dbg_LFN_CM3_L.lib(fs_fat.o)
    0x08008988   0x08008988   0x00000094   Code   RO         5890    i.frec_find_elink   FS_Dbg_LFN_CM3_L.lib(fs_fat.o)
    0x08008a1c   0x08008a1c   0x000000cc   Code   RO         5792    i.fs_drive_id       FS_Dbg_LFN_CM3_L.lib(fs_common.o)
    0x08008ae8   0x08008ae8   0x00000004   Code   RO         3914    i.fs_get_sys_tick   fs_config.o
    0x08008aec   0x08008aec   0x0000001c   Code   RO         3915    i.fs_get_sys_tick_us  fs_config.o
    0x08008b08   0x08008b08   0x0000001a   Code   RO         6110    i.fs_get_time       FS_Dbg_LFN_CM3_L.lib(fs_time.o)
    0x08008b22   0x08008b22   0x00000004   Code   RO         5331    i.fs_mc_lock_unlock  FS_Dbg_LFN_CM3_L.lib(fs_mc_mci.o)
    0x08008b26   0x08008b26   0x00000012   Code   RO         3916    i.fs_mutex_acquire  fs_config.o
    0x08008b38   0x08008b38   0x00000010   Code   RO         3919    i.fs_mutex_release  fs_config.o
    0x08008b48   0x08008b48   0x0000000a   Code   RO         3920    i.fs_set_rtos_delay  fs_config.o
    0x08008b52   0x08008b52   0x00000002   PAD
    0x08008b54   0x08008b54   0x00000070   Code   RO         5893    i.fsinfo_write      FS_Dbg_LFN_CM3_L.lib(fs_fat.o)
    0x08008bc4   0x08008bc4   0x00000004   Code   RO         3923    i.fsj_write         fs_config.o
    0x08008bc8   0x08008bc8   0x0000003c   Code   RO          454    i.getTimestamp      timer.o
    0x08008c04   0x08008c04   0x00000022   Code   RO         5894    i.get_EOC           FS_Dbg_LFN_CM3_L.lib(fs_fat.o)
    0x08008c26   0x08008c26   0x00000002   PAD
    0x08008c28   0x08008c28   0x000000a0   Code   RO         5332    i.get_block_number  FS_Dbg_LFN_CM3_L.lib(fs_mc_mci.o)
    0x08008cc8   0x08008cc8   0x00000032   Code   RO         5896    i.get_fat_sect      FS_Dbg_LFN_CM3_L.lib(fs_fat.o)
    0x08008cfa   0x08008cfa   0x00000010   Code   RO         5897    i.get_root_clus     FS_Dbg_LFN_CM3_L.lib(fs_fat.o)
    0x08008d0a   0x08008d0a   0x00000010   Code   RO         5797    i.get_u16           FS_Dbg_LFN_CM3_L.lib(fs_common.o)
    0x08008d1a   0x08008d1a   0x00000016   Code   RO         5798    i.get_u32           FS_Dbg_LFN_CM3_L.lib(fs_common.o)
    0x08008d30   0x08008d30   0x00000020   Code   RO         5908    i.lfn_char_cnt      FS_Dbg_LFN_CM3_L.lib(fs_fat.o)
    0x08008d50   0x08008d50   0x00000004   Code   RO         5909    i.link_clus         FS_Dbg_LFN_CM3_L.lib(fs_fat.o)
    0x08008d54   0x08008d54   0x00000090   Code   RO          397    i.logButtonState    thread.o
    0x08008de4   0x08008de4   0x00000028   Code   RO         5910    i.long_ent_hash     FS_Dbg_LFN_CM3_L.lib(fs_fat.o)
    0x08008e0c   0x08008e0c   0x00000020   Code   RO            8    i.main              main.o
    0x08008e2c   0x08008e2c   0x0000000c   Code   RO          335    i.mbeThreadAdminb   mbethreadadminb.o
    0x08008e38   0x08008e38   0x0000000c   Code   RO          275    i.mbeThreadBSDListenb  mbethreadbsdlistenb.o
    0x08008e44   0x08008e44   0x000001e0   Code   RO          163    i.mbeThreadCycleb   mbethreadcycleb.o
    0x08009024   0x08009024   0x0000000c   Code   RO          320    i.mbeThreadDIOb     mbethreaddiob.o
    0x08009030   0x08009030   0x0000000c   Code   RO          245    i.mbeThreadDispatcherForLOGb  mbethreaddispatcherforlogb.o
    0x0800903c   0x0800903c   0x0000000c   Code   RO          230    i.mbeThreadDispatcherForServerb  mbethreaddispatcherforserverb.o
    0x08009048   0x08009048   0x00000090   Code   RO          354    i.mbeThreadSIMServer  mbethreadsimserver.o
    0x080090d8   0x080090d8   0x0000000c   Code   RO          290    i.mbeThreadTCPIPServerb  mbethreadtcpipserverb.o
    0x080090e4   0x080090e4   0x0000000c   Code   RO          305    i.mbeThreadUSBServerb  mbethreadusbserverb.o
    0x080090f0   0x080090f0   0x0000000c   Code   RO         3924    i.mc0_DevCtrl       fs_config.o
    0x080090fc   0x080090fc   0x0000000c   Code   RO         3925    i.mc0_Init          fs_config.o
    0x08009108   0x08009108   0x0000000c   Code   RO         3926    i.mc0_RdInfo        fs_config.o
    0x08009114   0x08009114   0x0000000c   Code   RO         3927    i.mc0_RdSect        fs_config.o
    0x08009120   0x08009120   0x0000000c   Code   RO         3928    i.mc0_UnInit        fs_config.o
    0x0800912c   0x0800912c   0x0000000c   Code   RO         3929    i.mc0_WrSect        fs_config.o
    0x08009138   0x08009138   0x0000016c   Code   RO         5333    i.mc_control_lock   FS_Dbg_LFN_CM3_L.lib(fs_mc_mci.o)
    0x080092a4   0x080092a4   0x000000d0   Code   RO         5334    i.mc_control_sleep  FS_Dbg_LFN_CM3_L.lib(fs_mc_mci.o)
    0x08009374   0x08009374   0x00000046   Code   RO         5335    i.mc_enable_acmd    FS_Dbg_LFN_CM3_L.lib(fs_mc_mci.o)
    0x080093ba   0x080093ba   0x00000002   PAD
    0x080093bc   0x080093bc   0x0000018c   Code   RO         5336    i.mc_mci_DevCtrl    FS_Dbg_LFN_CM3_L.lib(fs_mc_mci.o)
    0x08009548   0x08009548   0x00000128   Code   RO         5338    i.mc_mci_Init       FS_Dbg_LFN_CM3_L.lib(fs_mc_mci.o)
    0x08009670   0x08009670   0x00000050   Code   RO         5339    i.mc_mci_ReadInfo   FS_Dbg_LFN_CM3_L.lib(fs_mc_mci.o)
    0x080096c0   0x080096c0   0x00000170   Code   RO         5340    i.mc_mci_ReadSector  FS_Dbg_LFN_CM3_L.lib(fs_mc_mci.o)
    0x08009830   0x08009830   0x00000064   Code   RO         5341    i.mc_mci_UnInit     FS_Dbg_LFN_CM3_L.lib(fs_mc_mci.o)
    0x08009894   0x08009894   0x00000188   Code   RO         5342    i.mc_mci_WriteSector  FS_Dbg_LFN_CM3_L.lib(fs_mc_mci.o)
    0x08009a1c   0x08009a1c   0x000005b8   Code   RO         5343    i.mc_native_init    FS_Dbg_LFN_CM3_L.lib(fs_mc_mci.o)
    0x08009fd4   0x08009fd4   0x0000003e   Code   RO         5344    i.mc_read_status    FS_Dbg_LFN_CM3_L.lib(fs_mc_mci.o)
    0x0800a012   0x0800a012   0x00000002   PAD
    0x0800a014   0x0800a014   0x000000e8   Code   RO         5345    i.mc_select_bus_width  FS_Dbg_LFN_CM3_L.lib(fs_mc_mci.o)
    0x0800a0fc   0x0800a0fc   0x0000004c   Code   RO         5346    i.mc_select_deselect  FS_Dbg_LFN_CM3_L.lib(fs_mc_mci.o)
    0x0800a148   0x0800a148   0x000000e8   Code   RO         5347    i.mc_select_tran_state  FS_Dbg_LFN_CM3_L.lib(fs_mc_mci.o)
    0x0800a230   0x0800a230   0x00000070   Code   RO         5348    i.mc_send_ext_csd   FS_Dbg_LFN_CM3_L.lib(fs_mc_mci.o)
    0x0800a2a0   0x0800a2a0   0x00000046   Code   RO         5349    i.mc_set_block_len  FS_Dbg_LFN_CM3_L.lib(fs_mc_mci.o)
    0x0800a2e6   0x0800a2e6   0x0000004c   Code   RO         5350    i.mc_sleep_awake    FS_Dbg_LFN_CM3_L.lib(fs_mc_mci.o)
    0x0800a332   0x0800a332   0x0000003c   Code   RO         5351    i.mc_stop_transmission  FS_Dbg_LFN_CM3_L.lib(fs_mc_mci.o)
    0x0800a36e   0x0800a36e   0x00000046   Code   RO         5352    i.mc_switch         FS_Dbg_LFN_CM3_L.lib(fs_mc_mci.o)
    0x0800a3b4   0x0800a3b4   0x00000090   Code   RO         5353    i.mc_switch_func    FS_Dbg_LFN_CM3_L.lib(fs_mc_mci.o)
    0x0800a444   0x0800a444   0x00000030   Code   RO         5354    i.mc_wfe            FS_Dbg_LFN_CM3_L.lib(fs_mc_mci.o)
    0x0800a474   0x0800a474   0x0000000a   Code   RO         5355    i.mci_bus_speed     FS_Dbg_LFN_CM3_L.lib(fs_mc_mci.o)
    0x0800a47e   0x0800a47e   0x00000016   Code   RO         5356    i.mci_bus_speed_mode  FS_Dbg_LFN_CM3_L.lib(fs_mc_mci.o)
    0x0800a494   0x0800a494   0x00000016   Code   RO         5357    i.mci_bus_width     FS_Dbg_LFN_CM3_L.lib(fs_mc_mci.o)
    0x0800a4aa   0x0800a4aa   0x0000003e   Code   RO         5358    i.mci_card_power    FS_Dbg_LFN_CM3_L.lib(fs_mc_mci.o)
    0x0800a4e8   0x0800a4e8   0x00000016   Code   RO         5359    i.mci_cmd_bus_mode  FS_Dbg_LFN_CM3_L.lib(fs_mc_mci.o)
    0x0800a4fe   0x0800a4fe   0x0000001e   Code   RO         5360    i.mci_data_timeout  FS_Dbg_LFN_CM3_L.lib(fs_mc_mci.o)
    0x0800a51c   0x0800a51c   0x00000016   Code   RO         5361    i.mci_idle_clock    FS_Dbg_LFN_CM3_L.lib(fs_mc_mci.o)
    0x0800a532   0x0800a532   0x00000002   PAD
    0x0800a534   0x0800a534   0x0000008c   Code   RO         5362    i.mci_update_sw_state  FS_Dbg_LFN_CM3_L.lib(fs_mc_mci.o)
    0x0800a5c0   0x0800a5c0   0x00000024   Code   RO          164    i.myUSART_callbackU1  mbethreadcycleb.o
    0x0800a5e4   0x0800a5e4   0x00000024   Code   RO          355    i.myUSART_callbackU5  mbethreadsimserver.o
    0x0800a608   0x0800a608   0x000000b0   Code   RO         5913    i.name_analyse      FS_Dbg_LFN_CM3_L.lib(fs_fat.o)
    0x0800a6b8   0x0800a6b8   0x000000b4   Code   RO         5914    i.name_basis_gen    FS_Dbg_LFN_CM3_L.lib(fs_fat.o)
    0x0800a76c   0x0800a76c   0x00000008   Code   RO         5915    i.name_hash         FS_Dbg_LFN_CM3_L.lib(fs_fat.o)
    0x0800a774   0x0800a774   0x00000128   Code   RO         5916    i.name_nt_gen       FS_Dbg_LFN_CM3_L.lib(fs_fat.o)
    0x0800a89c   0x0800a89c   0x00000052   Code   RO         5917    i.name_strip        FS_Dbg_LFN_CM3_L.lib(fs_fat.o)
    0x0800a8ee   0x0800a8ee   0x00000002   PAD
    0x0800a8f0   0x0800a8f0   0x00000038   Code   RO         5918    i.name_validate     FS_Dbg_LFN_CM3_L.lib(fs_fat.o)
    0x0800a928   0x0800a928   0x00000020   Code   RO          814    i.osRtxErrorNotify  rtx_config.o
    0x0800a948   0x0800a948   0x00000004   Code   RO          815    i.osRtxIdleThread   rtx_config.o
    0x0800a94c   0x0800a94c   0x00000022   Code   RO          598    i.osSignalSet       cmsis_os1.o
    0x0800a96e   0x0800a96e   0x0000006a   Code   RO          599    i.osSignalWait      cmsis_os1.o
    0x0800a9d8   0x0800a9d8   0x00000020   Code   RO          728    i.os_kernel_is_active  rtx_lib.o
    0x0800a9f8   0x0800a9f8   0x0000023e   Code   RO         5919    i.path_create       FS_Dbg_LFN_CM3_L.lib(fs_fat.o)
    0x0800ac36   0x0800ac36   0x00000002   PAD
    0x0800ac38   0x0800ac38   0x00000032   Code   RO         5920    i.path_init         FS_Dbg_LFN_CM3_L.lib(fs_fat.o)
    0x0800ac6a   0x0800ac6a   0x00000002   PAD
    0x0800ac6c   0x0800ac6c   0x000000b4   Code   RO         5921    i.path_open         FS_Dbg_LFN_CM3_L.lib(fs_fat.o)
    0x0800ad20   0x0800ad20   0x00000058   Code   RO         5922    i.path_validate     FS_Dbg_LFN_CM3_L.lib(fs_fat.o)
    0x0800ad78   0x0800ad78   0x0000005c   Code   RO         5924    i.read_sector       FS_Dbg_LFN_CM3_L.lib(fs_fat.o)
    0x0800add4   0x0800add4   0x00000008   Code   RO         5799    i.set_u16           FS_Dbg_LFN_CM3_L.lib(fs_common.o)
    0x0800addc   0x0800addc   0x00000010   Code   RO         5800    i.set_u32           FS_Dbg_LFN_CM3_L.lib(fs_common.o)
    0x0800adec   0x0800adec   0x00000048   Code   RO         5925    i.sfn_extract       FS_Dbg_LFN_CM3_L.lib(fs_fat.o)
    0x0800ae34   0x0800ae34   0x0000001a   Code   RO         5926    i.short_ent_hash    FS_Dbg_LFN_CM3_L.lib(fs_fat.o)
    0x0800ae4e   0x0800ae4e   0x0000001e   Code   RO         5927    i.sn_chksum         FS_Dbg_LFN_CM3_L.lib(fs_fat.o)
    0x0800ae6c   0x0800ae6c   0x00000072   Code   RO         5929    i.unlink_clus       FS_Dbg_LFN_CM3_L.lib(fs_fat.o)
    0x0800aede   0x0800aede   0x000000bc   Code   RO         5930    i.write_cache       FS_Dbg_LFN_CM3_L.lib(fs_fat.o)
    0x0800af9a   0x0800af9a   0x0000003c   Code   RO         5931    i.write_sector      FS_Dbg_LFN_CM3_L.lib(fs_fat.o)
    0x0800afd6   0x0800afd6   0x00000002   PAD
    0x0800afd8   0x0800afd8   0x0000002c   Code   RO         6452    locale$$code        c_w.l(lc_ctype_c.o)
    0x0800b004   0x0800b004   0x0000000a   Code   RO         6427    x$fpl$fpinit        fz_wm.l(fpinit.o)
    0x0800b00e   0x0800b00e   0x00000002   PAD
    0x0800b010   0x0800b010   0x0000002e   Data   RO          398    .constdata          thread.o
    0x0800b03e   0x0800b03e   0x00000002   PAD
    0x0800b040   0x0800b040   0x00000010   Data   RO          534    .constdata          led_f429discovery.o
    0x0800b050   0x0800b050   0x00000064   Data   RO          736    .constdata          rtx_lib.o
    0x0800b0b4   0x0800b0b4   0x0000016c   Data   RO         1099    .constdata          usart_stm32f4xx.o
    0x0800b220   0x0800b220   0x00000018   Data   RO         1533    .constdata          eventrecorder.o
    0x0800b238   0x0800b238   0x00000017   Data   RO         1647    .constdata          retarget_io.o
    0x0800b24f   0x0800b24f   0x00000008   Data   RO         2076    .constdata          stm32f4xx_hal_dma.o
    0x0800b257   0x0800b257   0x00000018   Data   RO         3848    .constdata          system_stm32f4xx.o
    0x0800b26f   0x0800b26f   0x00000001   PAD
    0x0800b270   0x0800b270   0x00000034   Data   RO         3932    .constdata          fs_config.o
    0x0800b2a4   0x0800b2a4   0x00000001   Data   RO         5252    .constdata          RTX_CM4F.lib(irq_cm4f.o)
    0x0800b2a5   0x0800b2a5   0x00000010   Data   RO         5363    .constdata          FS_Dbg_LFN_CM3_L.lib(fs_mc_mci.o)
    0x0800b2b5   0x0800b2b5   0x00000003   PAD
    0x0800b2b8   0x0800b2b8   0x000004ac   Data   RO         5932    .constdata          FS_Dbg_LFN_CM3_L.lib(fs_fat.o)
    0x0800b764   0x0800b764   0x00000011   Data   RO         6223    .constdata          c_w.l(__printf_flags_wp.o)
    0x0800b775   0x0800b775   0x00000003   PAD
    0x0800b778   0x0800b778   0x000000a0   Data   RO          739    .rodata             rtx_lib.o
    0x0800b818   0x0800b818   0x0000000b   Data   RO         4865    .rodata.str1.4      RTX_CM4F.lib(rtx_kernel.o)
    0x0800b823   0x0800b823   0x00000001   PAD
    0x0800b824   0x0800b824   0x00000020   Data   RO         6550    Region$$Table       anon$$obj.o
    0x0800b844   0x0800b844   0x00000004   Data   RO         6061    __MW_USB_LIB_VERSION_6.14.1  USB_CM3_L.lib(usb_lib_ver.o)
    0x0800b848   0x0800b848   0x00000110   Data   RO         6451    locale$$data        c_w.l(lc_ctype_c.o)


    Execution Region RW_IRAM1 (Exec base: 0x20000000, Load base: 0x0800b958, Size: 0x0000ae68, Max: 0x00030000, ABSOLUTE, COMPRESSED[0x0000014c])

    Exec Addr    Load Addr    Size         Type   Attr      Idx    E Section Name        Object

    0x20000000   COMPRESSED   0x00008040   Data   RW          729    .bss.os             rtx_lib.o
    0x20008040   COMPRESSED   0x000001f0   Data   RW          730    .bss.os.libspace    rtx_lib.o
    0x20008230   COMPRESSED   0x00000034   Data   RW          731    .bss.os.msgqueue.cb  rtx_lib.o
    0x20008264   COMPRESSED   0x00000050   Data   RW          732    .bss.os.msgqueue.mem  rtx_lib.o
    0x200082b4   COMPRESSED   0x0000001c   Data   RW         3931    .bss.os.mutex.cb    fs_config.o
    0x200082d0   COMPRESSED   0x00000088   Data   RW          733    .bss.os.thread.cb   rtx_lib.o
    0x20008358   COMPRESSED   0x00000400   Data   RW          734    .bss.os.thread.stack  rtx_lib.o
    0x20008758   COMPRESSED   0x00000020   Data   RW          735    .bss.os.timer.cb    rtx_lib.o
    0x20008778   COMPRESSED   0x0000002c   Data   RW            9    .data               main.o
    0x200087a4   COMPRESSED   0x00000016   Data   RW          166    .data               mbethreadcycleb.o
    0x200087ba   COMPRESSED   0x00000002   PAD
    0x200087bc   COMPRESSED   0x0000000c   Data   RW          357    .data               mbethreadsimserver.o
    0x200087c8   COMPRESSED   0x00000004   Data   RW          399    .data               thread.o
    0x200087cc   COMPRESSED   0x00000010   Data   RW          455    .data               timer.o
    0x200087dc   COMPRESSED   0x00000005   Data   RW          737    .data               rtx_lib.o
    0x200087e1   COMPRESSED   0x00000003   PAD
    0x200087e4   COMPRESSED   0x00000020   Data   RW         1388    .data               usbd_fs_stm32f4xx.o
    0x20008804   COMPRESSED   0x00000009   Data   RW         1752    .data               stm32f4xx_hal.o
    0x2000880d   COMPRESSED   0x00000003   PAD
    0x20008810   COMPRESSED   0x00000004   Data   RW         3849    .data               system_stm32f4xx.o
    0x20008814   COMPRESSED   0x00000001   Data   RW         5801    .data               FS_Dbg_LFN_CM3_L.lib(fs_common.o)
    0x20008815   COMPRESSED   0x00000003   PAD
    0x20008818   COMPRESSED   0x00000004   Data   RW         6317    .data               c_w.l(streamlock.o)
    0x2000881c   COMPRESSED   0x00000004   Data   RW         6321    .data               c_w.l(stdio_streams.o)
    0x20008820   COMPRESSED   0x00000004   Data   RW         6322    .data               c_w.l(stdio_streams.o)
    0x20008824   COMPRESSED   0x00000004   Data   RW         6323    .data               c_w.l(stdio_streams.o)
    0x20008828   COMPRESSED   0x000000a4   Data   RW         4866    .data.os            RTX_CM4F.lib(rtx_kernel.o)
    0x200088cc   COMPRESSED   0x00000018   Data   RW          738    .data.os.timer.mpi  rtx_lib.o
    0x200088e4        -       0x00000040   Zero   RW          165    .bss                mbethreadcycleb.o
    0x20008924        -       0x00000040   Zero   RW          356    .bss                mbethreadsimserver.o
    0x20008964        -       0x000000e0   Zero   RW          866    .bss                mci_stm32f4xx.o
    0x20008a44        -       0x000001f0   Zero   RW         1098    .bss                usart_stm32f4xx.o
    0x20008c34        -       0x000000a0   Zero   RW         1386    .bss                usbd_fs_stm32f4xx.o
    0x20008cd4        -       0x00001554   Zero   RW         3930    .bss                fs_config.o
    0x2000a228        -       0x00000060   Zero   RW         6266    .bss                c_w.l(libspace.o)
    0x2000a288        -       0x00000054   Zero   RW         6318    .bss                c_w.l(stdio_streams.o)
    0x2000a2dc        -       0x00000054   Zero   RW         6319    .bss                c_w.l(stdio_streams.o)
    0x2000a330        -       0x00000054   Zero   RW         6320    .bss                c_w.l(stdio_streams.o)
    0x2000a384        -       0x00000001   Zero   RW         5780    .bss.PendST         RTX_CM4F.lib(os_systick.o)
    0x2000a385   COMPRESSED   0x0000003b   PAD
    0x2000a3c0        -       0x000004a4   Zero   RW         1532    .bss.noinit         eventrecorder.o
    0x2000a864   COMPRESSED   0x00000004   PAD
    0x2000a868        -       0x00000200   Zero   RW         3837    HEAP                startup_stm32f429xx.o
    0x2000aa68        -       0x00000400   Zero   RW         3836    STACK               startup_stm32f429xx.o


==============================================================================

Image component sizes


      Code (inc. data)   RO Data    RW Data    ZI Data      Debug   Object Name

        96         12          0          0          0       2340   buttons_f429discovery.o
       140          0          0          0          0       1577   cmsis_os1.o
       926         34         24          0       1188      17281   eventrecorder.o
       198         42         52         28       5460      24960   fs_config.o
       164         16         16          0          0       3364   led_f429discovery.o
       348         94          0         44          0     667738   main.o
        12          0          0          0          0        510   mbethreadadminb.o
        12          0          0          0          0        526   mbethreadbsdlistenb.o
       776        120          0         22         64      15528   mbethreadcycleb.o
        12          0          0          0          0        500   mbethreaddiob.o
        12          0          0          0          0        553   mbethreaddispatcherforlogb.o
        12          0          0          0          0        564   mbethreaddispatcherforserverb.o
       204         48          0         12         64       2945   mbethreadsimserver.o
        12          0          0          0          0        532   mbethreadtcpipserverb.o
        12          0          0          0          0        526   mbethreadusbserverb.o
       692         16          0          0        224      12240   mci_stm32f4xx.o
        26          0          0          0          0       2612   otg_fs_stm32f4xx.o
       338         24         23          0          0      12362   retarget_io.o
        36          6          0          0          0       1021   rtx_config.o
       214         12        260      34681          0      13934   rtx_lib.o
        64         26        428          0       1536        844   startup_stm32f429xx.o
       126         16          0          9          0       8951   stm32f4xx_hal.o
       392         34          0          0          0      36740   stm32f4xx_hal_cortex.o
      1506         16          8          0          0       8004   stm32f4xx_hal_dma.o
       952        102          0          0          0       4469   stm32f4xx_hal_gpio.o
        76         26          0          0          0       1964   stm32f4xx_hal_rcc.o
       312         46          0          0          0       3680   stm32f4xx_hal_tim.o
        28          4         24          4          0       1415   system_stm32f4xx.o
       246         52         46          4          0      16878   thread.o
       228         52          0         16          0       2494   timer.o
      7380        364        364          0        496      78979   usart_stm32f4xx.o
      2664        184          0         32        160       9985   usbd_fs_stm32f4xx.o

    ----------------------------------------------------------------------
     18236       1346       1280      34860       9196     956016   Object Totals
         0          0         32          0          0          0   (incl. Generated)
        20          0          3          8          4          0   (incl. Padding)

    ----------------------------------------------------------------------

      Code (inc. data)   RO Data    RW Data    ZI Data      Debug   Library Member Name

       266         16          0          1          0        356   fs_common.o
      7790        162       1196          0          0       4744   fs_fat.o
      5594        110         16          0          0       2872   fs_mc_mci.o
       720         64          0          0          0        408   fs_sys.o
        26          0          0          0          0         68   fs_time.o
       196         12          1          0          0        540   irq_cm4f.o
       182         48          0          0          1       3108   os_systick.o
        56          4          0          0          0       2854   rtx_delay.o
       782         72         11        164          0      17231   rtx_kernel.o
       242          0          0          0          0       2478   rtx_memory.o
       186          0          0          0          0      16576   rtx_mempool.o
      1350         28          0          0          0      18694   rtx_msgqueue.o
       890         32          0          0          0      10004   rtx_mutex.o
       368         26          0          0          0       5437   rtx_system.o
      2002        116          0          0          0      32850   rtx_thread.o
       524         40          0          0          0      10445   rtx_timer.o
         0          0          4          0          0          0   usb_lib_ver.o
        58          0          0          0          0          0   __dczerorl.o
         8          0          0          0          0         68   __main.o
       312          4         17          0          0         92   __printf_flags_wp.o
        14          0          0          0          0         68   __printf_wp.o
         0          0          0          0          0          0   __rtentry.o
        20          0          0          0          0          0   __rtentry2.o
         6          0          0          0          0          0   __rtentry4.o
        52          8          0          0          0          0   __scatter.o
        28          0          0          0          0          0   __scatter_zi.o
        44          0          0          0          0        108   _printf_char.o
        48          6          0          0          0         96   _printf_char_common.o
        64          6          0          0          0         84   _printf_char_file_locked.o
         6          0          0          0          0          0   _printf_d.o
       120         16          0          0          0         92   _printf_dec.o
       178          0          0          0          0         88   _printf_intcommon.o
        78          0          0          0          0        108   _printf_pad.o
         0          0          0          0          0          0   _printf_percent.o
         4          0          0          0          0          0   _printf_percent_end.o
         6          0          0          0          0          0   _printf_s.o
        82          0          0          0          0         80   _printf_str.o
        10          0          0          0          0         68   _sputc.o
        10          0          0          0          0         68   defsig_exit.o
        50          0          0          0          0         88   defsig_general.o
        80         58          0          0          0         76   defsig_rtmem_inner.o
        14          0          0          0          0         80   defsig_rtmem_outer.o
        52         38          0          0          0         76   defsig_rtred_inner.o
        14          0          0          0          0         80   defsig_rtred_outer.o
        18          0          0          0          0         80   exit.o
        76          0          0          0          0         88   fclose.o
        52          6          0          0          0         80   fclose_locked.o
       470          0          0          0          0         88   flsbuf.o
       324          8          0          0          0        152   fopen_locked.o
        26          0          0          0          0         68   fputc.o
       248          6          0          0          0         84   fseek.o
        66          0          0          0          0         76   ftell.o
       158          0          0          0          0        128   h1_alloc_mt.o
        62          0          0          0          0         80   h1_extend_mt.o
        10          0          0          0          0         76   h1_final_mt.o
       118          0          0          0          0        108   h1_free_mt.o
        18          0          0          0          0         84   h1_init_mt.o
         6          0          0          0          0        152   heapauxi.o
         4          0          0          0          0        136   hguard.o
         0          0          0          0          0          0   indicate_semi.o
       138          0          0          0          0        168   init_alloc.o
       456         48          0          0          0        116   initio_locked.o
        44         10        272          0          0         76   lc_ctype_c.o
         2          0          0          0          0          0   libinit.o
        36          0          0          0          0          0   libinit2.o
         2          0          0          0          0          0   libshutdown.o
        10          0          0          0          0          0   libshutdown2.o
         8          4          0          0         96         68   libspace.o
       238          0          0          0          0        100   lludivv7m.o
         0          0          0          0          0          0   maybetermalloc2.o
        20          0          0          0          0         84   noretval__2fprintf.o
        40          6          0          0          0         84   noretval__2sprintf.o
        16          4          0          0          0         76   rt_ctype_table.o
         4          0          0          0          0         68   rt_errno_addr_twolibspace.o
        10          0          0          0          0         76   rt_heap_descriptor_twolibspace.o
        10          0          0          0          0         76   rt_locale_twolibspace.o
        68          0          0          0          0         68   rt_memclr.o
        78          0          0          0          0         80   rt_memclr_w.o
       138          0          0          0          0         68   rt_memcpy_v6.o
       100          0          0          0          0         80   rt_memcpy_w.o
         2          0          0          0          0          0   rtexit.o
        10          0          0          0          0          0   rtexit2.o
       104          0          0          0          0         88   setvbuf_locked.o
       240          6          0          0          0        156   stdio.o
         0          0          0         12        252          0   stdio_streams.o
       128          0          0          0          0         68   strcmpv7m.o
         0          0          0          4          0          0   streamlock.o
        62          0          0          0          0         76   strlen.o
        50          0          0          0          0         84   strncasecmp.o
        12          4          0          0          0         68   sys_exit.o
        74          0          0          0          0         80   sys_stackheap_outer.o
        14          0          0          0          0         76   sys_wrch.o
        16          0          0          0          0         80   term_alloc.o
        26          0          0          0          0         76   tolower.o
         2          0          0          0          0         68   use_no_semi.o
        10          0          0          0          0        116   fpinit.o

    ----------------------------------------------------------------------
     26408        968       1524        184        408     133889   Library Totals
        52          0          7          3         59          0   (incl. Padding)

    ----------------------------------------------------------------------

      Code (inc. data)   RO Data    RW Data    ZI Data      Debug   Library Name

     14396        352       1212          1          0       8448   FS_Dbg_LFN_CM3_L.lib
      6778        378         12        164          1     120217   RTX_CM4F.lib
         0          0          4          0          0          0   USB_CM3_L.lib
      5172        238        289         16        348       5108   c_w.l
        10          0          0          0          0        116   fz_wm.l

    ----------------------------------------------------------------------
     26408        968       1524        184        408     133889   Library Totals

    ----------------------------------------------------------------------

==============================================================================


      Code (inc. data)   RO Data    RW Data    ZI Data      Debug   

     44644       2314       2804      35044       9604    1064693   Grand Totals
     44644       2314       2804        332       9604    1064693   ELF Image Totals (compressed)
     44644       2314       2804        332          0          0   ROM Totals

==============================================================================

    Total RO  Size (Code + RO Data)                47448 (  46.34kB)
    Total RW  Size (RW Data + ZI Data)             44648 (  43.60kB)
    Total ROM Size (Code + RO Data + RW Data)      47780 (  46.66kB)

==============================================================================

