Component: ARM Compiler 5.06 update 6 (build 750) Tool: armlink [4d35ed]

==============================================================================

Section Cross References

    main.o(i.HAL_GetTick) refers to rtx_kernel.o(.text.osKernelGetState) for osKernelGetState
    main.o(i.HAL_GetTick) refers to rtx_kernel.o(.text.osKernelGetTickCount) for osKernelGetTickCount
    main.o(i.HAL_GetTick) refers to system_stm32f4xx.o(.data) for SystemCoreClock
    main.o(i.HAL_GetTick) refers to main.o(.data) for ticks
    main.o(i.SystemClock_Config) refers to stm32f4xx_hal_rcc.o(i.HAL_RCC_OscConfig) for HAL_RCC_OscConfig
    main.o(i.SystemClock_Config) refers to main.o(i.Error_Handler) for Error_Handler
    main.o(i.SystemClock_Config) refers to stm32f4xx_hal_rcc.o(i.HAL_RCC_ClockConfig) for HAL_RCC_ClockConfig
    main.o(i.SystemClock_Config) refers to stm32f4xx_hal.o(i.HAL_GetREVID) for HAL_GetREVID
    main.o(i.main) refers to stm32f4xx_hal.o(i.HAL_Init) for HAL_Init
    main.o(i.main) refers to main.o(i.SystemClock_Config) for SystemClock_Config
    main.o(i.main) refers to system_stm32f4xx.o(i.SystemCoreClockUpdate) for SystemCoreClockUpdate
    main.o(i.main) refers to rtx_kernel.o(.text.osKernelInitialize) for osKernelInitialize
    main.o(i.main) refers to rtx_kernel.o(.text.osKernelStart) for osKernelStart
    mbethreaddispatcherforservera.o(i.mbeThreadDispatcherForServerb) refers to rtx_delay.o(.text.osDelay) for osDelay
    mbethreaddispatcherforloga.o(i.mbeThreadDispatcherForLOGa) refers to rtx_delay.o(.text.osDelay) for osDelay
    mbethtradllogtodiska.o(i.mbeThreadLOGtoDiska) refers to rtx_delay.o(.text.osDelay) for osDelay
    buttons_f429discovery.o(i.Buttons_GetState) refers to stm32f4xx_hal_gpio.o(i.HAL_GPIO_ReadPin) for HAL_GPIO_ReadPin
    buttons_f429discovery.o(i.Buttons_Initialize) refers to stm32f4xx_hal_gpio.o(i.HAL_GPIO_Init) for HAL_GPIO_Init
    buttons_f429discovery.o(i.Buttons_Uninitialize) refers to stm32f4xx_hal_gpio.o(i.HAL_GPIO_DeInit) for HAL_GPIO_DeInit
    led_f429discovery.o(i.LED_Initialize) refers to stm32f4xx_hal_gpio.o(i.HAL_GPIO_Init) for HAL_GPIO_Init
    led_f429discovery.o(i.LED_Off) refers to stm32f4xx_hal_gpio.o(i.HAL_GPIO_WritePin) for HAL_GPIO_WritePin
    led_f429discovery.o(i.LED_Off) refers to led_f429discovery.o(.constdata) for LED_PIN
    led_f429discovery.o(i.LED_On) refers to stm32f4xx_hal_gpio.o(i.HAL_GPIO_WritePin) for HAL_GPIO_WritePin
    led_f429discovery.o(i.LED_On) refers to led_f429discovery.o(.constdata) for LED_PIN
    led_f429discovery.o(i.LED_SetOut) refers to led_f429discovery.o(i.LED_On) for LED_On
    led_f429discovery.o(i.LED_SetOut) refers to led_f429discovery.o(i.LED_Off) for LED_Off
    led_f429discovery.o(i.LED_Uninitialize) refers to stm32f4xx_hal_gpio.o(i.HAL_GPIO_DeInit) for HAL_GPIO_DeInit
    cmsis_os1.o(i.osMailAlloc) refers to rtx_mempool.o(.text.osMemoryPoolAlloc) for osMemoryPoolAlloc
    cmsis_os1.o(i.osMailCAlloc) refers to rtx_mempool.o(.text.osMemoryPoolGetBlockSize) for osMemoryPoolGetBlockSize
    cmsis_os1.o(i.osMailCAlloc) refers to rtx_mempool.o(.text.osMemoryPoolAlloc) for osMemoryPoolAlloc
    cmsis_os1.o(i.osMailCAlloc) refers to rt_memclr.o(.text) for __aeabi_memclr
    cmsis_os1.o(i.osMailCreate) refers to rtx_mempool.o(.text.osMemoryPoolNew) for osMemoryPoolNew
    cmsis_os1.o(i.osMailCreate) refers to rtx_msgqueue.o(.text.osMessageQueueNew) for osMessageQueueNew
    cmsis_os1.o(i.osMailCreate) refers to rtx_mempool.o(.text.osMemoryPoolDelete) for osMemoryPoolDelete
    cmsis_os1.o(i.osMailCreate) refers to rtx_msgqueue.o(.text.osMessageQueueDelete) for osMessageQueueDelete
    cmsis_os1.o(i.osMailFree) refers to rtx_mempool.o(.text.osMemoryPoolFree) for osMemoryPoolFree
    cmsis_os1.o(i.osMailGet) refers to rtx_msgqueue.o(.text.osMessageQueueGet) for osMessageQueueGet
    cmsis_os1.o(i.osMailPut) refers to rtx_msgqueue.o(.text.osMessageQueuePut) for osMessageQueuePut
    cmsis_os1.o(i.osMessageCreate) refers to rtx_msgqueue.o(.text.osMessageQueueNew) for osMessageQueueNew
    cmsis_os1.o(i.osMessageGet) refers to rtx_msgqueue.o(.text.osMessageQueueGet) for osMessageQueueGet
    cmsis_os1.o(i.osMessagePut) refers to rtx_msgqueue.o(.text.osMessageQueuePut) for osMessageQueuePut
    cmsis_os1.o(i.osMutexCreate) refers to rtx_mutex.o(.text.osMutexNew) for osMutexNew
    cmsis_os1.o(i.osPoolAlloc) refers to rtx_mempool.o(.text.osMemoryPoolAlloc) for osMemoryPoolAlloc
    cmsis_os1.o(i.osPoolCAlloc) refers to rtx_mempool.o(.text.osMemoryPoolGetBlockSize) for osMemoryPoolGetBlockSize
    cmsis_os1.o(i.osPoolCAlloc) refers to rtx_mempool.o(.text.osMemoryPoolAlloc) for osMemoryPoolAlloc
    cmsis_os1.o(i.osPoolCAlloc) refers to rt_memclr.o(.text) for __aeabi_memclr
    cmsis_os1.o(i.osPoolCreate) refers to rtx_mempool.o(.text.osMemoryPoolNew) for osMemoryPoolNew
    cmsis_os1.o(i.osPoolFree) refers to rtx_mempool.o(.text.osMemoryPoolFree) for osMemoryPoolFree
[...]
    __arm_cp.17_2                            0x08001c74   Number         4  rtx_thread.o(.text.svcRtxThreadNew)
    __arm_cp.17_3                            0x08001c78   Number         4  rtx_thread.o(.text.svcRtxThreadNew)
    __arm_cp.17_4                            0x08001c7c   Number         4  rtx_thread.o(.text.svcRtxThreadNew)
    i.DMA2_Stream2_IRQHandler                0x08001c80   Section        0  usart_stm32f4xx.o(i.DMA2_Stream2_IRQHandler)
    i.DMA2_Stream7_IRQHandler                0x08001c94   Section        0  usart_stm32f4xx.o(i.DMA2_Stream7_IRQHandler)
    i.DMA_CalcBaseAndBitshift                0x08001ca8   Section        0  stm32f4xx_hal_dma.o(i.DMA_CalcBaseAndBitshift)
    DMA_CalcBaseAndBitshift                  0x08001ca9   Thumb Code    46  stm32f4xx_hal_dma.o(i.DMA_CalcBaseAndBitshift)
    i.DMA_CheckFifoParam                     0x08001cdc   Section        0  stm32f4xx_hal_dma.o(i.DMA_CheckFifoParam)
    DMA_CheckFifoParam                       0x08001cdd   Thumb Code   170  stm32f4xx_hal_dma.o(i.DMA_CheckFifoParam)
    i.DMA_SetConfig                          0x08001d86   Section        0  stm32f4xx_hal_dma.o(i.DMA_SetConfig)
    DMA_SetConfig                            0x08001d87   Thumb Code    44  stm32f4xx_hal_dma.o(i.DMA_SetConfig)
    i.Enable_GPIO_Clock                      0x08001db4   Section        0  usart_stm32f4xx.o(i.Enable_GPIO_Clock)
    Enable_GPIO_Clock                        0x08001db5   Thumb Code   346  usart_stm32f4xx.o(i.Enable_GPIO_Clock)
    i.Error_Handler                          0x08001f38   Section        0  main.o(i.Error_Handler)
    Error_Handler                            0x08001f39   Thumb Code     4  main.o(i.Error_Handler)
    i.HAL_DMA_Abort                          0x08001f3c   Section        0  stm32f4xx_hal_dma.o(i.HAL_DMA_Abort)
    i.HAL_DMA_DeInit                         0x08001fe6   Section        0  stm32f4xx_hal_dma.o(i.HAL_DMA_DeInit)
    i.HAL_DMA_IRQHandler                     0x08002058   Section        0  stm32f4xx_hal_dma.o(i.HAL_DMA_IRQHandler)
    i.HAL_DMA_Init                           0x08002298   Section        0  stm32f4xx_hal_dma.o(i.HAL_DMA_Init)
    i.HAL_DMA_Start_IT                       0x08002384   Section        0  stm32f4xx_hal_dma.o(i.HAL_DMA_Start_IT)
    i.HAL_GPIO_DeInit                        0x08002418   Section        0  stm32f4xx_hal_gpio.o(i.HAL_GPIO_DeInit)
    i.HAL_GPIO_Init                          0x08002598   Section        0  stm32f4xx_hal_gpio.o(i.HAL_GPIO_Init)
    i.HAL_GPIO_ReadPin                       0x080027b4   Section        0  stm32f4xx_hal_gpio.o(i.HAL_GPIO_ReadPin)
    i.HAL_GPIO_WritePin                      0x080027c4   Section        0  stm32f4xx_hal_gpio.o(i.HAL_GPIO_WritePin)
    i.HAL_GetREVID                           0x080027d0   Section        0  stm32f4xx_hal.o(i.HAL_GetREVID)
    i.HAL_GetTick                            0x080027dc   Section        0  main.o(i.HAL_GetTick)
    i.HAL_Init                               0x08002828   Section        0  stm32f4xx_hal.o(i.HAL_Init)
    i.HAL_InitTick                           0x08002858   Section        0  stm32f4xx_hal.o(i.HAL_InitTick)
    i.HAL_MspInit                            0x080028a4   Section        0  stm32f4xx_hal.o(i.HAL_MspInit)
    i.HAL_NVIC_ClearPendingIRQ               0x080028a8   Section        0  stm32f4xx_hal_cortex.o(i.HAL_NVIC_ClearPendingIRQ)
    i.HAL_NVIC_DisableIRQ                    0x080028cc   Section        0  stm32f4xx_hal_cortex.o(i.HAL_NVIC_DisableIRQ)
    i.HAL_NVIC_SetPriority                   0x080028f8   Section        0  stm32f4xx_hal_cortex.o(i.HAL_NVIC_SetPriority)
    i.HAL_NVIC_SetPriorityGrouping           0x08002974   Section        0  stm32f4xx_hal_cortex.o(i.HAL_NVIC_SetPriorityGrouping)
    i.HAL_RCC_ClockConfig                    0x0800299c   Section        0  stm32f4xx_hal_rcc.o(i.HAL_RCC_ClockConfig)
    i.HAL_RCC_GetHCLKFreq                    0x08002b20   Section        0  stm32f4xx_hal_rcc.o(i.HAL_RCC_GetHCLKFreq)
    i.HAL_RCC_GetPCLK2Freq                   0x08002b2c   Section        0  stm32f4xx_hal_rcc.o(i.HAL_RCC_GetPCLK2Freq)
    i.HAL_RCC_GetSysClockFreq                0x08002b4c   Section        0  stm32f4xx_hal_rcc.o(i.HAL_RCC_GetSysClockFreq)
    i.HAL_RCC_OscConfig                      0x08002bfc   Section        0  stm32f4xx_hal_rcc.o(i.HAL_RCC_OscConfig)
    i.HAL_SYSTICK_Config                     0x08003084   Section        0  stm32f4xx_hal_cortex.o(i.HAL_SYSTICK_Config)
    i.OTG_FS_IRQHandler                      0x080030b8   Section        0  otg_fs_stm32f4xx.o(i.OTG_FS_IRQHandler)
    i.SystemClock_Config                     0x080030d4   Section        0  main.o(i.SystemClock_Config)
    SystemClock_Config                       0x080030d5   Thumb Code   180  main.o(i.SystemClock_Config)
    i.SystemCoreClockUpdate                  0x08003194   Section        0  system_stm32f4xx.o(i.SystemCoreClockUpdate)
    i.SystemInit                             0x08003254   Section        0  system_stm32f4xx.o(i.SystemInit)
    i.USART1_Control                         0x08003270   Section        0  usart_stm32f4xx.o(i.USART1_Control)
    USART1_Control                           0x08003271   Thumb Code    18  usart_stm32f4xx.o(i.USART1_Control)
    i.USART1_GetCapabilities                 0x08003288   Section        0  usart_stm32f4xx.o(i.USART1_GetCapabilities)
    USART1_GetCapabilities                   0x08003289   Thumb Code    12  usart_stm32f4xx.o(i.USART1_GetCapabilities)
    i.USART1_GetModemStatus                  0x08003298   Section        0  usart_stm32f4xx.o(i.USART1_GetModemStatus)
    USART1_GetModemStatus                    0x08003299   Thumb Code    12  usart_stm32f4xx.o(i.USART1_GetModemStatus)
    i.USART1_GetRxCount                      0x080032a8   Section        0  usart_stm32f4xx.o(i.USART1_GetRxCount)
    USART1_GetRxCount                        0x080032a9   Thumb Code    10  usart_stm32f4xx.o(i.USART1_GetRxCount)
    i.USART1_GetStatus                       0x080032b8   Section        0  usart_stm32f4xx.o(i.USART1_GetStatus)
    USART1_GetStatus                         0x080032b9   Thumb Code    12  usart_stm32f4xx.o(i.USART1_GetStatus)
    i.USART1_GetTxCount                      0x080032c8   Section        0  usart_stm32f4xx.o(i.USART1_GetTxCount)
    USART1_GetTxCount                        0x080032c9   Thumb Code    10  usart_stm32f4xx.o(i.USART1_GetTxCount)
    i.USART1_IRQHandler                      0x080032d8   Section        0  usart_stm32f4xx.o(i.USART1_IRQHandler)
    i.USART1_Initialize                      0x080032e8   Section        0  usart_stm32f4xx.o(i.USART1_Initialize)
    USART1_Initialize                        0x080032e9   Thumb Code    14  usart_stm32f4xx.o(i.USART1_Initialize)
    i.USART1_PowerControl                    0x080032fc   Section        0  usart_stm32f4xx.o(i.USART1_PowerControl)
    USART1_PowerControl                      0x080032fd   Thumb Code    14  usart_stm32f4xx.o(i.USART1_PowerControl)
    i.USART1_RX_DMA_Complete                 0x08003310   Section        0  usart_stm32f4xx.o(i.USART1_RX_DMA_Complete)
    USART1_RX_DMA_Complete                   0x08003311   Thumb Code    12  usart_stm32f4xx.o(i.USART1_RX_DMA_Complete)
    i.USART1_Receive                         0x08003320   Section        0  usart_stm32f4xx.o(i.USART1_Receive)
    USART1_Receive                           0x08003321   Thumb Code    18  usart_stm32f4xx.o(i.USART1_Receive)
    i.USART1_Send                            0x08003338   Section        0  usart_stm32f4xx.o(i.USART1_Send)
    USART1_Send                              0x08003339   Thumb Code    18  usart_stm32f4xx.o(i.USART1_Send)
    i.USART1_SetModemControl                 0x08003350   Section        0  usart_stm32f4xx.o(i.USART1_SetModemControl)
    USART1_SetModemControl                   0x08003351   Thumb Code    14  usart_stm32f4xx.o(i.USART1_SetModemControl)
    i.USART1_TX_DMA_Complete                 0x08003364   Section        0  usart_stm32f4xx.o(i.USART1_TX_DMA_Complete)
    USART1_TX_DMA_Complete                   0x08003365   Thumb Code    12  usart_stm32f4xx.o(i.USART1_TX_DMA_Complete)
    i.USART1_Transfer                        0x08003374   Section        0  usart_stm32f4xx.o(i.USART1_Transfer)
    USART1_Transfer                          0x08003375   Thumb Code    22  usart_stm32f4xx.o(i.USART1_Transfer)
    i.USART1_Uninitialize                    0x08003390   Section        0  usart_stm32f4xx.o(i.USART1_Uninitialize)
    USART1_Uninitialize                      0x08003391   Thumb Code    10  usart_stm32f4xx.o(i.USART1_Uninitialize)
    i.USART_Control                          0x080033a0   Section        0  usart_stm32f4xx.o(i.USART_Control)
    USART_Control                            0x080033a1   Thumb Code  2284  usart_stm32f4xx.o(i.USART_Control)
    i.USART_GetCapabilities                  0x08003c8c   Section        0  usart_stm32f4xx.o(i.USART_GetCapabilities)
    USART_GetCapabilities                    0x08003c8d   Thumb Code     6  usart_stm32f4xx.o(i.USART_GetCapabilities)
    i.USART_GetModemStatus                   0x08003c92   Section        0  usart_stm32f4xx.o(i.USART_GetModemStatus)
    USART_GetModemStatus                     0x08003c93   Thumb Code    82  usart_stm32f4xx.o(i.USART_GetModemStatus)
    i.USART_GetRxCount                       0x08003ce4   Section        0  usart_stm32f4xx.o(i.USART_GetRxCount)
    USART_GetRxCount                         0x08003ce5   Thumb Code    28  usart_stm32f4xx.o(i.USART_GetRxCount)
    i.USART_GetStatus                        0x08003d00   Section        0  usart_stm32f4xx.o(i.USART_GetStatus)
    USART_GetStatus                          0x08003d01   Thumb Code   118  usart_stm32f4xx.o(i.USART_GetStatus)
    i.USART_GetTxCount                       0x08003d76   Section        0  usart_stm32f4xx.o(i.USART_GetTxCount)
    USART_GetTxCount                         0x08003d77   Thumb Code    28  usart_stm32f4xx.o(i.USART_GetTxCount)
    i.USART_IRQHandler                       0x08003d92   Section        0  usart_stm32f4xx.o(i.USART_IRQHandler)
    i.USART_Initialize                       0x08004004   Section        0  usart_stm32f4xx.o(i.USART_Initialize)
    USART_Initialize                         0x08004005   Thumb Code   480  usart_stm32f4xx.o(i.USART_Initialize)
    i.USART_PeripheralReset                  0x080041f0   Section        0  usart_stm32f4xx.o(i.USART_PeripheralReset)
    USART_PeripheralReset                    0x080041f1   Thumb Code   374  usart_stm32f4xx.o(i.USART_PeripheralReset)
    i.USART_PowerControl                     0x0800438c   Section        0  usart_stm32f4xx.o(i.USART_PowerControl)
    USART_PowerControl                       0x0800438d   Thumb Code   942  usart_stm32f4xx.o(i.USART_PowerControl)
    i.USART_RX_DMA_Complete                  0x08004760   Section        0  usart_stm32f4xx.o(i.USART_RX_DMA_Complete)
    USART_RX_DMA_Complete                    0x08004761   Thumb Code   132  usart_stm32f4xx.o(i.USART_RX_DMA_Complete)
    i.USART_Receive                          0x080047e4   Section        0  usart_stm32f4xx.o(i.USART_Receive)
    USART_Receive                            0x080047e5   Thumb Code   328  usart_stm32f4xx.o(i.USART_Receive)
    i.USART_Send                             0x0800492c   Section        0  usart_stm32f4xx.o(i.USART_Send)
    USART_Send                               0x0800492d   Thumb Code   282  usart_stm32f4xx.o(i.USART_Send)
    i.USART_SetModemControl                  0x08004a46   Section        0  usart_stm32f4xx.o(i.USART_SetModemControl)
    USART_SetModemControl                    0x08004a47   Thumb Code   140  usart_stm32f4xx.o(i.USART_SetModemControl)
    i.USART_TX_DMA_Complete                  0x08004ad2   Section        0  usart_stm32f4xx.o(i.USART_TX_DMA_Complete)
    USART_TX_DMA_Complete                    0x08004ad3   Thumb Code    76  usart_stm32f4xx.o(i.USART_TX_DMA_Complete)
    i.USART_Transfer                         0x08004b1e   Section        0  usart_stm32f4xx.o(i.USART_Transfer)
    USART_Transfer                           0x08004b1f   Thumb Code   106  usart_stm32f4xx.o(i.USART_Transfer)
    i.USART_Uninitialize                     0x08004b88   Section        0  usart_stm32f4xx.o(i.USART_Uninitialize)
    USART_Uninitialize                       0x08004b89   Thumb Code   106  usart_stm32f4xx.o(i.USART_Uninitialize)
    i.USARTx_GetVersion                      0x08004bf4   Section        0  usart_stm32f4xx.o(i.USARTx_GetVersion)
    USARTx_GetVersion                        0x08004bf5   Thumb Code    10  usart_stm32f4xx.o(i.USARTx_GetVersion)
    i.USBD_DeviceSetAddress                  0x08004c04   Section        0  usbd_fs_stm32f4xx.o(i.USBD_DeviceSetAddress)
    USBD_DeviceSetAddress                    0x08004c05   Thumb Code    30  usbd_fs_stm32f4xx.o(i.USBD_DeviceSetAddress)
    i.USBD_EndpointReadSet                   0x08004c2c   Section        0  usbd_fs_stm32f4xx.o(i.USBD_EndpointReadSet)
    USBD_EndpointReadSet                     0x08004c2d   Thumb Code   174  usbd_fs_stm32f4xx.o(i.USBD_EndpointReadSet)
    i.USBD_FS_IRQ                            0x08004ce8   Section        0  usbd_fs_stm32f4xx.o(i.USBD_FS_IRQ)
    i.USBD_FlushInEpFifo                     0x08005314   Section        0  usbd_fs_stm32f4xx.o(i.USBD_FlushInEpFifo)
    USBD_FlushInEpFifo                       0x08005315   Thumb Code    94  usbd_fs_stm32f4xx.o(i.USBD_FlushInEpFifo)
    i.USBD_GetFrameNumber                    0x08005378   Section        0  usbd_fs_stm32f4xx.o(i.USBD_GetFrameNumber)
    USBD_GetFrameNumber                      0x08005379   Thumb Code    20  usbd_fs_stm32f4xx.o(i.USBD_GetFrameNumber)
    i.USBD_ReadFromFifo                      0x08005394   Section        0  usbd_fs_stm32f4xx.o(i.USBD_ReadFromFifo)
    USBD_ReadFromFifo                        0x08005395   Thumb Code   204  usbd_fs_stm32f4xx.o(i.USBD_ReadFromFifo)
    i.USBD_Reset                             0x08005470   Section        0  usbd_fs_stm32f4xx.o(i.USBD_Reset)
    USBD_Reset                               0x08005471   Thumb Code   218  usbd_fs_stm32f4xx.o(i.USBD_Reset)
    i.USBD_WriteToFifo                       0x08005568   Section        0  usbd_fs_stm32f4xx.o(i.USBD_WriteToFifo)
    USBD_WriteToFifo                         0x08005569   Thumb Code   242  usbd_fs_stm32f4xx.o(i.USBD_WriteToFifo)
    i.__NVIC_ClearPendingIRQ                 0x0800566c   Section        0  usart_stm32f4xx.o(i.__NVIC_ClearPendingIRQ)
    __NVIC_ClearPendingIRQ                   0x0800566d   Thumb Code    22  usart_stm32f4xx.o(i.__NVIC_ClearPendingIRQ)
    i.__NVIC_EnableIRQ                       0x08005688   Section        0  usart_stm32f4xx.o(i.__NVIC_EnableIRQ)
    __NVIC_EnableIRQ                         0x08005689   Thumb Code    34  usart_stm32f4xx.o(i.__NVIC_EnableIRQ)
    i.__NVIC_GetPriorityGrouping             0x080056ac   Section        0  stm32f4xx_hal_cortex.o(i.__NVIC_GetPriorityGrouping)
    __NVIC_GetPriorityGrouping               0x080056ad   Thumb Code    10  stm32f4xx_hal_cortex.o(i.__NVIC_GetPriorityGrouping)
    i.__NVIC_SetPriority                     0x080056bc   Section        0  stm32f4xx_hal_cortex.o(i.__NVIC_SetPriority)
    __NVIC_SetPriority                       0x080056bd   Thumb Code    32  stm32f4xx_hal_cortex.o(i.__NVIC_SetPriority)
    i._mutex_acquire                         0x080056e4   Section        0  rtx_lib.o(i._mutex_acquire)
    __tagsym$$used                           0x080056e5   Number         0  rtx_lib.o(i._mutex_acquire)
    i._mutex_free                            0x080056fa   Section        0  rtx_lib.o(i._mutex_free)
    __tagsym$$used                           0x080056fb   Number         0  rtx_lib.o(i._mutex_free)
    i._mutex_initialize                      0x08005706   Section        0  rtx_lib.o(i._mutex_initialize)
    __tagsym$$used                           0x08005707   Number         0  rtx_lib.o(i._mutex_initialize)
    i._mutex_release                         0x08005728   Section        0  rtx_lib.o(i._mutex_release)
    __tagsym$$used                           0x08005729   Number         0  rtx_lib.o(i._mutex_release)
    i._platform_post_stackheap_init          0x0800573a   Section        0  rtx_lib.o(i._platform_post_stackheap_init)
    i.main                                   0x08005742   Section        0  main.o(i.main)
    i.osRtxErrorNotify                       0x0800575a   Section        0  rtx_config.o(i.osRtxErrorNotify)
    i.osRtxIdleThread                        0x0800577a   Section        0  rtx_config.o(i.osRtxIdleThread)
    i.os_kernel_is_active                    0x08005780   Section        0  rtx_lib.o(i.os_kernel_is_active)
    os_kernel_is_active                      0x08005781   Thumb Code    28  rtx_lib.o(i.os_kernel_is_active)
    x$fpl$fpinit                             0x080057a0   Section       10  fpinit.o(x$fpl$fpinit)
    $v0                                      0x080057a0   Number         0  fpinit.o(x$fpl$fpinit)
    .constdata                               0x080057ac   Section      100  rtx_lib.o(.constdata)
    os_idle_thread_attr                      0x080057ac   Data          36  rtx_lib.o(.constdata)
    os_timer_thread_attr                     0x080057d0   Data          36  rtx_lib.o(.constdata)
    os_timer_mq_attr                         0x080057f4   Data          24  rtx_lib.o(.constdata)
    .constdata                               0x08005810   Section      184  usart_stm32f4xx.o(.constdata)
    usart_driver_version                     0x08005810   Data           4  usart_stm32f4xx.o(.constdata)
    USART1_tx                                0x08005814   Data          12  usart_stm32f4xx.o(.constdata)
    USART1_rx                                0x08005820   Data          12  usart_stm32f4xx.o(.constdata)
    USART1_DMA_Tx                            0x0800582c   Data          24  usart_stm32f4xx.o(.constdata)
    USART1_DMA_Rx                            0x08005844   Data          24  usart_stm32f4xx.o(.constdata)
    USART1_Resources                         0x0800585c   Data          52  usart_stm32f4xx.o(.constdata)
    .constdata                               0x080058c8   Section        8  stm32f4xx_hal_dma.o(.constdata)
    flagBitshiftOffset                       0x080058c8   Data           8  stm32f4xx_hal_dma.o(.constdata)
    .constdata                               0x080058d0   Section       24  system_stm32f4xx.o(.constdata)
    .constdata                               0x080058e8   Section        1  irq_cm4f.o(.constdata)
    .rodata                                  0x080058ec   Section      160  rtx_lib.o(.rodata)
    __tagsym$$used                           0x080058ec   Number         0  rtx_lib.o(.rodata)
    __tagsym$$used                           0x08005954   Number         0  rtx_lib.o(.rodata)
    [Anonymous Symbol]                       0x0800598c   Section        0  rtx_kernel.o(.rodata.str1.4)
    .L.str                                   0x0800598c   Data          11  rtx_kernel.o(.rodata.str1.4)
    __MW_USB_LIB_VERSION_6.14.1              0x080059b8   Section        4  usb_lib_ver.o(__MW_USB_LIB_VERSION_6.14.1)
    __tagsym$$used                           0x080059b8   Number         0  usb_lib_ver.o(__MW_USB_LIB_VERSION_6.14.1)
    .bss.os                                  0x20000000   Section    32832  rtx_lib.o(.bss.os)
    os_mem                                   0x20000000   Data       32768  rtx_lib.o(.bss.os)
    os_isr_queue                             0x20008000   Data          64  rtx_lib.o(.bss.os)
    .bss.os.msgqueue.cb                      0x20008040   Section       52  rtx_lib.o(.bss.os.msgqueue.cb)
    os_timer_mq_cb                           0x20008040   Data          52  rtx_lib.o(.bss.os.msgqueue.cb)
    .bss.os.msgqueue.mem                     0x20008074   Section       80  rtx_lib.o(.bss.os.msgqueue.mem)
    os_timer_mq_data                         0x20008074   Data          80  rtx_lib.o(.bss.os.msgqueue.mem)
    .bss.os.thread.cb                        0x200080c4   Section      136  rtx_lib.o(.bss.os.thread.cb)
    os_idle_thread_cb                        0x200080c4   Data          68  rtx_lib.o(.bss.os.thread.cb)
    os_timer_thread_cb                       0x20008108   Data          68  rtx_lib.o(.bss.os.thread.cb)
    .bss.os.thread.stack                     0x20008150   Section     1024  rtx_lib.o(.bss.os.thread.stack)
    os_idle_thread_stack                     0x20008150   Data         512  rtx_lib.o(.bss.os.thread.stack)
    os_timer_thread_stack                    0x20008350   Data         512  rtx_lib.o(.bss.os.thread.stack)
    .data                                    0x20008550   Section        4  main.o(.data)
    ticks                                    0x20008550   Data           4  main.o(.data)
    .data                                    0x20008554   Section        5  rtx_lib.o(.data)
    os_kernel_active                         0x20008558   Data           1  rtx_lib.o(.data)
    .data                                    0x2000855c   Section       32  usbd_fs_stm32f4xx.o(.data)
    SignalDeviceEvent                        0x2000855c   Data           4  usbd_fs_stm32f4xx.o(.data)
    SignalEndpointEvent                      0x20008560   Data           4  usbd_fs_stm32f4xx.o(.data)
    hw_powered                               0x20008564   Data           1  usbd_fs_stm32f4xx.o(.data)
    hw_initialized                           0x20008565   Data           1  usbd_fs_stm32f4xx.o(.data)
    usbd_state                               0x20008568   Data           4  usbd_fs_stm32f4xx.o(.data)
    setup_packet                             0x2000856c   Data           8  usbd_fs_stm32f4xx.o(.data)
    setup_received                           0x20008574   Data           1  usbd_fs_stm32f4xx.o(.data)
    IsoInIncomplete                          0x20008578   Data           4  usbd_fs_stm32f4xx.o(.data)
    .data                                    0x2000857c   Section        9  stm32f4xx_hal.o(.data)
    .data                                    0x20008588   Section        4  system_stm32f4xx.o(.data)
    .bss                                     0x20008630   Section      248  usart_stm32f4xx.o(.bss)
    USART1_Info                              0x20008630   Data          20  usart_stm32f4xx.o(.bss)
    USART1_TransferInfo                      0x20008644   Data          36  usart_stm32f4xx.o(.bss)
    hdma_usart1_tx                           0x20008668   Data          96  usart_stm32f4xx.o(.bss)
    hdma_usart1_rx                           0x200086c8   Data          96  usart_stm32f4xx.o(.bss)
    .bss                                     0x20008728   Section      160  usbd_fs_stm32f4xx.o(.bss)
    ep                                       0x20008728   Data         160  usbd_fs_stm32f4xx.o(.bss)
    .bss                                     0x200087c8   Section       96  libspace.o(.bss)
    [Anonymous Symbol]                       0x20008828   Section        0  os_systick.o(.bss.PendST)
    PendST                                   0x20008828   Data           1  os_systick.o(.bss.PendST)
    HEAP                                     0x20008830   Section      512  startup_stm32f429xx.o(HEAP)
    Heap_Mem                                 0x20008830   Data         512  startup_stm32f429xx.o(HEAP)
    STACK                                    0x20008a30   Section     1024  startup_stm32f429xx.o(STACK)
    Stack_Mem                                0x20008a30   Data        1024  startup_stm32f429xx.o(STACK)
    __initial_sp                             0x20008e30   Data           0  startup_stm32f429xx.o(STACK)

    Global Symbols

    Symbol Name                              Value     Ov Type        Size  Object(Section)

    BuildAttributes$$THM_ISAv4$E$P$D$K$B$S$7EM$VFPi3$EXTD16$VFPS$VFMA$PE$A:L22UL41UL21$X:L11$S22US41US21$IEEE1$IW$~IW$USESV6$~STKCKD$USESV7$~SHL$OSPACE$ROPI$EBA8$UX$STANDARDLIB$REQ8$PRES8$EABIv2 0x00000000   Number         0  anon$$obj.o ABSOLUTE
    __ARM_use_no_argv                        0x00000000   Number         0  main.o ABSOLUTE
    .bss.os.evflags.cb$$Base                  - Undefined Weak Reference
    .bss.os.evflags.cb$$Limit                 - Undefined Weak Reference
    .bss.os.mempool.cb$$Base                  - Undefined Weak Reference
    .bss.os.mempool.cb$$Limit                 - Undefined Weak Reference
    .bss.os.mutex.cb$$Base                    - Undefined Weak Reference
    .bss.os.mutex.cb$$Limit                   - Undefined Weak Reference
    .bss.os.semaphore.cb$$Base                - Undefined Weak Reference
    .bss.os.semaphore.cb$$Limit               - Undefined Weak Reference
    .bss.os.timer.cb$$Base                    - Undefined Weak Reference
    .bss.os.timer.cb$$Limit                   - Undefined Weak Reference
    __ARM_exceptions_init                     - Undefined Weak Reference
    __alloca_initialize                       - Undefined Weak Reference
    __arm_preinit_                            - Undefined Weak Reference
    __cpp_initialize__aeabi_                  - Undefined Weak Reference
    __cxa_finalize                            - Undefined Weak Reference
    __rt_locale                               - Undefined Weak Reference
    __sigvec_lookup                           - Undefined Weak Reference
    _atexit_init                              - Undefined Weak Reference
    _call_atexit_fns                          - Undefined Weak Reference
    _clock_init                               - Undefined Weak Reference
    _fp_trap_init                             - Undefined Weak Reference
    _fp_trap_shutdown                         - Undefined Weak Reference
    _get_lc_collate                           - Undefined Weak Reference
    _get_lc_ctype                             - Undefined Weak Reference
    _get_lc_monetary                          - Undefined Weak Reference
    _get_lc_numeric                           - Undefined Weak Reference
    _get_lc_time                              - Undefined Weak Reference
    _getenv_init                              - Undefined Weak Reference
    _handle_redirection                       - Undefined Weak Reference
    _init_alloc                               - Undefined Weak Reference
    _init_user_alloc                          - Undefined Weak Reference
    _initio                                   - Undefined Weak Reference
    _rand_init                                - Undefined Weak Reference
    _signal_finish                            - Undefined Weak Reference
    _signal_init                              - Undefined Weak Reference
    _terminate_alloc                          - Undefined Weak Reference
    _terminate_user_alloc                     - Undefined Weak Reference
    _terminateio                              - Undefined Weak Reference
    __Vectors_Size                           0x000001ac   Number         0  startup_stm32f429xx.o ABSOLUTE
    __Vectors                                0x08000000   Data           4  startup_stm32f429xx.o(RESET)
    __Vectors_End                            0x080001ac   Data           0  startup_stm32f429xx.o(RESET)
    __main                                   0x080001ad   Thumb Code     8  __main.o(!!!main)
    __scatterload                            0x080001b5   Thumb Code     0  __scatter.o(!!!scatter)
    __scatterload_rt2                        0x080001b5   Thumb Code    44  __scatter.o(!!!scatter)
    __scatterload_rt2_thumb_only             0x080001b5   Thumb Code     0  __scatter.o(!!!scatter)
    __scatterload_null                       0x080001c3   Thumb Code     0  __scatter.o(!!!scatter)
    __decompress                             0x080001e9   Thumb Code    58  __dczerorl.o(!!dczerorl)
    __decompress0                            0x080001e9   Thumb Code     0  __dczerorl.o(!!dczerorl)
    __scatterload_zeroinit                   0x08000225   Thumb Code    28  __scatter_zi.o(!!handler_zi)
    __rt_lib_init                            0x08000241   Thumb Code     0  libinit.o(.ARM.Collect$$libinit$$00000000)
    __rt_lib_init_fp_1                       0x08000243   Thumb Code     0  libinit2.o(.ARM.Collect$$libinit$$00000001)
    __rt_lib_init_alloca_1                   0x08000247   Thumb Code     0  libinit2.o(.ARM.Collect$$libinit$$0000002E)
    __rt_lib_init_argv_1                     0x08000247   Thumb Code     0  libinit2.o(.ARM.Collect$$libinit$$0000002C)
    __rt_lib_init_atexit_1                   0x08000247   Thumb Code     0  libinit2.o(.ARM.Collect$$libinit$$0000001B)
    __rt_lib_init_clock_1                    0x08000247   Thumb Code     0  libinit2.o(.ARM.Collect$$libinit$$00000021)
    __rt_lib_init_cpp_1                      0x08000247   Thumb Code     0  libinit2.o(.ARM.Collect$$libinit$$00000032)
    __rt_lib_init_exceptions_1               0x08000247   Thumb Code     0  libinit2.o(.ARM.Collect$$libinit$$00000030)
    __rt_lib_init_fp_trap_1                  0x08000247   Thumb Code     0  libinit2.o(.ARM.Collect$$libinit$$0000001F)
    __rt_lib_init_getenv_1                   0x08000247   Thumb Code     0  libinit2.o(.ARM.Collect$$libinit$$00000023)
    __rt_lib_init_heap_1                     0x08000247   Thumb Code     0  libinit2.o(.ARM.Collect$$libinit$$0000000A)
    __rt_lib_init_lc_collate_1               0x08000247   Thumb Code     0  libinit2.o(.ARM.Collect$$libinit$$00000011)
    __rt_lib_init_lc_ctype_1                 0x08000247   Thumb Code     0  libinit2.o(.ARM.Collect$$libinit$$00000013)
    __rt_lib_init_lc_monetary_1              0x08000247   Thumb Code     0  libinit2.o(.ARM.Collect$$libinit$$00000015)
    __rt_lib_init_lc_numeric_1               0x08000247   Thumb Code     0  libinit2.o(.ARM.Collect$$libinit$$00000017)
    __rt_lib_init_lc_time_1                  0x08000247   Thumb Code     0  libinit2.o(.ARM.Collect$$libinit$$00000019)
    __rt_lib_init_preinit_1                  0x08000247   Thumb Code     0  libinit2.o(.ARM.Collect$$libinit$$00000004)
    __rt_lib_init_rand_1                     0x08000247   Thumb Code     0  libinit2.o(.ARM.Collect$$libinit$$0000000E)
    __rt_lib_init_return                     0x08000247   Thumb Code     0  libinit2.o(.ARM.Collect$$libinit$$00000033)
    __rt_lib_init_signal_1                   0x08000247   Thumb Code     0  libinit2.o(.ARM.Collect$$libinit$$0000001D)
    __rt_lib_init_stdio_1                    0x08000247   Thumb Code     0  libinit2.o(.ARM.Collect$$libinit$$00000025)
    __rt_lib_init_user_alloc_1               0x08000247   Thumb Code     0  libinit2.o(.ARM.Collect$$libinit$$0000000C)
    __rt_lib_shutdown                        0x08000249   Thumb Code     0  libshutdown.o(.ARM.Collect$$libshutdown$$00000000)
    __rt_lib_shutdown_cpp_1                  0x0800024b   Thumb Code     0  libshutdown2.o(.ARM.Collect$$libshutdown$$00000002)
    __rt_lib_shutdown_fp_trap_1              0x0800024b   Thumb Code     0  libshutdown2.o(.ARM.Collect$$libshutdown$$00000007)
    __rt_lib_shutdown_heap_1                 0x0800024b   Thumb Code     0  libshutdown2.o(.ARM.Collect$$libshutdown$$0000000F)
    __rt_lib_shutdown_return                 0x0800024b   Thumb Code     0  libshutdown2.o(.ARM.Collect$$libshutdown$$00000010)
    __rt_lib_shutdown_signal_1               0x0800024b   Thumb Code     0  libshutdown2.o(.ARM.Collect$$libshutdown$$0000000A)
    __rt_lib_shutdown_stdio_1                0x0800024b   Thumb Code     0  libshutdown2.o(.ARM.Collect$$libshutdown$$00000004)
    __rt_lib_shutdown_user_alloc_1           0x0800024b   Thumb Code     0  libshutdown2.o(.ARM.Collect$$libshutdown$$0000000C)
    __rt_entry                               0x0800024d   Thumb Code     0  __rtentry.o(.ARM.Collect$$rtentry$$00000000)
    __rt_entry_presh_1                       0x0800024d   Thumb Code     0  __rtentry2.o(.ARM.Collect$$rtentry$$00000002)
    __rt_entry_sh                            0x0800024d   Thumb Code     0  __rtentry4.o(.ARM.Collect$$rtentry$$00000004)
    __rt_entry_postsh_1                      0x08000253   Thumb Code     0  __rtentry2.o(.ARM.Collect$$rtentry$$00000008)
    __rt_entry_li                            0x0800025b   Thumb Code     0  __rtentry2.o(.ARM.Collect$$rtentry$$0000000A)
    __rt_entry_main                          0x0800025f   Thumb Code     0  __rtentry2.o(.ARM.Collect$$rtentry$$0000000D)
    __rt_entry_postli_1                      0x0800025f   Thumb Code     0  __rtentry2.o(.ARM.Collect$$rtentry$$0000000C)
    __rt_exit                                0x08000267   Thumb Code     0  rtexit.o(.ARM.Collect$$rtexit$$00000000)
    __rt_exit_ls                             0x08000269   Thumb Code     0  rtexit2.o(.ARM.Collect$$rtexit$$00000003)
    __rt_exit_prels_1                        0x08000269   Thumb Code     0  rtexit2.o(.ARM.Collect$$rtexit$$00000002)
    __rt_exit_exit                           0x0800026d   Thumb Code     0  rtexit2.o(.ARM.Collect$$rtexit$$00000004)
    Reset_Handler                            0x08000275   Thumb Code     8  startup_stm32f429xx.o(.text)
    NMI_Handler                              0x0800027d   Thumb Code     2  startup_stm32f429xx.o(.text)
    HardFault_Handler                        0x0800027f   Thumb Code     2  startup_stm32f429xx.o(.text)
    MemManage_Handler                        0x08000281   Thumb Code     2  startup_stm32f429xx.o(.text)
    BusFault_Handler                         0x08000283   Thumb Code     2  startup_stm32f429xx.o(.text)
    UsageFault_Handler                       0x08000285   Thumb Code     2  startup_stm32f429xx.o(.text)
    DebugMon_Handler                         0x08000289   Thumb Code     2  startup_stm32f429xx.o(.text)
    ADC_IRQHandler                           0x0800028f   Thumb Code     0  startup_stm32f429xx.o(.text)
    CAN1_RX0_IRQHandler                      0x0800028f   Thumb Code     0  startup_stm32f429xx.o(.text)
    CAN1_RX1_IRQHandler                      0x0800028f   Thumb Code     0  startup_stm32f429xx.o(.text)
    CAN1_SCE_IRQHandler                      0x0800028f   Thumb Code     0  startup_stm32f429xx.o(.text)
    CAN1_TX_IRQHandler                       0x0800028f   Thumb Code     0  startup_stm32f429xx.o(.text)
    CAN2_RX0_IRQHandler                      0x0800028f   Thumb Code     0  startup_stm32f429xx.o(.text)
    CAN2_RX1_IRQHandler                      0x0800028f   Thumb Code     0  startup_stm32f429xx.o(.text)
    CAN2_SCE_IRQHandler                      0x0800028f   Thumb Code     0  startup_stm32f429xx.o(.text)
    CAN2_TX_IRQHandler                       0x0800028f   Thumb Code     0  startup_stm32f429xx.o(.text)
    DCMI_IRQHandler                          0x0800028f   Thumb Code     0  startup_stm32f429xx.o(.text)
    DMA1_Stream0_IRQHandler                  0x0800028f   Thumb Code     0  startup_stm32f429xx.o(.text)
    DMA1_Stream1_IRQHandler                  0x0800028f   Thumb Code     0  startup_stm32f429xx.o(.text)
    DMA1_Stream2_IRQHandler                  0x0800028f   Thumb Code     0  startup_stm32f429xx.o(.text)
    DMA1_Stream3_IRQHandler                  0x0800028f   Thumb Code     0  startup_stm32f429xx.o(.text)
    DMA1_Stream4_IRQHandler                  0x0800028f   Thumb Code     0  startup_stm32f429xx.o(.text)
    DMA1_Stream5_IRQHandler                  0x0800028f   Thumb Code     0  startup_stm32f429xx.o(.text)
    DMA1_Stream6_IRQHandler                  0x0800028f   Thumb Code     0  startup_stm32f429xx.o(.text)
    DMA1_Stream7_IRQHandler                  0x0800028f   Thumb Code     0  startup_stm32f429xx.o(.text)
    DMA2D_IRQHandler                         0x0800028f   Thumb Code     0  startup_stm32f429xx.o(.text)
    DMA2_Stream0_IRQHandler                  0x0800028f   Thumb Code     0  startup_stm32f429xx.o(.text)
    DMA2_Stream1_IRQHandler                  0x0800028f   Thumb Code     0  startup_stm32f429xx.o(.text)
    DMA2_Stream3_IRQHandler                  0x0800028f   Thumb Code     0  startup_stm32f429xx.o(.text)
    DMA2_Stream4_IRQHandler                  0x0800028f   Thumb Code     0  startup_stm32f429xx.o(.text)
    DMA2_Stream5_IRQHandler                  0x0800028f   Thumb Code     0  startup_stm32f429xx.o(.text)
    DMA2_Stream6_IRQHandler                  0x0800028f   Thumb Code     0  startup_stm32f429xx.o(.text)
    ETH_IRQHandler                           0x0800028f   Thumb Code     0  startup_stm32f429xx.o(.text)
    ETH_WKUP_IRQHandler                      0x0800028f   Thumb Code     0  startup_stm32f429xx.o(.text)
    EXTI0_IRQHandler                         0x0800028f   Thumb Code     0  startup_stm32f429xx.o(.text)
    EXTI15_10_IRQHandler                     0x0800028f   Thumb Code     0  startup_stm32f429xx.o(.text)
    EXTI1_IRQHandler                         0x0800028f   Thumb Code     0  startup_stm32f429xx.o(.text)
    EXTI2_IRQHandler                         0x0800028f   Thumb Code     0  startup_stm32f429xx.o(.text)
    EXTI3_IRQHandler                         0x0800028f   Thumb Code     0  startup_stm32f429xx.o(.text)
    EXTI4_IRQHandler                         0x0800028f   Thumb Code     0  startup_stm32f429xx.o(.text)
    EXTI9_5_IRQHandler                       0x0800028f   Thumb Code     0  startup_stm32f429xx.o(.text)
    FLASH_IRQHandler                         0x0800028f   Thumb Code     0  startup_stm32f429xx.o(.text)
    FMC_IRQHandler                           0x0800028f   Thumb Code     0  startup_stm32f429xx.o(.text)
    FPU_IRQHandler                           0x0800028f   Thumb Code     0  startup_stm32f429xx.o(.text)
    HASH_RNG_IRQHandler                      0x0800028f   Thumb Code     0  startup_stm32f429xx.o(.text)
    I2C1_ER_IRQHandler                       0x0800028f   Thumb Code     0  startup_stm32f429xx.o(.text)
    I2C1_EV_IRQHandler                       0x0800028f   Thumb Code     0  startup_stm32f429xx.o(.text)
    I2C2_ER_IRQHandler                       0x0800028f   Thumb Code     0  startup_stm32f429xx.o(.text)
    I2C2_EV_IRQHandler                       0x0800028f   Thumb Code     0  startup_stm32f429xx.o(.text)
    I2C3_ER_IRQHandler                       0x0800028f   Thumb Code     0  startup_stm32f429xx.o(.text)
    I2C3_EV_IRQHandler                       0x0800028f   Thumb Code     0  startup_stm32f429xx.o(.text)
    LTDC_ER_IRQHandler                       0x0800028f   Thumb Code     0  startup_stm32f429xx.o(.text)
    LTDC_IRQHandler                          0x0800028f   Thumb Code     0  startup_stm32f429xx.o(.text)
    OTG_FS_WKUP_IRQHandler                   0x0800028f   Thumb Code     0  startup_stm32f429xx.o(.text)
    OTG_HS_EP1_IN_IRQHandler                 0x0800028f   Thumb Code     0  startup_stm32f429xx.o(.text)
    OTG_HS_EP1_OUT_IRQHandler                0x0800028f   Thumb Code     0  startup_stm32f429xx.o(.text)
    OTG_HS_IRQHandler                        0x0800028f   Thumb Code     0  startup_stm32f429xx.o(.text)
    OTG_HS_WKUP_IRQHandler                   0x0800028f   Thumb Code     0  startup_stm32f429xx.o(.text)
    PVD_IRQHandler                           0x0800028f   Thumb Code     0  startup_stm32f429xx.o(.text)
    RCC_IRQHandler                           0x0800028f   Thumb Code     0  startup_stm32f429xx.o(.text)
    RTC_Alarm_IRQHandler                     0x0800028f   Thumb Code     0  startup_stm32f429xx.o(.text)
    RTC_WKUP_IRQHandler                      0x0800028f   Thumb Code     0  startup_stm32f429xx.o(.text)
    SAI1_IRQHandler                          0x0800028f   Thumb Code     0  startup_stm32f429xx.o(.text)
    SDIO_IRQHandler                          0x0800028f   Thumb Code     0  startup_stm32f429xx.o(.text)
    SPI1_IRQHandler                          0x0800028f   Thumb Code     0  startup_stm32f429xx.o(.text)
    SPI2_IRQHandler                          0x0800028f   Thumb Code     0  startup_stm32f429xx.o(.text)
    SPI3_IRQHandler                          0x0800028f   Thumb Code     0  startup_stm32f429xx.o(.text)
    SPI4_IRQHandler                          0x0800028f   Thumb Code     0  startup_stm32f429xx.o(.text)
    SPI5_IRQHandler                          0x0800028f   Thumb Code     0  startup_stm32f429xx.o(.text)
    SPI6_IRQHandler                          0x0800028f   Thumb Code     0  startup_stm32f429xx.o(.text)
    TAMP_STAMP_IRQHandler                    0x0800028f   Thumb Code     0  startup_stm32f429xx.o(.text)
    TIM1_BRK_TIM9_IRQHandler                 0x0800028f   Thumb Code     0  startup_stm32f429xx.o(.text)
    TIM1_CC_IRQHandler                       0x0800028f   Thumb Code     0  startup_stm32f429xx.o(.text)
    TIM1_TRG_COM_TIM11_IRQHandler            0x0800028f   Thumb Code     0  startup_stm32f429xx.o(.text)
    TIM1_UP_TIM10_IRQHandler                 0x0800028f   Thumb Code     0  startup_stm32f429xx.o(.text)
    TIM2_IRQHandler                          0x0800028f   Thumb Code     0  startup_stm32f429xx.o(.text)
    TIM3_IRQHandler                          0x0800028f   Thumb Code     0  startup_stm32f429xx.o(.text)
    TIM4_IRQHandler                          0x0800028f   Thumb Code     0  startup_stm32f429xx.o(.text)
    TIM5_IRQHandler                          0x0800028f   Thumb Code     0  startup_stm32f429xx.o(.text)
    TIM6_DAC_IRQHandler                      0x0800028f   Thumb Code     0  startup_stm32f429xx.o(.text)
    TIM7_IRQHandler                          0x0800028f   Thumb Code     0  startup_stm32f429xx.o(.text)
    TIM8_BRK_TIM12_IRQHandler                0x0800028f   Thumb Code     0  startup_stm32f429xx.o(.text)
    TIM8_CC_IRQHandler                       0x0800028f   Thumb Code     0  startup_stm32f429xx.o(.text)
    TIM8_TRG_COM_TIM14_IRQHandler            0x0800028f   Thumb Code     0  startup_stm32f429xx.o(.text)
    TIM8_UP_TIM13_IRQHandler                 0x0800028f   Thumb Code     0  startup_stm32f429xx.o(.text)
    UART4_IRQHandler                         0x0800028f   Thumb Code     0  startup_stm32f429xx.o(.text)
    UART5_IRQHandler                         0x0800028f   Thumb Code     0  startup_stm32f429xx.o(.text)
    UART7_IRQHandler                         0x0800028f   Thumb Code     0  startup_stm32f429xx.o(.text)
    UART8_IRQHandler                         0x0800028f   Thumb Code     0  startup_stm32f429xx.o(.text)
    USART2_IRQHandler                        0x0800028f   Thumb Code     0  startup_stm32f429xx.o(.text)
    USART3_IRQHandler                        0x0800028f   Thumb Code     0  startup_stm32f429xx.o(.text)
    USART6_IRQHandler                        0x0800028f   Thumb Code     0  startup_stm32f429xx.o(.text)
    WWDG_IRQHandler                          0x0800028f   Thumb Code     0  startup_stm32f429xx.o(.text)
    __user_initial_stackheap                 0x08000291   Thumb Code     0  startup_stm32f429xx.o(.text)
    SVC_Handler                              0x080002b5   Thumb Code   152  irq_cm4f.o(.text)
    PendSV_Handler                           0x0800034d   Thumb Code    16  irq_cm4f.o(.text)
    SysTick_Handler                          0x0800035d   Thumb Code    16  irq_cm4f.o(.text)
    __aeabi_uldivmod                         0x08000379   Thumb Code     0  lludivv7m.o(.text)
    _ll_udiv                                 0x08000379   Thumb Code   238  lludivv7m.o(.text)
    __aeabi_memcpy                           0x08000467   Thumb Code     0  rt_memcpy_v6.o(.text)
    __rt_memcpy                              0x08000467   Thumb Code   138  rt_memcpy_v6.o(.text)
    _memcpy_lastbytes                        0x080004cd   Thumb Code     0  rt_memcpy_v6.o(.text)
    __aeabi_memclr                           0x080004f1   Thumb Code     0  rt_memclr.o(.text)
    __rt_memclr                              0x080004f1   Thumb Code    68  rt_memclr.o(.text)
    _memset                                  0x080004f5   Thumb Code     0  rt_memclr.o(.text)
    __aeabi_memclr4                          0x08000535   Thumb Code     0  rt_memclr_w.o(.text)
    __aeabi_memclr8                          0x08000535   Thumb Code     0  rt_memclr_w.o(.text)
    __rt_memclr_w                            0x08000535   Thumb Code    78  rt_memclr_w.o(.text)
    _memset_w                                0x08000539   Thumb Code     0  rt_memclr_w.o(.text)
    __use_two_region_memory                  0x08000583   Thumb Code     2  heapauxi.o(.text)
    __rt_heap_escrow$2region                 0x08000585   Thumb Code     2  heapauxi.o(.text)
    __rt_heap_expand$2region                 0x08000587   Thumb Code     2  heapauxi.o(.text)
    __aeabi_memcpy4                          0x08000589   Thumb Code     0  rt_memcpy_w.o(.text)
    __aeabi_memcpy8                          0x08000589   Thumb Code     0  rt_memcpy_w.o(.text)
    __rt_memcpy_w                            0x08000589   Thumb Code   100  rt_memcpy_w.o(.text)
    _memcpy_lastbytes_aligned                0x080005d1   Thumb Code     0  rt_memcpy_w.o(.text)
    __user_setup_stackheap                   0x080005ed   Thumb Code    74  sys_stackheap_outer.o(.text)
    exit                                     0x08000637   Thumb Code    18  exit.o(.text)
    __user_libspace                          0x08000649   Thumb Code     8  libspace.o(.text)
    __user_perproc_libspace                  0x08000649   Thumb Code     0  libspace.o(.text)
    _sys_exit                                0x08000651   Thumb Code     8  sys_exit.o(.text)
    __I$use$semihosting                      0x0800065d   Thumb Code     0  use_no_semi.o(.text)
    __use_no_semihosting_swi                 0x0800065d   Thumb Code     2  use_no_semi.o(.text)
    __semihosting_library_function           0x0800065f   Thumb Code     0  indicate_semi.o(.text)
    OS_Tick_AcknowledgeIRQ                   0x08000715   Thumb Code    12  os_systick.o(.text.OS_Tick_AcknowledgeIRQ)
    OS_Tick_Enable                           0x08000721   Thumb Code    44  os_systick.o(.text.OS_Tick_Enable)
    OS_Tick_GetIRQn                          0x0800074d   Thumb Code     6  os_systick.o(.text.OS_Tick_GetIRQn)
    OS_Tick_Setup                            0x08000755   Thumb Code    64  os_systick.o(.text.OS_Tick_Setup)
    osKernelGetState                         0x0800084d   Thumb Code    48  rtx_kernel.o(.text.osKernelGetState)
    osKernelGetTickCount                     0x0800087d   Thumb Code    40  rtx_kernel.o(.text.osKernelGetTickCount)
    osKernelInitialize                       0x080008a5   Thumb Code    44  rtx_kernel.o(.text.osKernelInitialize)
    osKernelStart                            0x080008d1   Thumb Code    36  rtx_kernel.o(.text.osKernelStart)
    osMessageQueueGet                        0x080008f5   Thumb Code   108  rtx_msgqueue.o(.text.osMessageQueueGet)
    osMessageQueueNew                        0x08000961   Thumb Code    36  rtx_msgqueue.o(.text.osMessageQueueNew)
    osMessageQueuePut                        0x08000985   Thumb Code   120  rtx_msgqueue.o(.text.osMessageQueuePut)
    osMutexAcquire                           0x080009fd   Thumb Code    36  rtx_mutex.o(.text.osMutexAcquire)
    osMutexDelete                            0x08000a21   Thumb Code    36  rtx_mutex.o(.text.osMutexDelete)
    osMutexNew                               0x08000a45   Thumb Code    36  rtx_mutex.o(.text.osMutexNew)
    osMutexRelease                           0x08000a69   Thumb Code    36  rtx_mutex.o(.text.osMutexRelease)
    osRtxKernelPreInit                       0x08000a8d   Thumb Code     2  rtx_kernel.o(.text.osRtxKernelPreInit)
    osRtxMemoryAlloc                         0x08000a8f   Thumb Code   112  rtx_memory.o(.text.osRtxMemoryAlloc)
    osRtxMemoryFree                          0x08000aff   Thumb Code    70  rtx_memory.o(.text.osRtxMemoryFree)
    osRtxMemoryInit                          0x08000b45   Thumb Code    60  rtx_memory.o(.text.osRtxMemoryInit)
    osRtxMemoryPoolAlloc                     0x08000b81   Thumb Code    58  rtx_mempool.o(.text.osRtxMemoryPoolAlloc)
    osRtxMemoryPoolFree                      0x08000bbb   Thumb Code    74  rtx_mempool.o(.text.osRtxMemoryPoolFree)
    osRtxMemoryPoolInit                      0x08000c05   Thumb Code    54  rtx_mempool.o(.text.osRtxMemoryPoolInit)
    osRtxMutexOwnerRelease                   0x08000cf5   Thumb Code    72  rtx_mutex.o(.text.osRtxMutexOwnerRelease)
    osRtxMutexOwnerRestore                   0x08000d3d   Thumb Code    66  rtx_mutex.o(.text.osRtxMutexOwnerRestore)
    osRtxPendSV_Handler                      0x08000d81   Thumb Code   140  rtx_system.o(.text.osRtxPendSV_Handler)
    osRtxPostProcess                         0x08000e0d   Thumb Code   116  rtx_system.o(.text.osRtxPostProcess)
    osRtxThreadDelayTick                     0x08000f69   Thumb Code    76  rtx_thread.o(.text.osRtxThreadDelayTick)
    osRtxThreadDispatch                      0x08000fb5   Thumb Code    88  rtx_thread.o(.text.osRtxThreadDispatch)
    osRtxThreadListGet                       0x08001065   Thumb Code    18  rtx_thread.o(.text.osRtxThreadListGet)
    osRtxThreadListPut                       0x08001077   Thumb Code    44  rtx_thread.o(.text.osRtxThreadListPut)
    osRtxThreadListRemove                    0x080010a3   Thumb Code    20  rtx_thread.o(.text.osRtxThreadListRemove)
    osRtxThreadListSort                      0x080010c3   Thumb Code    38  rtx_thread.o(.text.osRtxThreadListSort)
    osRtxThreadReadyPut                      0x08001111   Thumb Code    20  rtx_thread.o(.text.osRtxThreadReadyPut)
    osRtxThreadRegPtr                        0x08001125   Thumb Code    20  rtx_thread.o(.text.osRtxThreadRegPtr)
    osRtxThreadStackCheck                    0x08001139   Thumb Code    40  rtx_thread.o(.text.osRtxThreadStackCheck)
    osRtxThreadStartup                       0x08001161   Thumb Code    64  rtx_thread.o(.text.osRtxThreadStartup)
    osRtxThreadSwitch                        0x080011a1   Thumb Code    16  rtx_thread.o(.text.osRtxThreadSwitch)
    osRtxThreadWaitEnter                     0x080011b1   Thumb Code    56  rtx_thread.o(.text.osRtxThreadWaitEnter)
    osRtxThreadWaitExit                      0x080011e9   Thumb Code    50  rtx_thread.o(.text.osRtxThreadWaitExit)
    osRtxTick_Handler                        0x0800121d   Thumb Code   112  rtx_system.o(.text.osRtxTick_Handler)
    osRtxTimerThread                         0x0800128d   Thumb Code    60  rtx_timer.o(.text.osRtxTimerThread)
    osThreadExit                             0x0800131d   Thumb Code    12  rtx_thread.o(.text.osThreadExit)
    DMA2_Stream2_IRQHandler                  0x08001c81   Thumb Code    16  usart_stm32f4xx.o(i.DMA2_Stream2_IRQHandler)
    DMA2_Stream7_IRQHandler                  0x08001c95   Thumb Code    16  usart_stm32f4xx.o(i.DMA2_Stream7_IRQHandler)
    HAL_DMA_Abort                            0x08001f3d   Thumb Code   170  stm32f4xx_hal_dma.o(i.HAL_DMA_Abort)
    HAL_DMA_DeInit                           0x08001fe7   Thumb Code   112  stm32f4xx_hal_dma.o(i.HAL_DMA_DeInit)
    HAL_DMA_IRQHandler                       0x08002059   Thumb Code   570  stm32f4xx_hal_dma.o(i.HAL_DMA_IRQHandler)
    HAL_DMA_Init                             0x08002299   Thumb Code   232  stm32f4xx_hal_dma.o(i.HAL_DMA_Init)
    HAL_DMA_Start_IT                         0x08002385   Thumb Code   146  stm32f4xx_hal_dma.o(i.HAL_DMA_Start_IT)
    HAL_GPIO_DeInit                          0x08002419   Thumb Code   336  stm32f4xx_hal_gpio.o(i.HAL_GPIO_DeInit)
    HAL_GPIO_Init                            0x08002599   Thumb Code   486  stm32f4xx_hal_gpio.o(i.HAL_GPIO_Init)
    HAL_GPIO_ReadPin                         0x080027b5   Thumb Code    16  stm32f4xx_hal_gpio.o(i.HAL_GPIO_ReadPin)
    HAL_GPIO_WritePin                        0x080027c5   Thumb Code    12  stm32f4xx_hal_gpio.o(i.HAL_GPIO_WritePin)
    HAL_GetREVID                             0x080027d1   Thumb Code     8  stm32f4xx_hal.o(i.HAL_GetREVID)
    HAL_GetTick                              0x080027dd   Thumb Code    66  main.o(i.HAL_GetTick)
    HAL_Init                                 0x08002829   Thumb Code    44  stm32f4xx_hal.o(i.HAL_Init)
    HAL_InitTick                             0x08002859   Thumb Code    64  stm32f4xx_hal.o(i.HAL_InitTick)
    HAL_MspInit                              0x080028a5   Thumb Code     2  stm32f4xx_hal.o(i.HAL_MspInit)
    HAL_NVIC_ClearPendingIRQ                 0x080028a9   Thumb Code    30  stm32f4xx_hal_cortex.o(i.HAL_NVIC_ClearPendingIRQ)
    HAL_NVIC_DisableIRQ                      0x080028cd   Thumb Code    38  stm32f4xx_hal_cortex.o(i.HAL_NVIC_DisableIRQ)
    HAL_NVIC_SetPriority                     0x080028f9   Thumb Code   124  stm32f4xx_hal_cortex.o(i.HAL_NVIC_SetPriority)
    HAL_NVIC_SetPriorityGrouping             0x08002975   Thumb Code    32  stm32f4xx_hal_cortex.o(i.HAL_NVIC_SetPriorityGrouping)
    HAL_RCC_ClockConfig                      0x0800299d   Thumb Code   368  stm32f4xx_hal_rcc.o(i.HAL_RCC_ClockConfig)
    HAL_RCC_GetHCLKFreq                      0x08002b21   Thumb Code     6  stm32f4xx_hal_rcc.o(i.HAL_RCC_GetHCLKFreq)
    HAL_RCC_GetPCLK2Freq                     0x08002b2d   Thumb Code    22  stm32f4xx_hal_rcc.o(i.HAL_RCC_GetPCLK2Freq)
    HAL_RCC_GetSysClockFreq                  0x08002b4d   Thumb Code   162  stm32f4xx_hal_rcc.o(i.HAL_RCC_GetSysClockFreq)
    HAL_RCC_OscConfig                        0x08002bfd   Thumb Code  1152  stm32f4xx_hal_rcc.o(i.HAL_RCC_OscConfig)
    HAL_SYSTICK_Config                       0x08003085   Thumb Code    52  stm32f4xx_hal_cortex.o(i.HAL_SYSTICK_Config)
    OTG_FS_IRQHandler                        0x080030b9   Thumb Code    26  otg_fs_stm32f4xx.o(i.OTG_FS_IRQHandler)
    SystemCoreClockUpdate                    0x08003195   Thumb Code   170  system_stm32f4xx.o(i.SystemCoreClockUpdate)
    SystemInit                               0x08003255   Thumb Code    24  system_stm32f4xx.o(i.SystemInit)
    USART1_IRQHandler                        0x080032d9   Thumb Code    10  usart_stm32f4xx.o(i.USART1_IRQHandler)
    USART_IRQHandler                         0x08003d93   Thumb Code   626  usart_stm32f4xx.o(i.USART_IRQHandler)
    USBD_FS_IRQ                              0x08004ce9   Thumb Code  1554  usbd_fs_stm32f4xx.o(i.USBD_FS_IRQ)
    _mutex_acquire                           0x080056e5   Thumb Code    22  rtx_lib.o(i._mutex_acquire)
    _mutex_free                              0x080056fb   Thumb Code    12  rtx_lib.o(i._mutex_free)
    _mutex_initialize                        0x08005707   Thumb Code    34  rtx_lib.o(i._mutex_initialize)
    _mutex_release                           0x08005729   Thumb Code    18  rtx_lib.o(i._mutex_release)
    _platform_post_stackheap_init            0x0800573b   Thumb Code     8  rtx_lib.o(i._platform_post_stackheap_init)
    main                                     0x08005743   Thumb Code    24  main.o(i.main)
    osRtxErrorNotify                         0x0800575b   Thumb Code    32  rtx_config.o(i.osRtxErrorNotify)
    osRtxIdleThread                          0x0800577b   Thumb Code     4  rtx_config.o(i.osRtxIdleThread)
    _fp_init                                 0x080057a1   Thumb Code    10  fpinit.o(x$fpl$fpinit)
    __fplib_config_fpu_vfp                   0x080057a9   Thumb Code     0  fpinit.o(x$fpl$fpinit)
    __fplib_config_pureend_doubles           0x080057a9   Thumb Code     0  fpinit.o(x$fpl$fpinit)
    osRtxUserSVC                             0x0800580c   Data           4  rtx_lib.o(.constdata)
    Driver_USART1                            0x08005890   Data          56  usart_stm32f4xx.o(.constdata)
    AHBPrescTable                            0x080058d0   Data          16  system_stm32f4xx.o(.constdata)
    APBPrescTable                            0x080058e0   Data           8  system_stm32f4xx.o(.constdata)
    irqRtxLib                                0x080058e8   Data           1  irq_cm4f.o(.constdata)
    osRtxConfig                              0x080058ec   Data         104  rtx_lib.o(.rodata)
    os_cb_sections                           0x08005954   Data          56  rtx_lib.o(.rodata)
    Region$$Table$$Base                      0x08005998   Number         0  anon$$obj.o(Region$$Table)
    Region$$Table$$Limit                     0x080059b8   Number         0  anon$$obj.o(Region$$Table)
    usb_lib_version                          0x080059b8   Data           4  usb_lib_ver.o(__MW_USB_LIB_VERSION_6.14.1)
    .bss.os.msgqueue.cb$$Base                0x20008040   Number         0  rtx_lib.o(.bss.os.msgqueue.cb)
    .bss.os.msgqueue.cb$$Limit               0x20008074   Number         0  rtx_lib.o(.bss.os.msgqueue.cb)
    .bss.os.thread.cb$$Base                  0x200080c4   Number         0  rtx_lib.o(.bss.os.thread.cb)
    .bss.os.thread.cb$$Limit                 0x2000814c   Number         0  rtx_lib.o(.bss.os.thread.cb)
    irqRtxLibRef                             0x20008554   Data           4  rtx_lib.o(.data)
    uwTick                                   0x2000857c   Data           4  stm32f4xx_hal.o(.data)
    uwTickPrio                               0x20008580   Data           4  stm32f4xx_hal.o(.data)
    uwTickFreq                               0x20008584   Data           1  stm32f4xx_hal.o(.data)
    SystemCoreClock                          0x20008588   Data           4  system_stm32f4xx.o(.data)
    osRtxInfo                                0x2000858c   Data         164  rtx_kernel.o(.data.os)
    __libspace_start                         0x200087c8   Data          96  libspace.o(.bss)
    __temporary_stack_top$libspace           0x20008828   Data           0  libspace.o(.bss)



==============================================================================

Memory Map of the image

  Image Entry point : 0x080001ad

  Load Region LR_IROM1 (Base: 0x08000000, Size: 0x0000dfec, Max: 0x00200000, ABSOLUTE, COMPRESSED[0x00005ae4])

    Execution Region ER_IROM1 (Exec base: 0x08000000, Load base: 0x08000000, Size: 0x000059bc, Max: 0x00200000, ABSOLUTE)

    Exec Addr    Load Addr    Size         Type   Attr      Idx    E Section Name        Object

    0x08000000   0x08000000   0x000001ac   Data   RO         2217    RESET               startup_stm32f429xx.o
    0x080001ac   0x080001ac   0x00000008   Code   RO         3724  * !!!main             c_w.l(__main.o)
    0x080001b4   0x080001b4   0x00000034   Code   RO         3892    !!!scatter          c_w.l(__scatter.o)
    0x080001e8   0x080001e8   0x0000003a   Code   RO         3890    !!dczerorl          c_w.l(__dczerorl.o)
    0x08000222   0x08000222   0x00000002   PAD
    0x08000224   0x08000224   0x0000001c   Code   RO         3894    !!handler_zi        c_w.l(__scatter_zi.o)
    0x08000240   0x08000240   0x00000002   Code   RO         3761    .ARM.Collect$$libinit$$00000000  c_w.l(libinit.o)
    0x08000242   0x08000242   0x00000004   Code   RO         3773    .ARM.Collect$$libinit$$00000001  c_w.l(libinit2.o)
    0x08000246   0x08000246   0x00000000   Code   RO         3776    .ARM.Collect$$libinit$$00000004  c_w.l(libinit2.o)
    0x08000246   0x08000246   0x00000000   Code   RO         3779    .ARM.Collect$$libinit$$0000000A  c_w.l(libinit2.o)
    0x08000246   0x08000246   0x00000000   Code   RO         3781    .ARM.Collect$$libinit$$0000000C  c_w.l(libinit2.o)
    0x08000246   0x08000246   0x00000000   Code   RO         3783    .ARM.Collect$$libinit$$0000000E  c_w.l(libinit2.o)
    0x08000246   0x08000246   0x00000000   Code   RO         3786    .ARM.Collect$$libinit$$00000011  c_w.l(libinit2.o)
    0x08000246   0x08000246   0x00000000   Code   RO         3788    .ARM.Collect$$libinit$$00000013  c_w.l(libinit2.o)
    0x08000246   0x08000246   0x00000000   Code   RO         3790    .ARM.Collect$$libinit$$00000015  c_w.l(libinit2.o)
    0x08000246   0x08000246   0x00000000   Code   RO         3792    .ARM.Collect$$libinit$$00000017  c_w.l(libinit2.o)
    0x08000246   0x08000246   0x00000000   Code   RO         3794    .ARM.Collect$$libinit$$00000019  c_w.l(libinit2.o)
    0x08000246   0x08000246   0x00000000   Code   RO         3796    .ARM.Collect$$libinit$$0000001B  c_w.l(libinit2.o)
    0x08000246   0x08000246   0x00000000   Code   RO         3798    .ARM.Collect$$libinit$$0000001D  c_w.l(libinit2.o)
    0x08000246   0x08000246   0x00000000   Code   RO         3800    .ARM.Collect$$libinit$$0000001F  c_w.l(libinit2.o)
    0x08000246   0x08000246   0x00000000   Code   RO         3802    .ARM.Collect$$libinit$$00000021  c_w.l(libinit2.o)
    0x08000246   0x08000246   0x00000000   Code   RO         3804    .ARM.Collect$$libinit$$00000023  c_w.l(libinit2.o)
    0x08000246   0x08000246   0x00000000   Code   RO         3806    .ARM.Collect$$libinit$$00000025  c_w.l(libinit2.o)
    0x08000246   0x08000246   0x00000000   Code   RO         3810    .ARM.Collect$$libinit$$0000002C  c_w.l(libinit2.o)
    0x08000246   0x08000246   0x00000000   Code   RO         3812    .ARM.Collect$$libinit$$0000002E  c_w.l(libinit2.o)
    0x08000246   0x08000246   0x00000000   Code   RO         3814    .ARM.Collect$$libinit$$00000030  c_w.l(libinit2.o)
    0x08000246   0x08000246   0x00000000   Code   RO         3816    .ARM.Collect$$libinit$$00000032  c_w.l(libinit2.o)
    0x08000246   0x08000246   0x00000002   Code   RO         3817    .ARM.Collect$$libinit$$00000033  c_w.l(libinit2.o)
    0x08000248   0x08000248   0x00000002   Code   RO         3848    .ARM.Collect$$libshutdown$$00000000  c_w.l(libshutdown.o)
    0x0800024a   0x0800024a   0x00000000   Code   RO         3874    .ARM.Collect$$libshutdown$$00000002  c_w.l(libshutdown2.o)
    0x0800024a   0x0800024a   0x00000000   Code   RO         3876    .ARM.Collect$$libshutdown$$00000004  c_w.l(libshutdown2.o)
    0x0800024a   0x0800024a   0x00000000   Code   RO         3879    .ARM.Collect$$libshutdown$$00000007  c_w.l(libshutdown2.o)
    0x0800024a   0x0800024a   0x00000000   Code   RO         3882    .ARM.Collect$$libshutdown$$0000000A  c_w.l(libshutdown2.o)
    0x0800024a   0x0800024a   0x00000000   Code   RO         3884    .ARM.Collect$$libshutdown$$0000000C  c_w.l(libshutdown2.o)
    0x0800024a   0x0800024a   0x00000000   Code   RO         3887    .ARM.Collect$$libshutdown$$0000000F  c_w.l(libshutdown2.o)
    0x0800024a   0x0800024a   0x00000002   Code   RO         3888    .ARM.Collect$$libshutdown$$00000010  c_w.l(libshutdown2.o)
    0x0800024c   0x0800024c   0x00000000   Code   RO         3726    .ARM.Collect$$rtentry$$00000000  c_w.l(__rtentry.o)
    0x0800024c   0x0800024c   0x00000000   Code   RO         3734    .ARM.Collect$$rtentry$$00000002  c_w.l(__rtentry2.o)
    0x0800024c   0x0800024c   0x00000006   Code   RO         3746    .ARM.Collect$$rtentry$$00000004  c_w.l(__rtentry4.o)
    0x08000252   0x08000252   0x00000008   Code   RO         3735    .ARM.Collect$$rtentry$$00000008  c_w.l(__rtentry2.o)
    0x0800025a   0x0800025a   0x00000004   Code   RO         3737    .ARM.Collect$$rtentry$$0000000A  c_w.l(__rtentry2.o)
    0x0800025e   0x0800025e   0x00000000   Code   RO         3739    .ARM.Collect$$rtentry$$0000000C  c_w.l(__rtentry2.o)
    0x0800025e   0x0800025e   0x00000008   Code   RO         3740    .ARM.Collect$$rtentry$$0000000D  c_w.l(__rtentry2.o)
    0x08000266   0x08000266   0x00000002   Code   RO         3765    .ARM.Collect$$rtexit$$00000000  c_w.l(rtexit.o)
    0x08000268   0x08000268   0x00000000   Code   RO         3821    .ARM.Collect$$rtexit$$00000002  c_w.l(rtexit2.o)
    0x08000268   0x08000268   0x00000004   Code   RO         3822    .ARM.Collect$$rtexit$$00000003  c_w.l(rtexit2.o)
    0x0800026c   0x0800026c   0x00000006   Code   RO         3823    .ARM.Collect$$rtexit$$00000004  c_w.l(rtexit2.o)
    0x08000272   0x08000272   0x00000002   PAD
    0x08000274   0x08000274   0x00000040   Code   RO         2218    .text               startup_stm32f429xx.o
    0x080002b4   0x080002b4   0x000000c4   Code   RO         3303    .text               RTX_CM4F.lib(irq_cm4f.o)
    0x08000378   0x08000378   0x000000ee   Code   RO         3712    .text               c_w.l(lludivv7m.o)
    0x08000466   0x08000466   0x0000008a   Code   RO         3716    .text               c_w.l(rt_memcpy_v6.o)
    0x080004f0   0x080004f0   0x00000044   Code   RO         3718    .text               c_w.l(rt_memclr.o)
    0x08000534   0x08000534   0x0000004e   Code   RO         3720    .text               c_w.l(rt_memclr_w.o)
    0x08000582   0x08000582   0x00000006   Code   RO         3722    .text               c_w.l(heapauxi.o)
    0x08000588   0x08000588   0x00000064   Code   RO         3731    .text               c_w.l(rt_memcpy_w.o)
    0x080005ec   0x080005ec   0x0000004a   Code   RO         3750    .text               c_w.l(sys_stackheap_outer.o)
    0x08000636   0x08000636   0x00000012   Code   RO         3752    .text               c_w.l(exit.o)
    0x08000648   0x08000648   0x00000008   Code   RO         3762    .text               c_w.l(libspace.o)
    0x08000650   0x08000650   0x0000000c   Code   RO         3818    .text               c_w.l(sys_exit.o)
    0x0800065c   0x0800065c   0x00000002   Code   RO         3837    .text               c_w.l(use_no_semi.o)
    0x0800065e   0x0800065e   0x00000000   Code   RO         3839    .text               c_w.l(indicate_semi.o)
    0x0800065e   0x0800065e   0x00000040   Code   RO         3286    .text.MessageQueueGet  RTX_CM4F.lib(rtx_msgqueue.o)
    0x0800069e   0x0800069e   0x00000058   Code   RO         3280    .text.MessageQueuePut  RTX_CM4F.lib(rtx_msgqueue.o)
    0x080006f6   0x080006f6   0x0000001c   Code   RO         3278    .text.MessageQueueRemove  RTX_CM4F.lib(rtx_msgqueue.o)
    0x08000712   0x08000712   0x00000002   PAD
    0x08000714   0x08000714   0x0000000c   Code   RO         3640    .text.OS_Tick_AcknowledgeIRQ  RTX_CM4F.lib(os_systick.o)
    0x08000720   0x08000720   0x0000002c   Code   RO         3636    .text.OS_Tick_Enable  RTX_CM4F.lib(os_systick.o)
    0x0800074c   0x0800074c   0x00000006   Code   RO         3642    .text.OS_Tick_GetIRQn  RTX_CM4F.lib(os_systick.o)
    0x08000752   0x08000752   0x00000002   PAD
    0x08000754   0x08000754   0x00000040   Code   RO         3634    .text.OS_Tick_Setup  RTX_CM4F.lib(os_systick.o)
    0x08000794   0x08000794   0x0000006e   Code   RO         3008    .text.ThreadFlagsCheck  RTX_CM4F.lib(rtx_thread.o)
    0x08000802   0x08000802   0x00000002   PAD
    0x08000804   0x08000804   0x00000048   Code   RO         3094    .text.TimerInsert   RTX_CM4F.lib(rtx_timer.o)
    0x0800084c   0x0800084c   0x00000030   Code   RO         2869    .text.osKernelGetState  RTX_CM4F.lib(rtx_kernel.o)
    0x0800087c   0x0800087c   0x00000028   Code   RO         2885    .text.osKernelGetTickCount  RTX_CM4F.lib(rtx_kernel.o)
    0x080008a4   0x080008a4   0x0000002c   Code   RO         2863    .text.osKernelInitialize  RTX_CM4F.lib(rtx_kernel.o)
    0x080008d0   0x080008d0   0x00000024   Code   RO         2873    .text.osKernelStart  RTX_CM4F.lib(rtx_kernel.o)
    0x080008f4   0x080008f4   0x0000006c   Code   RO         3252    .text.osMessageQueueGet  RTX_CM4F.lib(rtx_msgqueue.o)
    0x08000960   0x08000960   0x00000024   Code   RO         3246    .text.osMessageQueueNew  RTX_CM4F.lib(rtx_msgqueue.o)
    0x08000984   0x08000984   0x00000078   Code   RO         3250    .text.osMessageQueuePut  RTX_CM4F.lib(rtx_msgqueue.o)
    0x080009fc   0x080009fc   0x00000024   Code   RO         3127    .text.osMutexAcquire  RTX_CM4F.lib(rtx_mutex.o)
    0x08000a20   0x08000a20   0x00000024   Code   RO         3133    .text.osMutexDelete  RTX_CM4F.lib(rtx_mutex.o)
    0x08000a44   0x08000a44   0x00000024   Code   RO         3123    .text.osMutexNew    RTX_CM4F.lib(rtx_mutex.o)
    0x08000a68   0x08000a68   0x00000024   Code   RO         3129    .text.osMutexRelease  RTX_CM4F.lib(rtx_mutex.o)
    0x08000a8c   0x08000a8c   0x00000002   Code   RO         2861    .text.osRtxKernelPreInit  RTX_CM4F.lib(rtx_kernel.o)
    0x08000a8e   0x08000a8e   0x00000070   Code   RO         3606    .text.osRtxMemoryAlloc  RTX_CM4F.lib(rtx_memory.o)
    0x08000afe   0x08000afe   0x00000046   Code   RO         3608    .text.osRtxMemoryFree  RTX_CM4F.lib(rtx_memory.o)
    0x08000b44   0x08000b44   0x0000003c   Code   RO         3604    .text.osRtxMemoryInit  RTX_CM4F.lib(rtx_memory.o)
    0x08000b80   0x08000b80   0x0000003a   Code   RO         3195    .text.osRtxMemoryPoolAlloc  RTX_CM4F.lib(rtx_mempool.o)
    0x08000bba   0x08000bba   0x0000004a   Code   RO         3197    .text.osRtxMemoryPoolFree  RTX_CM4F.lib(rtx_mempool.o)
    0x08000c04   0x08000c04   0x00000036   Code   RO         3193    .text.osRtxMemoryPoolInit  RTX_CM4F.lib(rtx_mempool.o)
    0x08000c3a   0x08000c3a   0x000000ba   Code   RO         3276    .text.osRtxMessageQueuePostProcess  RTX_CM4F.lib(rtx_msgqueue.o)
    0x08000cf4   0x08000cf4   0x00000048   Code   RO         3119    .text.osRtxMutexOwnerRelease  RTX_CM4F.lib(rtx_mutex.o)
    0x08000d3c   0x08000d3c   0x00000042   Code   RO         3121    .text.osRtxMutexOwnerRestore  RTX_CM4F.lib(rtx_mutex.o)
    0x08000d7e   0x08000d7e   0x00000002   PAD
    0x08000d80   0x08000d80   0x0000008c   Code   RO         3621    .text.osRtxPendSV_Handler  RTX_CM4F.lib(rtx_system.o)
    0x08000e0c   0x08000e0c   0x00000074   Code   RO         3623    .text.osRtxPostProcess  RTX_CM4F.lib(rtx_system.o)
    0x08000e80   0x08000e80   0x00000038   Code   RO         2948    .text.osRtxThreadBlock  RTX_CM4F.lib(rtx_thread.o)
    0x08000eb8   0x08000eb8   0x00000074   Code   RO         2956    .text.osRtxThreadDelayInsert  RTX_CM4F.lib(rtx_thread.o)
    0x08000f2c   0x08000f2c   0x0000003c   Code   RO         2952    .text.osRtxThreadDelayRemove  RTX_CM4F.lib(rtx_thread.o)
    0x08000f68   0x08000f68   0x0000004c   Code   RO         2936    .text.osRtxThreadDelayTick  RTX_CM4F.lib(rtx_thread.o)
    0x08000fb4   0x08000fb4   0x00000058   Code   RO         2946    .text.osRtxThreadDispatch  RTX_CM4F.lib(rtx_thread.o)
    0x0800100c   0x0800100c   0x00000058   Code   RO         3032    .text.osRtxThreadFree  RTX_CM4F.lib(rtx_thread.o)
    0x08001064   0x08001064   0x00000012   Code   RO         2928    .text.osRtxThreadListGet  RTX_CM4F.lib(rtx_thread.o)
    0x08001076   0x08001076   0x0000002c   Code   RO         2926    .text.osRtxThreadListPut  RTX_CM4F.lib(rtx_thread.o)
    0x080010a2   0x080010a2   0x00000014   Code   RO         2932    .text.osRtxThreadListRemove  RTX_CM4F.lib(rtx_thread.o)
    0x080010b6   0x080010b6   0x0000000c   Code   RO         2938    .text.osRtxThreadListRoot  RTX_CM4F.lib(rtx_thread.o)
    0x080010c2   0x080010c2   0x00000026   Code   RO         2930    .text.osRtxThreadListSort  RTX_CM4F.lib(rtx_thread.o)
    0x080010e8   0x080010e8   0x00000028   Code   RO         3006    .text.osRtxThreadPostProcess  RTX_CM4F.lib(rtx_thread.o)
    0x08001110   0x08001110   0x00000014   Code   RO         2934    .text.osRtxThreadReadyPut  RTX_CM4F.lib(rtx_thread.o)
    0x08001124   0x08001124   0x00000014   Code   RO         2940    .text.osRtxThreadRegPtr  RTX_CM4F.lib(rtx_thread.o)
    0x08001138   0x08001138   0x00000028   Code   RO         2944    .text.osRtxThreadStackCheck  RTX_CM4F.lib(rtx_thread.o)
    0x08001160   0x08001160   0x00000040   Code   RO         2958    .text.osRtxThreadStartup  RTX_CM4F.lib(rtx_thread.o)
    0x080011a0   0x080011a0   0x00000010   Code   RO         2942    .text.osRtxThreadSwitch  RTX_CM4F.lib(rtx_thread.o)
    0x080011b0   0x080011b0   0x00000038   Code   RO         2954    .text.osRtxThreadWaitEnter  RTX_CM4F.lib(rtx_thread.o)
    0x080011e8   0x080011e8   0x00000032   Code   RO         2950    .text.osRtxThreadWaitExit  RTX_CM4F.lib(rtx_thread.o)
    0x0800121a   0x0800121a   0x00000002   PAD
    0x0800121c   0x0800121c   0x00000070   Code   RO         3619    .text.osRtxTick_Handler  RTX_CM4F.lib(rtx_system.o)
    0x0800128c   0x0800128c   0x0000003c   Code   RO         3078    .text.osRtxTimerThread  RTX_CM4F.lib(rtx_timer.o)
    0x080012c8   0x080012c8   0x00000054   Code   RO         3080    .text.osRtxTimerTick  RTX_CM4F.lib(rtx_timer.o)
    0x0800131c   0x0800131c   0x0000000c   Code   RO         2990    .text.osThreadExit  RTX_CM4F.lib(rtx_thread.o)
    0x08001328   0x08001328   0x0000000c   Code   RO         2871    .text.svcRtxKernelGetState  RTX_CM4F.lib(rtx_kernel.o)
    0x08001334   0x08001334   0x0000000c   Code   RO         2887    .text.svcRtxKernelGetTickCount  RTX_CM4F.lib(rtx_kernel.o)
    0x08001340   0x08001340   0x00000150   Code   RO         2901    .text.svcRtxKernelInitialize  RTX_CM4F.lib(rtx_kernel.o)
    0x08001490   0x08001490   0x00000088   Code   RO         2903    .text.svcRtxKernelStart  RTX_CM4F.lib(rtx_kernel.o)
    0x08001518   0x08001518   0x000000e0   Code   RO         3288    .text.svcRtxMessageQueueGet  RTX_CM4F.lib(rtx_msgqueue.o)
    0x080015f8   0x080015f8   0x00000130   Code   RO         3274    .text.svcRtxMessageQueueNew  RTX_CM4F.lib(rtx_msgqueue.o)
    0x08001728   0x08001728   0x000000c0   Code   RO         3284    .text.svcRtxMessageQueuePut  RTX_CM4F.lib(rtx_msgqueue.o)
    0x080017e8   0x080017e8   0x00000094   Code   RO         3139    .text.svcRtxMutexAcquire  RTX_CM4F.lib(rtx_mutex.o)
    0x0800187c   0x0800187c   0x000000b0   Code   RO         3145    .text.svcRtxMutexDelete  RTX_CM4F.lib(rtx_mutex.o)
    0x0800192c   0x0800192c   0x00000068   Code   RO         3135    .text.svcRtxMutexNew  RTX_CM4F.lib(rtx_mutex.o)
    0x08001994   0x08001994   0x000000b4   Code   RO         3141    .text.svcRtxMutexRelease  RTX_CM4F.lib(rtx_mutex.o)
    0x08001a48   0x08001a48   0x00000068   Code   RO         3036    .text.svcRtxThreadExit  RTX_CM4F.lib(rtx_thread.o)
    0x08001ab0   0x08001ab0   0x000001d0   Code   RO         2960    .text.svcRtxThreadNew  RTX_CM4F.lib(rtx_thread.o)
    0x08001c80   0x08001c80   0x00000014   Code   RO          658    i.DMA2_Stream2_IRQHandler  usart_stm32f4xx.o
    0x08001c94   0x08001c94   0x00000014   Code   RO          659    i.DMA2_Stream7_IRQHandler  usart_stm32f4xx.o
    0x08001ca8   0x08001ca8   0x00000034   Code   RO         1379    i.DMA_CalcBaseAndBitshift  stm32f4xx_hal_dma.o
    0x08001cdc   0x08001cdc   0x000000aa   Code   RO         1380    i.DMA_CheckFifoParam  stm32f4xx_hal_dma.o
    0x08001d86   0x08001d86   0x0000002c   Code   RO         1381    i.DMA_SetConfig     stm32f4xx_hal_dma.o
    0x08001db2   0x08001db2   0x00000002   PAD
    0x08001db4   0x08001db4   0x00000184   Code   RO          660    i.Enable_GPIO_Clock  usart_stm32f4xx.o
    0x08001f38   0x08001f38   0x00000004   Code   RO            4    i.Error_Handler     main.o
    0x08001f3c   0x08001f3c   0x000000aa   Code   RO         1382    i.HAL_DMA_Abort     stm32f4xx_hal_dma.o
    0x08001fe6   0x08001fe6   0x00000070   Code   RO         1384    i.HAL_DMA_DeInit    stm32f4xx_hal_dma.o
    0x08002056   0x08002056   0x00000002   PAD
    0x08002058   0x08002058   0x00000240   Code   RO         1387    i.HAL_DMA_IRQHandler  stm32f4xx_hal_dma.o
    0x08002298   0x08002298   0x000000ec   Code   RO         1388    i.HAL_DMA_Init      stm32f4xx_hal_dma.o
    0x08002384   0x08002384   0x00000092   Code   RO         1392    i.HAL_DMA_Start_IT  stm32f4xx_hal_dma.o
    0x08002416   0x08002416   0x00000002   PAD
    0x08002418   0x08002418   0x00000180   Code   RO         1526    i.HAL_GPIO_DeInit   stm32f4xx_hal_gpio.o
    0x08002598   0x08002598   0x0000021c   Code   RO         1529    i.HAL_GPIO_Init     stm32f4xx_hal_gpio.o
    0x080027b4   0x080027b4   0x00000010   Code   RO         1531    i.HAL_GPIO_ReadPin  stm32f4xx_hal_gpio.o
    0x080027c4   0x080027c4   0x0000000c   Code   RO         1533    i.HAL_GPIO_WritePin  stm32f4xx_hal_gpio.o
    0x080027d0   0x080027d0   0x0000000c   Code   RO         1055    i.HAL_GetREVID      stm32f4xx_hal.o
    0x080027dc   0x080027dc   0x0000004c   Code   RO            5    i.HAL_GetTick       main.o
    0x08002828   0x08002828   0x00000030   Code   RO         1063    i.HAL_Init          stm32f4xx_hal.o
    0x08002858   0x08002858   0x0000004c   Code   RO         1064    i.HAL_InitTick      stm32f4xx_hal.o
    0x080028a4   0x080028a4   0x00000002   Code   RO         1066    i.HAL_MspInit       stm32f4xx_hal.o
    0x080028a6   0x080028a6   0x00000002   PAD
    0x080028a8   0x080028a8   0x00000024   Code   RO         1242    i.HAL_NVIC_ClearPendingIRQ  stm32f4xx_hal_cortex.o
    0x080028cc   0x080028cc   0x0000002c   Code   RO         1243    i.HAL_NVIC_DisableIRQ  stm32f4xx_hal_cortex.o
    0x080028f8   0x080028f8   0x0000007c   Code   RO         1250    i.HAL_NVIC_SetPriority  stm32f4xx_hal_cortex.o
    0x08002974   0x08002974   0x00000028   Code   RO         1251    i.HAL_NVIC_SetPriorityGrouping  stm32f4xx_hal_cortex.o
    0x0800299c   0x0800299c   0x00000184   Code   RO         1785    i.HAL_RCC_ClockConfig  stm32f4xx_hal_rcc.o
    0x08002b20   0x08002b20   0x0000000c   Code   RO         1790    i.HAL_RCC_GetHCLKFreq  stm32f4xx_hal_rcc.o
    0x08002b2c   0x08002b2c   0x00000020   Code   RO         1793    i.HAL_RCC_GetPCLK2Freq  stm32f4xx_hal_rcc.o
    0x08002b4c   0x08002b4c   0x000000b0   Code   RO         1794    i.HAL_RCC_GetSysClockFreq  stm32f4xx_hal_rcc.o
    0x08002bfc   0x08002bfc   0x00000488   Code   RO         1797    i.HAL_RCC_OscConfig  stm32f4xx_hal_rcc.o
    0x08003084   0x08003084   0x00000034   Code   RO         1255    i.HAL_SYSTICK_Config  stm32f4xx_hal_cortex.o
    0x080030b8   0x080030b8   0x0000001a   Code   RO          581    i.OTG_FS_IRQHandler  otg_fs_stm32f4xx.o
    0x080030d2   0x080030d2   0x00000002   PAD
    0x080030d4   0x080030d4   0x000000c0   Code   RO            6    i.SystemClock_Config  main.o
    0x08003194   0x08003194   0x000000c0   Code   RO         2225    i.SystemCoreClockUpdate  system_stm32f4xx.o
    0x08003254   0x08003254   0x0000001c   Code   RO         2226    i.SystemInit        system_stm32f4xx.o
    0x08003270   0x08003270   0x00000018   Code   RO          661    i.USART1_Control    usart_stm32f4xx.o
    0x08003288   0x08003288   0x00000010   Code   RO          662    i.USART1_GetCapabilities  usart_stm32f4xx.o
    0x08003298   0x08003298   0x00000010   Code   RO          663    i.USART1_GetModemStatus  usart_stm32f4xx.o
    0x080032a8   0x080032a8   0x00000010   Code   RO          664    i.USART1_GetRxCount  usart_stm32f4xx.o
    0x080032b8   0x080032b8   0x00000010   Code   RO          665    i.USART1_GetStatus  usart_stm32f4xx.o
    0x080032c8   0x080032c8   0x00000010   Code   RO          666    i.USART1_GetTxCount  usart_stm32f4xx.o
    0x080032d8   0x080032d8   0x00000010   Code   RO          667    i.USART1_IRQHandler  usart_stm32f4xx.o
    0x080032e8   0x080032e8   0x00000014   Code   RO          668    i.USART1_Initialize  usart_stm32f4xx.o
    0x080032fc   0x080032fc   0x00000014   Code   RO          669    i.USART1_PowerControl  usart_stm32f4xx.o
    0x08003310   0x08003310   0x00000010   Code   RO          670    i.USART1_RX_DMA_Complete  usart_stm32f4xx.o
    0x08003320   0x08003320   0x00000018   Code   RO          671    i.USART1_Receive    usart_stm32f4xx.o
    0x08003338   0x08003338   0x00000018   Code   RO          672    i.USART1_Send       usart_stm32f4xx.o
    0x08003350   0x08003350   0x00000014   Code   RO          673    i.USART1_SetModemControl  usart_stm32f4xx.o
    0x08003364   0x08003364   0x00000010   Code   RO          674    i.USART1_TX_DMA_Complete  usart_stm32f4xx.o
    0x08003374   0x08003374   0x0000001c   Code   RO          675    i.USART1_Transfer   usart_stm32f4xx.o
    0x08003390   0x08003390   0x00000010   Code   RO          676    i.USART1_Uninitialize  usart_stm32f4xx.o
    0x080033a0   0x080033a0   0x000008ec   Code   RO          677    i.USART_Control     usart_stm32f4xx.o
    0x08003c8c   0x08003c8c   0x00000006   Code   RO          678    i.USART_GetCapabilities  usart_stm32f4xx.o
    0x08003c92   0x08003c92   0x00000052   Code   RO          679    i.USART_GetModemStatus  usart_stm32f4xx.o
    0x08003ce4   0x08003ce4   0x0000001c   Code   RO          680    i.USART_GetRxCount  usart_stm32f4xx.o
    0x08003d00   0x08003d00   0x00000076   Code   RO          681    i.USART_GetStatus   usart_stm32f4xx.o
    0x08003d76   0x08003d76   0x0000001c   Code   RO          682    i.USART_GetTxCount  usart_stm32f4xx.o
    0x08003d92   0x08003d92   0x00000272   Code   RO          683    i.USART_IRQHandler  usart_stm32f4xx.o
    0x08004004   0x08004004   0x000001ec   Code   RO          684    i.USART_Initialize  usart_stm32f4xx.o
    0x080041f0   0x080041f0   0x0000019c   Code   RO          685    i.USART_PeripheralReset  usart_stm32f4xx.o
    0x0800438c   0x0800438c   0x000003d4   Code   RO          686    i.USART_PowerControl  usart_stm32f4xx.o
    0x08004760   0x08004760   0x00000084   Code   RO          687    i.USART_RX_DMA_Complete  usart_stm32f4xx.o
    0x080047e4   0x080047e4   0x00000148   Code   RO          688    i.USART_Receive     usart_stm32f4xx.o
    0x0800492c   0x0800492c   0x0000011a   Code   RO          689    i.USART_Send        usart_stm32f4xx.o
    0x08004a46   0x08004a46   0x0000008c   Code   RO          690    i.USART_SetModemControl  usart_stm32f4xx.o
    0x08004ad2   0x08004ad2   0x0000004c   Code   RO          691    i.USART_TX_DMA_Complete  usart_stm32f4xx.o
    0x08004b1e   0x08004b1e   0x0000006a   Code   RO          692    i.USART_Transfer    usart_stm32f4xx.o
    0x08004b88   0x08004b88   0x0000006a   Code   RO          693    i.USART_Uninitialize  usart_stm32f4xx.o
    0x08004bf2   0x08004bf2   0x00000002   PAD
    0x08004bf4   0x08004bf4   0x00000010   Code   RO          694    i.USARTx_GetVersion  usart_stm32f4xx.o
    0x08004c04   0x08004c04   0x00000028   Code   RO          893    i.USBD_DeviceSetAddress  usbd_fs_stm32f4xx.o
    0x08004c2c   0x08004c2c   0x000000bc   Code   RO          895    i.USBD_EndpointReadSet  usbd_fs_stm32f4xx.o
    0x08004ce8   0x08004ce8   0x0000062c   Code   RO          901    i.USBD_FS_IRQ       usbd_fs_stm32f4xx.o
    0x08005314   0x08005314   0x00000064   Code   RO          902    i.USBD_FlushInEpFifo  usbd_fs_stm32f4xx.o
    0x08005378   0x08005378   0x0000001c   Code   RO          904    i.USBD_GetFrameNumber  usbd_fs_stm32f4xx.o
    0x08005394   0x08005394   0x000000dc   Code   RO          908    i.USBD_ReadFromFifo  usbd_fs_stm32f4xx.o
    0x08005470   0x08005470   0x000000f8   Code   RO          910    i.USBD_Reset        usbd_fs_stm32f4xx.o
    0x08005568   0x08005568   0x00000104   Code   RO          912    i.USBD_WriteToFifo  usbd_fs_stm32f4xx.o
    0x0800566c   0x0800566c   0x0000001c   Code   RO          695    i.__NVIC_ClearPendingIRQ  usart_stm32f4xx.o
    0x08005688   0x08005688   0x00000022   Code   RO          696    i.__NVIC_EnableIRQ  usart_stm32f4xx.o
    0x080056aa   0x080056aa   0x00000002   PAD
    0x080056ac   0x080056ac   0x00000010   Code   RO         1257    i.__NVIC_GetPriorityGrouping  stm32f4xx_hal_cortex.o
    0x080056bc   0x080056bc   0x00000028   Code   RO         1258    i.__NVIC_SetPriority  stm32f4xx_hal_cortex.o
    0x080056e4   0x080056e4   0x00000016   Code   RO          463    i._mutex_acquire    rtx_lib.o
    0x080056fa   0x080056fa   0x0000000c   Code   RO          464    i._mutex_free       rtx_lib.o
    0x08005706   0x08005706   0x00000022   Code   RO          465    i._mutex_initialize  rtx_lib.o
    0x08005728   0x08005728   0x00000012   Code   RO          466    i._mutex_release    rtx_lib.o
    0x0800573a   0x0800573a   0x00000008   Code   RO          467    i._platform_post_stackheap_init  rtx_lib.o
    0x08005742   0x08005742   0x00000018   Code   RO            7    i.main              main.o
    0x0800575a   0x0800575a   0x00000020   Code   RO          546    i.osRtxErrorNotify  rtx_config.o
    0x0800577a   0x0800577a   0x00000004   Code   RO          547    i.osRtxIdleThread   rtx_config.o
    0x0800577e   0x0800577e   0x00000002   PAD
    0x08005780   0x08005780   0x00000020   Code   RO          468    i.os_kernel_is_active  rtx_lib.o
    0x080057a0   0x080057a0   0x0000000a   Code   RO         3833    x$fpl$fpinit        fz_wm.l(fpinit.o)
    0x080057aa   0x080057aa   0x00000002   PAD
    0x080057ac   0x080057ac   0x00000064   Data   RO          475    .constdata          rtx_lib.o
    0x08005810   0x08005810   0x000000b8   Data   RO          698    .constdata          usart_stm32f4xx.o
    0x080058c8   0x080058c8   0x00000008   Data   RO         1394    .constdata          stm32f4xx_hal_dma.o
    0x080058d0   0x080058d0   0x00000018   Data   RO         2227    .constdata          system_stm32f4xx.o
    0x080058e8   0x080058e8   0x00000001   Data   RO         3302    .constdata          RTX_CM4F.lib(irq_cm4f.o)
    0x080058e9   0x080058e9   0x00000003   PAD
    0x080058ec   0x080058ec   0x000000a0   Data   RO          477    .rodata             rtx_lib.o
    0x0800598c   0x0800598c   0x0000000b   Data   RO         2915    .rodata.str1.4      RTX_CM4F.lib(rtx_kernel.o)
    0x08005997   0x08005997   0x00000001   PAD
    0x08005998   0x08005998   0x00000020   Data   RO         3889    Region$$Table       anon$$obj.o
    0x080059b8   0x080059b8   0x00000004   Data   RO         3664    __MW_USB_LIB_VERSION_6.14.1  USB_CM3_L.lib(usb_lib_ver.o)


    Execution Region RW_IRAM1 (Exec base: 0x20000000, Load base: 0x080059bc, Size: 0x00008e30, Max: 0x00030000, ABSOLUTE, COMPRESSED[0x00000128])

    Exec Addr    Load Addr    Size         Type   Attr      Idx    E Section Name        Object

    0x20000000   COMPRESSED   0x00008040   Data   RW          469    .bss.os             rtx_lib.o
    0x20008040   COMPRESSED   0x00000034   Data   RW          471    .bss.os.msgqueue.cb  rtx_lib.o
    0x20008074   COMPRESSED   0x00000050   Data   RW          472    .bss.os.msgqueue.mem  rtx_lib.o
    0x200080c4   COMPRESSED   0x00000088   Data   RW          473    .bss.os.thread.cb   rtx_lib.o
    0x2000814c   COMPRESSED   0x00000004   PAD
    0x20008150   COMPRESSED   0x00000400   Data   RW          474    .bss.os.thread.stack  rtx_lib.o
    0x20008550   COMPRESSED   0x00000004   Data   RW            8    .data               main.o
    0x20008554   COMPRESSED   0x00000005   Data   RW          476    .data               rtx_lib.o
    0x20008559   COMPRESSED   0x00000003   PAD
    0x2000855c   COMPRESSED   0x00000020   Data   RW          915    .data               usbd_fs_stm32f4xx.o
    0x2000857c   COMPRESSED   0x00000009   Data   RW         1070    .data               stm32f4xx_hal.o
    0x20008585   COMPRESSED   0x00000003   PAD
    0x20008588   COMPRESSED   0x00000004   Data   RW         2228    .data               system_stm32f4xx.o
    0x2000858c   COMPRESSED   0x000000a4   Data   RW         2916    .data.os            RTX_CM4F.lib(rtx_kernel.o)
    0x20008630        -       0x000000f8   Zero   RW          697    .bss                usart_stm32f4xx.o
    0x20008728        -       0x000000a0   Zero   RW          913    .bss                usbd_fs_stm32f4xx.o
    0x200087c8        -       0x00000060   Zero   RW         3763    .bss                c_w.l(libspace.o)
    0x20008828        -       0x00000001   Zero   RW         3652    .bss.PendST         RTX_CM4F.lib(os_systick.o)
    0x20008829   COMPRESSED   0x00000007   PAD
    0x20008830        -       0x00000200   Zero   RW         2216    HEAP                startup_stm32f429xx.o
    0x20008a30        -       0x00000400   Zero   RW         2215    STACK               startup_stm32f429xx.o


==============================================================================

Image component sizes


      Code (inc. data)   RO Data    RW Data    ZI Data      Debug   Object Name

       296         22          0          4          0     713889   main.o
        26          0          0          0          0       3372   otg_fs_stm32f4xx.o
        36          6          0          0          0       1069   rtx_config.o
       126          4        260      34129          0      12662   rtx_lib.o
        64         26        428          0       1536        868   startup_stm32f429xx.o
       138         20          0          9          0       9310   stm32f4xx_hal.o
       352         34          0          0          0      35531   stm32f4xx_hal_cortex.o
      1506         16          8          0          0       7660   stm32f4xx_hal_dma.o
       952        102          0          0          0       4269   stm32f4xx_hal_gpio.o
      1768         74          0          0          0       5433   stm32f4xx_hal_rcc.o
       220         26         24          4          0       2171   system_stm32f4xx.o
      7036        270        184          0        248      70738   usart_stm32f4xx.o
      2664        184          0         32        160       9593   usbd_fs_stm32f4xx.o

    ----------------------------------------------------------------------
     15200        784        936      34188       1944     876565   Object Totals
         0          0         32          0          0          0   (incl. Generated)
        16          0          0         10          0          0   (incl. Padding)

    ----------------------------------------------------------------------

      Code (inc. data)   RO Data    RW Data    ZI Data      Debug   Library Member Name

       196         12          1          0          0        540   irq_cm4f.o
       126         32          0          0          1       3108   os_systick.o
       666         60         11        164          0      17231   rtx_kernel.o
       242          0          0          0          0       2478   rtx_memory.o
       186          0          0          0          0      16576   rtx_mempool.o
      1350         28          0          0          0      18694   rtx_msgqueue.o
       890         32          0          0          0      10004   rtx_mutex.o
       368         26          0          0          0       5437   rtx_system.o
      1612         88          0          0          0      32850   rtx_thread.o
       216         20          0          0          0      10445   rtx_timer.o
         0          0          4          0          0          0   usb_lib_ver.o
        58          0          0          0          0          0   __dczerorl.o
         8          0          0          0          0         68   __main.o
         0          0          0          0          0          0   __rtentry.o
        20          0          0          0          0          0   __rtentry2.o
         6          0          0          0          0          0   __rtentry4.o
        52          8          0          0          0          0   __scatter.o
        28          0          0          0          0          0   __scatter_zi.o
        18          0          0          0          0         80   exit.o
         6          0          0          0          0        152   heapauxi.o
         0          0          0          0          0          0   indicate_semi.o
         2          0          0          0          0          0   libinit.o
         6          0          0          0          0          0   libinit2.o
         2          0          0          0          0          0   libshutdown.o
         2          0          0          0          0          0   libshutdown2.o
         8          4          0          0         96         68   libspace.o
       238          0          0          0          0        100   lludivv7m.o
        68          0          0          0          0         68   rt_memclr.o
        78          0          0          0          0         80   rt_memclr_w.o
       138          0          0          0          0         68   rt_memcpy_v6.o
       100          0          0          0          0         80   rt_memcpy_w.o
         2          0          0          0          0          0   rtexit.o
        10          0          0          0          0          0   rtexit2.o
        12          4          0          0          0         68   sys_exit.o
        74          0          0          0          0         80   sys_stackheap_outer.o
         2          0          0          0          0         68   use_no_semi.o
        10          0          0          0          0        116   fpinit.o

    ----------------------------------------------------------------------
      6816        314         20        164        104     118459   Library Totals
        16          0          4          0          7          0   (incl. Padding)

    ----------------------------------------------------------------------

      Code (inc. data)   RO Data    RW Data    ZI Data      Debug   Library Name

      5852        298         12        164          1     117363   RTX_CM4F.lib
         0          0          4          0          0          0   USB_CM3_L.lib
       938         16          0          0         96        980   c_w.l
        10          0          0          0          0        116   fz_wm.l

    ----------------------------------------------------------------------
      6816        314         20        164        104     118459   Library Totals

    ----------------------------------------------------------------------

==============================================================================


      Code (inc. data)   RO Data    RW Data    ZI Data      Debug   

     22016       1098        956      34352       2048     985880   Grand Totals
     22016       1098        956        296       2048     985880   ELF Image Totals (compressed)
     22016       1098        956        296          0          0   ROM Totals

==============================================================================

    Total RO  Size (Code + RO Data)                22972 (  22.43kB)
    Total RW  Size (RW Data + ZI Data)             36400 (  35.55kB)
    Total ROM Size (Code + RO Data + RW Data)      23268 (  22.72kB)

==============================================================================

