Component: ARM Compiler 5.06 update 7 (build 960) Tool: armlink [4d3601]

==============================================================================

Section Cross References

    main.o(i.HAL_GetTick) refers to rtx_kernel.o(.text.osKernelGetState) for osKernelGetState
    main.o(i.HAL_GetTick) refers to rtx_kernel.o(.text.osKernelGetTickCount) for osKernelGetTickCount
    main.o(i.HAL_GetTick) refers to system_stm32f4xx.o(.data) for SystemCoreClock
    main.o(i.HAL_GetTick) refers to main.o(.data) for ticks
    main.o(i.SystemClock_Config1) refers to stm32f4xx_hal_rcc.o(i.HAL_RCC_OscConfig) for HAL_RCC_OscConfig
    main.o(i.SystemClock_Config1) refers to main.o(i.Error_Handler) for Error_Handler
    main.o(i.SystemClock_Config1) refers to stm32f4xx_hal_rcc.o(i.HAL_RCC_ClockConfig) for HAL_RCC_ClockConfig
    main.o(i.SystemClock_Config1) refers to stm32f4xx_hal.o(i.HAL_GetREVID) for HAL_GetREVID
    main.o(i.app_main) refers to led_f429discovery.o(i.LED_Initialize) for LED_Initialize
    main.o(i.app_main) refers to buttons_f429discovery.o(i.Buttons_Initialize) for Buttons_Initialize
    main.o(i.app_main) refers to rtx_thread.o(.text.osThreadNew) for osThreadNew
    main.o(i.app_main) refers to rtx_thread.o(.text.osThreadExit) for osThreadExit
    main.o(i.app_main) refers to mbethreadcycleb.o(i.mbeThreadCycleb) for mbeThreadCycleb
    main.o(i.app_main) refers to main.o(.data) for tid_mbeThreadCycleb
    main.o(i.app_main) refers to mbethreaddispatcherforserverb.o(i.mbeThreadDispatcherForServerb) for mbeThreadDispatcherForServerb
    main.o(i.app_main) refers to mbethreaddispatcherforlogb.o(i.mbeThreadDispatcherForLOGb) for mbeThreadDispatcherForLOGb
    main.o(i.app_main) refers to mbethreadbsdlistenb.o(i.mbeThreadBSDListenb) for mbeThreadBSDListenb
    main.o(i.app_main) refers to mbethreadtcpipserverb.o(i.mbeThreadTCPIPServerb) for mbeThreadTCPIPServerb
    main.o(i.app_main) refers to mbethreadusbserverb.o(i.mbeThreadUSBServerb) for mbeThreadUSBServerb
    main.o(i.app_main) refers to mbethreaddiob.o(i.mbeThreadDIOb) for mbeThreadDIOb
    main.o(i.app_main) refers to mbethreadadminb.o(i.mbeThreadAdminb) for mbeThreadAdminb
    main.o(i.app_main) refers to mbethreadsimserver.o(i.mbeThreadSIMServer) for mbeThreadSIMServer
    main.o(i.main) refers to stm32f4xx_hal.o(i.HAL_Init) for HAL_Init
    main.o(i.main) refers to rtx_kernel.o(.text.osKernelInitialize) for osKernelInitialize
    main.o(i.main) refers to rtx_thread.o(.text.osThreadNew) for osThreadNew
    main.o(i.main) refers to rtx_kernel.o(.text.osKernelStart) for osKernelStart
    main.o(i.main) refers to main.o(i.app_main) for app_main
    mbethreadcycleb.o(i.HAL_TIM_Base_MspInitMy) refers to stm32f4xx_hal_tim.o(i.HAL_TIM_Base_Init) for HAL_TIM_Base_Init
    mbethreadcycleb.o(i.HAL_TIM_Base_MspInitMy) refers to mbethreadcycleb.o(.bss) for TimHandle
    mbethreadcycleb.o(i.TIM4_IRQHandler) refers to led_f429discovery.o(i.LED_On) for LED_On
    mbethreadcycleb.o(i.TIM4_IRQHandler) refers to rtx_thread.o(.text.osThreadFlagsSet) for osThreadFlagsSet
    mbethreadcycleb.o(i.TIM4_IRQHandler) refers to led_f429discovery.o(i.LED_Off) for LED_Off
    mbethreadcycleb.o(i.TIM4_IRQHandler) refers to mbethreadcycleb.o(.data) for i
    mbethreadcycleb.o(i.TIM4_IRQHandler) refers to main.o(.data) for tid_mbeThreadCycleb
    mbethreadcycleb.o(i.mbeThreadCycleb) refers to stm32f4xx_hal_cortex.o(i.HAL_NVIC_SetPriority) for HAL_NVIC_SetPriority
    mbethreadcycleb.o(i.mbeThreadCycleb) refers to mbethreadcycleb.o(i.HAL_TIM_Base_MspInitMy) for HAL_TIM_Base_MspInitMy
    mbethreadcycleb.o(i.mbeThreadCycleb) refers to led_f429discovery.o(i.LED_Initialize) for LED_Initialize
    mbethreadcycleb.o(i.mbeThreadCycleb) refers to led_f429discovery.o(i.LED_Off) for LED_Off
    mbethreadcycleb.o(i.mbeThreadCycleb) refers to stm32f4xx_hal_cortex.o(i.HAL_NVIC_EnableIRQ) for HAL_NVIC_EnableIRQ
    mbethreadcycleb.o(i.mbeThreadCycleb) refers to rtx_delay.o(.text.osDelay) for osDelay
    mbethreadcycleb.o(i.mbeThreadCycleb) refers to stm32f4xx_hal_tim.o(i.HAL_TIM_Base_Start_IT) for HAL_TIM_Base_Start_IT
    mbethreadcycleb.o(i.mbeThreadCycleb) refers to rtx_thread.o(.text.osThreadFlagsWait) for osThreadFlagsWait
    mbethreadcycleb.o(i.mbeThreadCycleb) refers to mbethreadcycleb.o(.bss) for TimHandle
    mbethreadcycleb.o(i.mbeThreadCycleb) refers to mbethreadcycleb.o(.data) for USARTdrv
    mbethreadcycleb.o(i.mbeThreadCycleb) refers to mbethreadcycleb.o(i.myUSART_callbackU1) for myUSART_callbackU1
    mbethreadcycleb.o(i.mbeThreadCycleb) refers to mbethreadsimserver.o(.data) for startReceive
    mbethreadcycleb.o(i.myUSART_callbackU1) refers to rtx_thread.o(.text.osThreadFlagsSet) for osThreadFlagsSet
    mbethreadcycleb.o(i.myUSART_callbackU1) refers to main.o(.data) for tid_mbeThreadCycleb
    mbethreadcycleb.o(i.myUSART_callbackU1) refers to mbethreadcycleb.o(.data) for retValue
[...]
    i.main                                   0x08005814   Section        0  main.o(i.main)
    i.mbeThreadAdminb                        0x08005834   Section        0  mbethreadadminb.o(i.mbeThreadAdminb)
    i.mbeThreadBSDListenb                    0x08005840   Section        0  mbethreadbsdlistenb.o(i.mbeThreadBSDListenb)
    i.mbeThreadCycleb                        0x0800584c   Section        0  mbethreadcycleb.o(i.mbeThreadCycleb)
    i.mbeThreadDIOb                          0x08005a2c   Section        0  mbethreaddiob.o(i.mbeThreadDIOb)
    i.mbeThreadDispatcherForLOGb             0x08005a38   Section        0  mbethreaddispatcherforlogb.o(i.mbeThreadDispatcherForLOGb)
    i.mbeThreadDispatcherForServerb          0x08005a44   Section        0  mbethreaddispatcherforserverb.o(i.mbeThreadDispatcherForServerb)
    i.mbeThreadSIMServer                     0x08005a50   Section        0  mbethreadsimserver.o(i.mbeThreadSIMServer)
    i.mbeThreadTCPIPServerb                  0x08005ae0   Section        0  mbethreadtcpipserverb.o(i.mbeThreadTCPIPServerb)
    i.mbeThreadUSBServerb                    0x08005aec   Section        0  mbethreadusbserverb.o(i.mbeThreadUSBServerb)
    i.myUSART_callbackU1                     0x08005af8   Section        0  mbethreadcycleb.o(i.myUSART_callbackU1)
    i.myUSART_callbackU5                     0x08005b1c   Section        0  mbethreadsimserver.o(i.myUSART_callbackU5)
    i.osRtxErrorNotify                       0x08005b40   Section        0  rtx_config.o(i.osRtxErrorNotify)
    i.osRtxIdleThread                        0x08005b60   Section        0  rtx_config.o(i.osRtxIdleThread)
    i.os_kernel_is_active                    0x08005b64   Section        0  rtx_lib.o(i.os_kernel_is_active)
    os_kernel_is_active                      0x08005b65   Thumb Code    28  rtx_lib.o(i.os_kernel_is_active)
    x$fpl$fpinit                             0x08005b84   Section       10  fpinit.o(x$fpl$fpinit)
    $v0                                      0x08005b84   Number         0  fpinit.o(x$fpl$fpinit)
    .constdata                               0x08005b90   Section       16  led_f429discovery.o(.constdata)
    LED_PIN                                  0x08005b90   Data          16  led_f429discovery.o(.constdata)
    .constdata                               0x08005ba0   Section      100  rtx_lib.o(.constdata)
    os_idle_thread_attr                      0x08005ba0   Data          36  rtx_lib.o(.constdata)
    os_timer_thread_attr                     0x08005bc4   Data          36  rtx_lib.o(.constdata)
    os_timer_mq_attr                         0x08005be8   Data          24  rtx_lib.o(.constdata)
    .constdata                               0x08005c04   Section      364  usart_stm32f4xx.o(.constdata)
    usart_driver_version                     0x08005c04   Data           4  usart_stm32f4xx.o(.constdata)
    USART1_tx                                0x08005c08   Data          12  usart_stm32f4xx.o(.constdata)
    USART1_rx                                0x08005c14   Data          12  usart_stm32f4xx.o(.constdata)
    USART1_DMA_Tx                            0x08005c20   Data          24  usart_stm32f4xx.o(.constdata)
    USART1_DMA_Rx                            0x08005c38   Data          24  usart_stm32f4xx.o(.constdata)
    USART1_Resources                         0x08005c50   Data          52  usart_stm32f4xx.o(.constdata)
    UART5_tx                                 0x08005c84   Data          12  usart_stm32f4xx.o(.constdata)
    UART5_rx                                 0x08005c90   Data          12  usart_stm32f4xx.o(.constdata)
    UART5_DMA_Tx                             0x08005c9c   Data          24  usart_stm32f4xx.o(.constdata)
    UART5_DMA_Rx                             0x08005cb4   Data          24  usart_stm32f4xx.o(.constdata)
    USART5_Resources                         0x08005ccc   Data          52  usart_stm32f4xx.o(.constdata)
    .constdata                               0x08005d70   Section       24  eventrecorder.o(.constdata)
    __tagsym$$used                           0x08005d70   Number         0  eventrecorder.o(.constdata)
    .constdata                               0x08005d88   Section        8  stm32f4xx_hal_dma.o(.constdata)
    flagBitshiftOffset                       0x08005d88   Data           8  stm32f4xx_hal_dma.o(.constdata)
    .constdata                               0x08005d90   Section       24  system_stm32f4xx.o(.constdata)
    .constdata                               0x08005da8   Section        1  irq_cm4f.o(.constdata)
    .rodata                                  0x08005dac   Section      160  rtx_lib.o(.rodata)
    __tagsym$$used                           0x08005dac   Number         0  rtx_lib.o(.rodata)
    __tagsym$$used                           0x08005e14   Number         0  rtx_lib.o(.rodata)
    [Anonymous Symbol]                       0x08005e4c   Section        0  rtx_kernel.o(.rodata.str1.4)
    .L.str                                   0x08005e4c   Data          11  rtx_kernel.o(.rodata.str1.4)
    __MW_USB_LIB_VERSION_6.14.1              0x08005e78   Section        4  usb_lib_ver.o(__MW_USB_LIB_VERSION_6.14.1)
    __tagsym$$used                           0x08005e78   Number         0  usb_lib_ver.o(__MW_USB_LIB_VERSION_6.14.1)
    .bss.os                                  0x20000000   Section    32832  rtx_lib.o(.bss.os)
    os_mem                                   0x20000000   Data       32768  rtx_lib.o(.bss.os)
    os_isr_queue                             0x20008000   Data          64  rtx_lib.o(.bss.os)
    .bss.os.msgqueue.cb                      0x20008040   Section       52  rtx_lib.o(.bss.os.msgqueue.cb)
    os_timer_mq_cb                           0x20008040   Data          52  rtx_lib.o(.bss.os.msgqueue.cb)
    .bss.os.msgqueue.mem                     0x20008074   Section       80  rtx_lib.o(.bss.os.msgqueue.mem)
    os_timer_mq_data                         0x20008074   Data          80  rtx_lib.o(.bss.os.msgqueue.mem)
    .bss.os.thread.cb                        0x200080c4   Section      136  rtx_lib.o(.bss.os.thread.cb)
    os_idle_thread_cb                        0x200080c4   Data          68  rtx_lib.o(.bss.os.thread.cb)
    os_timer_thread_cb                       0x20008108   Data          68  rtx_lib.o(.bss.os.thread.cb)
    .bss.os.thread.stack                     0x20008150   Section     1024  rtx_lib.o(.bss.os.thread.stack)
    os_idle_thread_stack                     0x20008150   Data         512  rtx_lib.o(.bss.os.thread.stack)
    os_timer_thread_stack                    0x20008350   Data         512  rtx_lib.o(.bss.os.thread.stack)
    .bss.os.timer.cb                         0x20008550   Section       32  rtx_lib.o(.bss.os.timer.cb)
    os_timer_cb                              0x20008550   Data          32  rtx_lib.o(.bss.os.timer.cb)
    .data                                    0x20008570   Section       44  main.o(.data)
    ticks                                    0x20008598   Data           4  main.o(.data)
    .data                                    0x2000859c   Section       22  mbethreadcycleb.o(.data)
    USARTdrv                                 0x200085ac   Data           4  mbethreadcycleb.o(.data)
    i                                        0x200085b0   Data           2  mbethreadcycleb.o(.data)
    .data                                    0x200085b4   Section       12  mbethreadsimserver.o(.data)
    USARTdrv                                 0x200085bc   Data           4  mbethreadsimserver.o(.data)
    .data                                    0x200085c0   Section        5  rtx_lib.o(.data)
    os_kernel_active                         0x200085c4   Data           1  rtx_lib.o(.data)
    .data                                    0x200085c8   Section       32  usbd_fs_stm32f4xx.o(.data)
    SignalDeviceEvent                        0x200085c8   Data           4  usbd_fs_stm32f4xx.o(.data)
    SignalEndpointEvent                      0x200085cc   Data           4  usbd_fs_stm32f4xx.o(.data)
    hw_powered                               0x200085d0   Data           1  usbd_fs_stm32f4xx.o(.data)
    hw_initialized                           0x200085d1   Data           1  usbd_fs_stm32f4xx.o(.data)
    usbd_state                               0x200085d4   Data           4  usbd_fs_stm32f4xx.o(.data)
    setup_packet                             0x200085d8   Data           8  usbd_fs_stm32f4xx.o(.data)
    setup_received                           0x200085e0   Data           1  usbd_fs_stm32f4xx.o(.data)
    IsoInIncomplete                          0x200085e4   Data           4  usbd_fs_stm32f4xx.o(.data)
    .data                                    0x200085e8   Section        9  stm32f4xx_hal.o(.data)
    .data                                    0x200085f4   Section        4  system_stm32f4xx.o(.data)
    .data.os.timer.mpi                       0x2000869c   Section       24  rtx_lib.o(.data.os.timer.mpi)
    os_mpi_timer                             0x2000869c   Data          24  rtx_lib.o(.data.os.timer.mpi)
    .bss                                     0x200086b4   Section       64  mbethreadcycleb.o(.bss)
    .bss                                     0x200086f4   Section       64  mbethreadsimserver.o(.bss)
    .bss                                     0x20008734   Section      224  mci_stm32f4xx.o(.bss)
    hdma_sdio_rx                             0x20008734   Data          96  mci_stm32f4xx.o(.bss)
    hdma_sdio_tx                             0x20008794   Data          96  mci_stm32f4xx.o(.bss)
    MCI                                      0x200087f4   Data          32  mci_stm32f4xx.o(.bss)
    .bss                                     0x20008814   Section      496  usart_stm32f4xx.o(.bss)
    USART1_Info                              0x20008814   Data          20  usart_stm32f4xx.o(.bss)
    USART1_TransferInfo                      0x20008828   Data          36  usart_stm32f4xx.o(.bss)
    hdma_usart1_tx                           0x2000884c   Data          96  usart_stm32f4xx.o(.bss)
    hdma_usart1_rx                           0x200088ac   Data          96  usart_stm32f4xx.o(.bss)
    UART5_Info                               0x2000890c   Data          20  usart_stm32f4xx.o(.bss)
    UART5_TransferInfo                       0x20008920   Data          36  usart_stm32f4xx.o(.bss)
    hdma_uart5_tx                            0x20008944   Data          96  usart_stm32f4xx.o(.bss)
    hdma_uart5_rx                            0x200089a4   Data          96  usart_stm32f4xx.o(.bss)
    .bss                                     0x20008a04   Section      160  usbd_fs_stm32f4xx.o(.bss)
    ep                                       0x20008a04   Data         160  usbd_fs_stm32f4xx.o(.bss)
    .bss                                     0x20008aa4   Section       96  libspace.o(.bss)
    [Anonymous Symbol]                       0x20008b04   Section        0  os_systick.o(.bss.PendST)
    PendST                                   0x20008b04   Data           1  os_systick.o(.bss.PendST)
    .bss.noinit                              0x20008b40   Section     1188  eventrecorder.o(.bss.noinit)
    EventBuffer                              0x20008b40   Data        1024  eventrecorder.o(.bss.noinit)
    EventFilter                              0x20008f40   Data         128  eventrecorder.o(.bss.noinit)
    EventStatus                              0x20008fc0   Data          36  eventrecorder.o(.bss.noinit)
    HEAP                                     0x20008fe8   Section      512  startup_stm32f429xx.o(HEAP)
    Heap_Mem                                 0x20008fe8   Data         512  startup_stm32f429xx.o(HEAP)
    STACK                                    0x200091e8   Section     1024  startup_stm32f429xx.o(STACK)
    Stack_Mem                                0x200091e8   Data        1024  startup_stm32f429xx.o(STACK)
    __initial_sp                             0x200095e8   Data           0  startup_stm32f429xx.o(STACK)

    Global Symbols

    Symbol Name                              Value     Ov Type        Size  Object(Section)

    BuildAttributes$$THM_ISAv4$E$P$D$K$B$S$7EM$VFPi3$EXTD16$VFPS$VFMA$PE$A:L22UL41UL21$X:L11$S22US41US21$IEEE1$IW$~IW$USESV6$~STKCKD$USESV7$~SHL$OTIME$ROPI$EBA8$UX$STANDARDLIB$REQ8$PRES8$EABIv2 0x00000000   Number         0  anon$$obj.o ABSOLUTE
    __ARM_use_no_argv                        0x00000000   Number         0  main.o ABSOLUTE
    .bss.os.evflags.cb$$Base                  - Undefined Weak Reference
    .bss.os.evflags.cb$$Limit                 - Undefined Weak Reference
    .bss.os.mempool.cb$$Base                  - Undefined Weak Reference
    .bss.os.mempool.cb$$Limit                 - Undefined Weak Reference
    .bss.os.mutex.cb$$Base                    - Undefined Weak Reference
    .bss.os.mutex.cb$$Limit                   - Undefined Weak Reference
    .bss.os.semaphore.cb$$Base                - Undefined Weak Reference
    .bss.os.semaphore.cb$$Limit               - Undefined Weak Reference
    __ARM_exceptions_init                     - Undefined Weak Reference
    __alloca_initialize                       - Undefined Weak Reference
    __arm_fini_                               - Undefined Weak Reference
    __arm_preinit_                            - Undefined Weak Reference
    __cpp_initialize__aeabi_                  - Undefined Weak Reference
    __cxa_finalize                            - Undefined Weak Reference
    __sigvec_lookup                           - Undefined Weak Reference
    __user_heap_extent                        - Undefined Weak Reference
    _atexit_init                              - Undefined Weak Reference
    _call_atexit_fns                          - Undefined Weak Reference
    _clock_init                               - Undefined Weak Reference
    _fp_trap_init                             - Undefined Weak Reference
    _fp_trap_shutdown                         - Undefined Weak Reference
    _get_lc_collate                           - Undefined Weak Reference
    _get_lc_monetary                          - Undefined Weak Reference
    _get_lc_numeric                           - Undefined Weak Reference
    _get_lc_time                              - Undefined Weak Reference
    _getenv_init                              - Undefined Weak Reference
    _handle_redirection                       - Undefined Weak Reference
    _rand_init                                - Undefined Weak Reference
    _signal_finish                            - Undefined Weak Reference
    _signal_init                              - Undefined Weak Reference
    __Vectors_Size                           0x000001ac   Number         0  startup_stm32f429xx.o ABSOLUTE
    __Vectors                                0x08000000   Data           4  startup_stm32f429xx.o(RESET)
    __Vectors_End                            0x080001ac   Data           0  startup_stm32f429xx.o(RESET)
    __main                                   0x080001ad   Thumb Code     8  __main.o(!!!main)
    __scatterload                            0x080001b5   Thumb Code     0  __scatter.o(!!!scatter)
    __scatterload_rt2                        0x080001b5   Thumb Code    44  __scatter.o(!!!scatter)
    __scatterload_rt2_thumb_only             0x080001b5   Thumb Code     0  __scatter.o(!!!scatter)
    __scatterload_null                       0x080001c3   Thumb Code     0  __scatter.o(!!!scatter)
    __decompress                             0x080001e9   Thumb Code    58  __dczerorl.o(!!dczerorl)
    __decompress0                            0x080001e9   Thumb Code     0  __dczerorl.o(!!dczerorl)
    __scatterload_zeroinit                   0x08000225   Thumb Code    28  __scatter_zi.o(!!handler_zi)
    __rt_lib_init                            0x08000241   Thumb Code     0  libinit.o(.ARM.Collect$$libinit$$00000000)
    __rt_lib_init_fp_1                       0x08000243   Thumb Code     0  libinit2.o(.ARM.Collect$$libinit$$00000001)
    __rt_lib_init_alloca_1                   0x08000247   Thumb Code     0  libinit2.o(.ARM.Collect$$libinit$$0000002E)
    __rt_lib_init_argv_1                     0x08000247   Thumb Code     0  libinit2.o(.ARM.Collect$$libinit$$0000002C)
    __rt_lib_init_atexit_1                   0x08000247   Thumb Code     0  libinit2.o(.ARM.Collect$$libinit$$0000001B)
    __rt_lib_init_clock_1                    0x08000247   Thumb Code     0  libinit2.o(.ARM.Collect$$libinit$$00000021)
    __rt_lib_init_cpp_1                      0x08000247   Thumb Code     0  libinit2.o(.ARM.Collect$$libinit$$00000032)
    __rt_lib_init_exceptions_1               0x08000247   Thumb Code     0  libinit2.o(.ARM.Collect$$libinit$$00000030)
    __rt_lib_init_fp_trap_1                  0x08000247   Thumb Code     0  libinit2.o(.ARM.Collect$$libinit$$0000001F)
    __rt_lib_init_getenv_1                   0x08000247   Thumb Code     0  libinit2.o(.ARM.Collect$$libinit$$00000023)
    __rt_lib_init_heap_1                     0x08000247   Thumb Code     0  libinit2.o(.ARM.Collect$$libinit$$0000000A)
    __rt_lib_init_lc_collate_1               0x08000247   Thumb Code     0  libinit2.o(.ARM.Collect$$libinit$$00000011)
    __rt_lib_init_lc_ctype_1                 0x08000247   Thumb Code     0  libinit2.o(.ARM.Collect$$libinit$$00000013)
    __rt_lib_init_lc_monetary_1              0x08000247   Thumb Code     0  libinit2.o(.ARM.Collect$$libinit$$00000015)
    __rt_lib_init_lc_numeric_1               0x08000247   Thumb Code     0  libinit2.o(.ARM.Collect$$libinit$$00000017)
    __rt_lib_init_lc_time_1                  0x08000247   Thumb Code     0  libinit2.o(.ARM.Collect$$libinit$$00000019)
    __rt_lib_init_preinit_1                  0x08000247   Thumb Code     0  libinit2.o(.ARM.Collect$$libinit$$00000004)
    __rt_lib_init_rand_1                     0x08000247   Thumb Code     0  libinit2.o(.ARM.Collect$$libinit$$0000000E)
    __rt_lib_init_return                     0x08000247   Thumb Code     0  libinit2.o(.ARM.Collect$$libinit$$00000033)
    __rt_lib_init_signal_1                   0x08000247   Thumb Code     0  libinit2.o(.ARM.Collect$$libinit$$0000001D)
    __rt_lib_init_stdio_1                    0x08000247   Thumb Code     0  libinit2.o(.ARM.Collect$$libinit$$00000025)
    __rt_lib_init_user_alloc_1               0x08000247   Thumb Code     0  libinit2.o(.ARM.Collect$$libinit$$0000000C)
    __rt_lib_shutdown                        0x08000249   Thumb Code     0  libshutdown.o(.ARM.Collect$$libshutdown$$00000000)
    __rt_lib_shutdown_cpp_1                  0x0800024b   Thumb Code     0  libshutdown2.o(.ARM.Collect$$libshutdown$$00000004)
    __rt_lib_shutdown_fini_1                 0x0800024b   Thumb Code     0  libshutdown2.o(.ARM.Collect$$libshutdown$$00000002)
    __rt_lib_shutdown_fp_trap_1              0x0800024b   Thumb Code     0  libshutdown2.o(.ARM.Collect$$libshutdown$$00000009)
    __rt_lib_shutdown_heap_1                 0x0800024b   Thumb Code     0  libshutdown2.o(.ARM.Collect$$libshutdown$$00000011)
    __rt_lib_shutdown_return                 0x0800024b   Thumb Code     0  libshutdown2.o(.ARM.Collect$$libshutdown$$00000012)
    __rt_lib_shutdown_signal_1               0x0800024b   Thumb Code     0  libshutdown2.o(.ARM.Collect$$libshutdown$$0000000C)
    __rt_lib_shutdown_stdio_1                0x0800024b   Thumb Code     0  libshutdown2.o(.ARM.Collect$$libshutdown$$00000006)
    __rt_lib_shutdown_user_alloc_1           0x0800024b   Thumb Code     0  libshutdown2.o(.ARM.Collect$$libshutdown$$0000000E)
    __rt_entry                               0x0800024d   Thumb Code     0  __rtentry.o(.ARM.Collect$$rtentry$$00000000)
    __rt_entry_presh_1                       0x0800024d   Thumb Code     0  __rtentry2.o(.ARM.Collect$$rtentry$$00000002)
    __rt_entry_sh                            0x0800024d   Thumb Code     0  __rtentry4.o(.ARM.Collect$$rtentry$$00000004)
    __rt_entry_postsh_1                      0x08000253   Thumb Code     0  __rtentry2.o(.ARM.Collect$$rtentry$$00000008)
    __rt_entry_li                            0x0800025b   Thumb Code     0  __rtentry2.o(.ARM.Collect$$rtentry$$0000000A)
    __rt_entry_main                          0x0800025f   Thumb Code     0  __rtentry2.o(.ARM.Collect$$rtentry$$0000000D)
    __rt_entry_postli_1                      0x0800025f   Thumb Code     0  __rtentry2.o(.ARM.Collect$$rtentry$$0000000C)
    __rt_exit                                0x08000267   Thumb Code     0  rtexit.o(.ARM.Collect$$rtexit$$00000000)
    __rt_exit_ls                             0x08000269   Thumb Code     0  rtexit2.o(.ARM.Collect$$rtexit$$00000003)
    __rt_exit_prels_1                        0x08000269   Thumb Code     0  rtexit2.o(.ARM.Collect$$rtexit$$00000002)
    __rt_exit_exit                           0x0800026d   Thumb Code     0  rtexit2.o(.ARM.Collect$$rtexit$$00000004)
    Reset_Handler                            0x08000275   Thumb Code     8  startup_stm32f429xx.o(.text)
    NMI_Handler                              0x0800027d   Thumb Code     2  startup_stm32f429xx.o(.text)
    HardFault_Handler                        0x0800027f   Thumb Code     2  startup_stm32f429xx.o(.text)
    MemManage_Handler                        0x08000281   Thumb Code     2  startup_stm32f429xx.o(.text)
    BusFault_Handler                         0x08000283   Thumb Code     2  startup_stm32f429xx.o(.text)
    UsageFault_Handler                       0x08000285   Thumb Code     2  startup_stm32f429xx.o(.text)
    DebugMon_Handler                         0x08000289   Thumb Code     2  startup_stm32f429xx.o(.text)
    ADC_IRQHandler                           0x0800028f   Thumb Code     0  startup_stm32f429xx.o(.text)
    CAN1_RX0_IRQHandler                      0x0800028f   Thumb Code     0  startup_stm32f429xx.o(.text)
    CAN1_RX1_IRQHandler                      0x0800028f   Thumb Code     0  startup_stm32f429xx.o(.text)
    CAN1_SCE_IRQHandler                      0x0800028f   Thumb Code     0  startup_stm32f429xx.o(.text)
    CAN1_TX_IRQHandler                       0x0800028f   Thumb Code     0  startup_stm32f429xx.o(.text)
    CAN2_RX0_IRQHandler                      0x0800028f   Thumb Code     0  startup_stm32f429xx.o(.text)
    CAN2_RX1_IRQHandler                      0x0800028f   Thumb Code     0  startup_stm32f429xx.o(.text)
    CAN2_SCE_IRQHandler                      0x0800028f   Thumb Code     0  startup_stm32f429xx.o(.text)
    CAN2_TX_IRQHandler                       0x0800028f   Thumb Code     0  startup_stm32f429xx.o(.text)
    DCMI_IRQHandler                          0x0800028f   Thumb Code     0  startup_stm32f429xx.o(.text)
    DMA1_Stream1_IRQHandler                  0x0800028f   Thumb Code     0  startup_stm32f429xx.o(.text)
    DMA1_Stream2_IRQHandler                  0x0800028f   Thumb Code     0  startup_stm32f429xx.o(.text)
    DMA1_Stream3_IRQHandler                  0x0800028f   Thumb Code     0  startup_stm32f429xx.o(.text)
    DMA1_Stream4_IRQHandler                  0x0800028f   Thumb Code     0  startup_stm32f429xx.o(.text)
    DMA1_Stream5_IRQHandler                  0x0800028f   Thumb Code     0  startup_stm32f429xx.o(.text)
    DMA1_Stream6_IRQHandler                  0x0800028f   Thumb Code     0  startup_stm32f429xx.o(.text)
    DMA2D_IRQHandler                         0x0800028f   Thumb Code     0  startup_stm32f429xx.o(.text)
    DMA2_Stream0_IRQHandler                  0x0800028f   Thumb Code     0  startup_stm32f429xx.o(.text)
    DMA2_Stream1_IRQHandler                  0x0800028f   Thumb Code     0  startup_stm32f429xx.o(.text)
    DMA2_Stream4_IRQHandler                  0x0800028f   Thumb Code     0  startup_stm32f429xx.o(.text)
    DMA2_Stream5_IRQHandler                  0x0800028f   Thumb Code     0  startup_stm32f429xx.o(.text)
    ETH_IRQHandler                           0x0800028f   Thumb Code     0  startup_stm32f429xx.o(.text)
    ETH_WKUP_IRQHandler                      0x0800028f   Thumb Code     0  startup_stm32f429xx.o(.text)
    EXTI0_IRQHandler                         0x0800028f   Thumb Code     0  startup_stm32f429xx.o(.text)
    EXTI15_10_IRQHandler                     0x0800028f   Thumb Code     0  startup_stm32f429xx.o(.text)
    EXTI1_IRQHandler                         0x0800028f   Thumb Code     0  startup_stm32f429xx.o(.text)
    EXTI2_IRQHandler                         0x0800028f   Thumb Code     0  startup_stm32f429xx.o(.text)
    EXTI3_IRQHandler                         0x0800028f   Thumb Code     0  startup_stm32f429xx.o(.text)
    EXTI4_IRQHandler                         0x0800028f   Thumb Code     0  startup_stm32f429xx.o(.text)
    EXTI9_5_IRQHandler                       0x0800028f   Thumb Code     0  startup_stm32f429xx.o(.text)
    FLASH_IRQHandler                         0x0800028f   Thumb Code     0  startup_stm32f429xx.o(.text)
    FMC_IRQHandler                           0x0800028f   Thumb Code     0  startup_stm32f429xx.o(.text)
    FPU_IRQHandler                           0x0800028f   Thumb Code     0  startup_stm32f429xx.o(.text)
    HASH_RNG_IRQHandler                      0x0800028f   Thumb Code     0  startup_stm32f429xx.o(.text)
    I2C1_ER_IRQHandler                       0x0800028f   Thumb Code     0  startup_stm32f429xx.o(.text)
    I2C1_EV_IRQHandler                       0x0800028f   Thumb Code     0  startup_stm32f429xx.o(.text)
    I2C2_ER_IRQHandler                       0x0800028f   Thumb Code     0  startup_stm32f429xx.o(.text)
    I2C2_EV_IRQHandler                       0x0800028f   Thumb Code     0  startup_stm32f429xx.o(.text)
    I2C3_ER_IRQHandler                       0x0800028f   Thumb Code     0  startup_stm32f429xx.o(.text)
    I2C3_EV_IRQHandler                       0x0800028f   Thumb Code     0  startup_stm32f429xx.o(.text)
    LTDC_ER_IRQHandler                       0x0800028f   Thumb Code     0  startup_stm32f429xx.o(.text)
    LTDC_IRQHandler                          0x0800028f   Thumb Code     0  startup_stm32f429xx.o(.text)
    OTG_FS_WKUP_IRQHandler                   0x0800028f   Thumb Code     0  startup_stm32f429xx.o(.text)
    OTG_HS_EP1_IN_IRQHandler                 0x0800028f   Thumb Code     0  startup_stm32f429xx.o(.text)
    OTG_HS_EP1_OUT_IRQHandler                0x0800028f   Thumb Code     0  startup_stm32f429xx.o(.text)
    OTG_HS_IRQHandler                        0x0800028f   Thumb Code     0  startup_stm32f429xx.o(.text)
    OTG_HS_WKUP_IRQHandler                   0x0800028f   Thumb Code     0  startup_stm32f429xx.o(.text)
    PVD_IRQHandler                           0x0800028f   Thumb Code     0  startup_stm32f429xx.o(.text)
    RCC_IRQHandler                           0x0800028f   Thumb Code     0  startup_stm32f429xx.o(.text)
    RTC_Alarm_IRQHandler                     0x0800028f   Thumb Code     0  startup_stm32f429xx.o(.text)
    RTC_WKUP_IRQHandler                      0x0800028f   Thumb Code     0  startup_stm32f429xx.o(.text)
    SAI1_IRQHandler                          0x0800028f   Thumb Code     0  startup_stm32f429xx.o(.text)
    SPI1_IRQHandler                          0x0800028f   Thumb Code     0  startup_stm32f429xx.o(.text)
    SPI2_IRQHandler                          0x0800028f   Thumb Code     0  startup_stm32f429xx.o(.text)
    SPI3_IRQHandler                          0x0800028f   Thumb Code     0  startup_stm32f429xx.o(.text)
    SPI4_IRQHandler                          0x0800028f   Thumb Code     0  startup_stm32f429xx.o(.text)
    SPI5_IRQHandler                          0x0800028f   Thumb Code     0  startup_stm32f429xx.o(.text)
    SPI6_IRQHandler                          0x0800028f   Thumb Code     0  startup_stm32f429xx.o(.text)
    TAMP_STAMP_IRQHandler                    0x0800028f   Thumb Code     0  startup_stm32f429xx.o(.text)
    TIM1_BRK_TIM9_IRQHandler                 0x0800028f   Thumb Code     0  startup_stm32f429xx.o(.text)
    TIM1_CC_IRQHandler                       0x0800028f   Thumb Code     0  startup_stm32f429xx.o(.text)
    TIM1_TRG_COM_TIM11_IRQHandler            0x0800028f   Thumb Code     0  startup_stm32f429xx.o(.text)
    TIM1_UP_TIM10_IRQHandler                 0x0800028f   Thumb Code     0  startup_stm32f429xx.o(.text)
    TIM2_IRQHandler                          0x0800028f   Thumb Code     0  startup_stm32f429xx.o(.text)
    TIM5_IRQHandler                          0x0800028f   Thumb Code     0  startup_stm32f429xx.o(.text)
    TIM6_DAC_IRQHandler                      0x0800028f   Thumb Code     0  startup_stm32f429xx.o(.text)
    TIM7_IRQHandler                          0x0800028f   Thumb Code     0  startup_stm32f429xx.o(.text)
    TIM8_BRK_TIM12_IRQHandler                0x0800028f   Thumb Code     0  startup_stm32f429xx.o(.text)
    TIM8_CC_IRQHandler                       0x0800028f   Thumb Code     0  startup_stm32f429xx.o(.text)
    TIM8_TRG_COM_TIM14_IRQHandler            0x0800028f   Thumb Code     0  startup_stm32f429xx.o(.text)
    TIM8_UP_TIM13_IRQHandler                 0x0800028f   Thumb Code     0  startup_stm32f429xx.o(.text)
    UART4_IRQHandler                         0x0800028f   Thumb Code     0  startup_stm32f429xx.o(.text)
    UART7_IRQHandler                         0x0800028f   Thumb Code     0  startup_stm32f429xx.o(.text)
    UART8_IRQHandler                         0x0800028f   Thumb Code     0  startup_stm32f429xx.o(.text)
    USART2_IRQHandler                        0x0800028f   Thumb Code     0  startup_stm32f429xx.o(.text)
    USART3_IRQHandler                        0x0800028f   Thumb Code     0  startup_stm32f429xx.o(.text)
    USART6_IRQHandler                        0x0800028f   Thumb Code     0  startup_stm32f429xx.o(.text)
    WWDG_IRQHandler                          0x0800028f   Thumb Code     0  startup_stm32f429xx.o(.text)
    __user_initial_stackheap                 0x08000291   Thumb Code     0  startup_stm32f429xx.o(.text)
    SVC_Handler                              0x080002b5   Thumb Code   152  irq_cm4f.o(.text)
    PendSV_Handler                           0x0800034d   Thumb Code    16  irq_cm4f.o(.text)
    SysTick_Handler                          0x0800035d   Thumb Code    16  irq_cm4f.o(.text)
    __aeabi_memcpy                           0x08000379   Thumb Code     0  rt_memcpy_v6.o(.text)
    __rt_memcpy                              0x08000379   Thumb Code   138  rt_memcpy_v6.o(.text)
    _memcpy_lastbytes                        0x080003df   Thumb Code     0  rt_memcpy_v6.o(.text)
    __aeabi_memcpy4                          0x08000403   Thumb Code     0  rt_memcpy_w.o(.text)
    __aeabi_memcpy8                          0x08000403   Thumb Code     0  rt_memcpy_w.o(.text)
    __rt_memcpy_w                            0x08000403   Thumb Code   100  rt_memcpy_w.o(.text)
    _memcpy_lastbytes_aligned                0x0800044b   Thumb Code     0  rt_memcpy_w.o(.text)
    __aeabi_memclr                           0x08000467   Thumb Code     0  rt_memclr.o(.text)
    __rt_memclr                              0x08000467   Thumb Code    68  rt_memclr.o(.text)
    _memset                                  0x0800046b   Thumb Code     0  rt_memclr.o(.text)
    __aeabi_memclr4                          0x080004ab   Thumb Code     0  rt_memclr_w.o(.text)
    __aeabi_memclr8                          0x080004ab   Thumb Code     0  rt_memclr_w.o(.text)
    __rt_memclr_w                            0x080004ab   Thumb Code    78  rt_memclr_w.o(.text)
    _memset_w                                0x080004af   Thumb Code     0  rt_memclr_w.o(.text)
    __use_two_region_memory                  0x080004f9   Thumb Code     2  heapauxi.o(.text)
    __rt_heap_escrow                         0x080004fb   Thumb Code     2  heapauxi.o(.text)
    __rt_heap_expand                         0x080004fd   Thumb Code     2  heapauxi.o(.text)
    __user_libspace                          0x08000501   Thumb Code     8  libspace.o(.text)
    __user_perproc_libspace                  0x08000501   Thumb Code     0  libspace.o(.text)
    __user_setup_stackheap                   0x08000509   Thumb Code    74  sys_stackheap_outer.o(.text)
    exit                                     0x08000553   Thumb Code    18  exit.o(.text)
    _sys_exit                                0x08000565   Thumb Code     8  sys_exit.o(.text)
    __I$use$semihosting                      0x08000571   Thumb Code     0  use_no_semi.o(.text)
    __use_no_semihosting_swi                 0x08000571   Thumb Code     2  use_no_semi.o(.text)
    __semihosting_library_function           0x08000573   Thumb Code     0  indicate_semi.o(.text)
    OS_Tick_AcknowledgeIRQ                   0x08000629   Thumb Code    12  os_systick.o(.text.OS_Tick_AcknowledgeIRQ)
    OS_Tick_Enable                           0x08000635   Thumb Code    44  os_systick.o(.text.OS_Tick_Enable)
    OS_Tick_GetIRQn                          0x08000661   Thumb Code     6  os_systick.o(.text.OS_Tick_GetIRQn)
    OS_Tick_Setup                            0x08000669   Thumb Code    64  os_systick.o(.text.OS_Tick_Setup)
    osDelay                                  0x08000761   Thumb Code    36  rtx_delay.o(.text.osDelay)
    osKernelGetState                         0x08000785   Thumb Code    48  rtx_kernel.o(.text.osKernelGetState)
    osKernelGetTickCount                     0x080007b5   Thumb Code    40  rtx_kernel.o(.text.osKernelGetTickCount)
    osKernelInitialize                       0x080007dd   Thumb Code    44  rtx_kernel.o(.text.osKernelInitialize)
    osKernelStart                            0x08000809   Thumb Code    36  rtx_kernel.o(.text.osKernelStart)
    osMessageQueueGet                        0x0800082d   Thumb Code   108  rtx_msgqueue.o(.text.osMessageQueueGet)
    osMessageQueueNew                        0x08000899   Thumb Code    36  rtx_msgqueue.o(.text.osMessageQueueNew)
    osMessageQueuePut                        0x080008bd   Thumb Code   120  rtx_msgqueue.o(.text.osMessageQueuePut)
    osMutexAcquire                           0x08000935   Thumb Code    36  rtx_mutex.o(.text.osMutexAcquire)
    osMutexDelete                            0x08000959   Thumb Code    36  rtx_mutex.o(.text.osMutexDelete)
    osMutexNew                               0x0800097d   Thumb Code    36  rtx_mutex.o(.text.osMutexNew)
    osMutexRelease                           0x080009a1   Thumb Code    36  rtx_mutex.o(.text.osMutexRelease)
    osRtxKernelPreInit                       0x080009c5   Thumb Code     2  rtx_kernel.o(.text.osRtxKernelPreInit)
    osRtxMemoryAlloc                         0x080009c7   Thumb Code   112  rtx_memory.o(.text.osRtxMemoryAlloc)
    osRtxMemoryFree                          0x08000a37   Thumb Code    70  rtx_memory.o(.text.osRtxMemoryFree)
    osRtxMemoryInit                          0x08000a7d   Thumb Code    60  rtx_memory.o(.text.osRtxMemoryInit)
    osRtxMemoryPoolAlloc                     0x08000ab9   Thumb Code    58  rtx_mempool.o(.text.osRtxMemoryPoolAlloc)
    osRtxMemoryPoolFree                      0x08000af3   Thumb Code    74  rtx_mempool.o(.text.osRtxMemoryPoolFree)
    osRtxMemoryPoolInit                      0x08000b3d   Thumb Code    54  rtx_mempool.o(.text.osRtxMemoryPoolInit)
    osRtxMutexOwnerRelease                   0x08000c2d   Thumb Code    72  rtx_mutex.o(.text.osRtxMutexOwnerRelease)
    osRtxMutexOwnerRestore                   0x08000c75   Thumb Code    66  rtx_mutex.o(.text.osRtxMutexOwnerRestore)
    osRtxPendSV_Handler                      0x08000cb9   Thumb Code   140  rtx_system.o(.text.osRtxPendSV_Handler)
    osRtxPostProcess                         0x08000d45   Thumb Code   116  rtx_system.o(.text.osRtxPostProcess)
    osRtxThreadDelayTick                     0x08000ea1   Thumb Code    76  rtx_thread.o(.text.osRtxThreadDelayTick)
    osRtxThreadDispatch                      0x08000eed   Thumb Code    88  rtx_thread.o(.text.osRtxThreadDispatch)
    osRtxThreadListGet                       0x08000f9d   Thumb Code    18  rtx_thread.o(.text.osRtxThreadListGet)
    osRtxThreadListPut                       0x08000faf   Thumb Code    44  rtx_thread.o(.text.osRtxThreadListPut)
    osRtxThreadListRemove                    0x08000fdb   Thumb Code    20  rtx_thread.o(.text.osRtxThreadListRemove)
    osRtxThreadListSort                      0x08000ffb   Thumb Code    38  rtx_thread.o(.text.osRtxThreadListSort)
    osRtxThreadReadyPut                      0x08001049   Thumb Code    20  rtx_thread.o(.text.osRtxThreadReadyPut)
    osRtxThreadRegPtr                        0x0800105d   Thumb Code    20  rtx_thread.o(.text.osRtxThreadRegPtr)
    osRtxThreadStackCheck                    0x08001071   Thumb Code    40  rtx_thread.o(.text.osRtxThreadStackCheck)
    osRtxThreadStartup                       0x08001099   Thumb Code    64  rtx_thread.o(.text.osRtxThreadStartup)
    osRtxThreadSwitch                        0x080010d9   Thumb Code    16  rtx_thread.o(.text.osRtxThreadSwitch)
    osRtxThreadWaitEnter                     0x080010e9   Thumb Code    56  rtx_thread.o(.text.osRtxThreadWaitEnter)
    osRtxThreadWaitExit                      0x08001121   Thumb Code    50  rtx_thread.o(.text.osRtxThreadWaitExit)
    osRtxTick_Handler                        0x08001155   Thumb Code   112  rtx_system.o(.text.osRtxTick_Handler)
    osRtxTimerThread                         0x080011c5   Thumb Code    60  rtx_timer.o(.text.osRtxTimerThread)
    osThreadExit                             0x08001255   Thumb Code    12  rtx_thread.o(.text.osThreadExit)
    osThreadFlagsSet                         0x08001261   Thumb Code    88  rtx_thread.o(.text.osThreadFlagsSet)
    osThreadFlagsWait                        0x080012b9   Thumb Code    36  rtx_thread.o(.text.osThreadFlagsWait)
    osThreadNew                              0x080012dd   Thumb Code    36  rtx_thread.o(.text.osThreadNew)
    Buttons_Initialize                       0x08001d21   Thumb Code    60  buttons_f429discovery.o(i.Buttons_Initialize)
    DMA1_Stream0_IRQHandler                  0x08001d65   Thumb Code    16  usart_stm32f4xx.o(i.DMA1_Stream0_IRQHandler)
    DMA1_Stream7_IRQHandler                  0x08001d79   Thumb Code    16  usart_stm32f4xx.o(i.DMA1_Stream7_IRQHandler)
    DMA2_Stream2_IRQHandler                  0x08001d8d   Thumb Code    16  usart_stm32f4xx.o(i.DMA2_Stream2_IRQHandler)
    DMA2_Stream3_IRQHandler                  0x08001da1   Thumb Code    16  mci_stm32f4xx.o(i.DMA2_Stream3_IRQHandler)
    DMA2_Stream6_IRQHandler                  0x08001db5   Thumb Code    16  mci_stm32f4xx.o(i.DMA2_Stream6_IRQHandler)
    DMA2_Stream7_IRQHandler                  0x08001dc9   Thumb Code    16  usart_stm32f4xx.o(i.DMA2_Stream7_IRQHandler)
    HAL_DMA_Abort                            0x0800206d   Thumb Code   170  stm32f4xx_hal_dma.o(i.HAL_DMA_Abort)
    HAL_DMA_DeInit                           0x08002117   Thumb Code   112  stm32f4xx_hal_dma.o(i.HAL_DMA_DeInit)
    HAL_DMA_IRQHandler                       0x08002189   Thumb Code   570  stm32f4xx_hal_dma.o(i.HAL_DMA_IRQHandler)
    HAL_DMA_Init                             0x080023c9   Thumb Code   232  stm32f4xx_hal_dma.o(i.HAL_DMA_Init)
    HAL_DMA_Start_IT                         0x080024b5   Thumb Code   146  stm32f4xx_hal_dma.o(i.HAL_DMA_Start_IT)
    HAL_GPIO_DeInit                          0x08002549   Thumb Code   336  stm32f4xx_hal_gpio.o(i.HAL_GPIO_DeInit)
    HAL_GPIO_Init                            0x080026c9   Thumb Code   486  stm32f4xx_hal_gpio.o(i.HAL_GPIO_Init)
    HAL_GPIO_ReadPin                         0x080028e5   Thumb Code    16  stm32f4xx_hal_gpio.o(i.HAL_GPIO_ReadPin)
    HAL_GPIO_WritePin                        0x080028f5   Thumb Code    12  stm32f4xx_hal_gpio.o(i.HAL_GPIO_WritePin)
    HAL_GetTick                              0x08002901   Thumb Code    66  main.o(i.HAL_GetTick)
    HAL_Init                                 0x0800294d   Thumb Code    44  stm32f4xx_hal.o(i.HAL_Init)
    HAL_InitTick                             0x0800297d   Thumb Code    64  stm32f4xx_hal.o(i.HAL_InitTick)
    HAL_MspInit                              0x080029c9   Thumb Code     2  stm32f4xx_hal.o(i.HAL_MspInit)
    HAL_NVIC_ClearPendingIRQ                 0x080029cd   Thumb Code    30  stm32f4xx_hal_cortex.o(i.HAL_NVIC_ClearPendingIRQ)
    HAL_NVIC_DisableIRQ                      0x080029f1   Thumb Code    38  stm32f4xx_hal_cortex.o(i.HAL_NVIC_DisableIRQ)
    HAL_NVIC_EnableIRQ                       0x08002a1d   Thumb Code    40  stm32f4xx_hal_cortex.o(i.HAL_NVIC_EnableIRQ)
    HAL_NVIC_SetPriority                     0x08002a45   Thumb Code   124  stm32f4xx_hal_cortex.o(i.HAL_NVIC_SetPriority)
    HAL_NVIC_SetPriorityGrouping             0x08002ac1   Thumb Code    32  stm32f4xx_hal_cortex.o(i.HAL_NVIC_SetPriorityGrouping)
    HAL_RCC_GetHCLKFreq                      0x08002ae9   Thumb Code     6  stm32f4xx_hal_rcc.o(i.HAL_RCC_GetHCLKFreq)
    HAL_RCC_GetPCLK1Freq                     0x08002af5   Thumb Code    22  stm32f4xx_hal_rcc.o(i.HAL_RCC_GetPCLK1Freq)
    HAL_RCC_GetPCLK2Freq                     0x08002b15   Thumb Code    22  stm32f4xx_hal_rcc.o(i.HAL_RCC_GetPCLK2Freq)
    HAL_SYSTICK_Config                       0x08002b35   Thumb Code    52  stm32f4xx_hal_cortex.o(i.HAL_SYSTICK_Config)
    HAL_TIM_Base_Init                        0x08002b69   Thumb Code    52  stm32f4xx_hal_tim.o(i.HAL_TIM_Base_Init)
    HAL_TIM_Base_MspInit                     0x08002b9d   Thumb Code     2  stm32f4xx_hal_tim.o(i.HAL_TIM_Base_MspInit)
    HAL_TIM_Base_MspInitMy                   0x08002ba1   Thumb Code   152  mbethreadcycleb.o(i.HAL_TIM_Base_MspInitMy)
    HAL_TIM_Base_Start_IT                    0x08002c45   Thumb Code    42  stm32f4xx_hal_tim.o(i.HAL_TIM_Base_Start_IT)
    LED_Initialize                           0x08002c71   Thumb Code    68  led_f429discovery.o(i.LED_Initialize)
    LED_Off                                  0x08002cbd   Thumb Code    40  led_f429discovery.o(i.LED_Off)
    LED_On                                   0x08002ce9   Thumb Code    40  led_f429discovery.o(i.LED_On)
    OTG_FS_IRQHandler                        0x08002d15   Thumb Code    26  otg_fs_stm32f4xx.o(i.OTG_FS_IRQHandler)
    SDIO_IRQHandler                          0x08002d31   Thumb Code   644  mci_stm32f4xx.o(i.SDIO_IRQHandler)
    SystemInit                               0x08002fbd   Thumb Code    24  system_stm32f4xx.o(i.SystemInit)
    TIM3_IRQHandler                          0x08002fd9   Thumb Code    16  mbethreadsimserver.o(i.TIM3_IRQHandler)
    TIM4_IRQHandler                          0x08002ff1   Thumb Code    80  mbethreadcycleb.o(i.TIM4_IRQHandler)
    TIM_Base_SetConfig                       0x08003051   Thumb Code   170  stm32f4xx_hal_tim.o(i.TIM_Base_SetConfig)
    UART5_IRQHandler                         0x08003129   Thumb Code    10  usart_stm32f4xx.o(i.UART5_IRQHandler)
    USART1_IRQHandler                        0x080031c1   Thumb Code    10  usart_stm32f4xx.o(i.USART1_IRQHandler)
    USART_IRQHandler                         0x08003d7b   Thumb Code   626  usart_stm32f4xx.o(i.USART_IRQHandler)
    USBD_FS_IRQ                              0x08004cd1   Thumb Code  1554  usbd_fs_stm32f4xx.o(i.USBD_FS_IRQ)
    _mutex_acquire                           0x080056cd   Thumb Code    22  rtx_lib.o(i._mutex_acquire)
    _mutex_free                              0x080056e3   Thumb Code    12  rtx_lib.o(i._mutex_free)
    _mutex_initialize                        0x080056ef   Thumb Code    34  rtx_lib.o(i._mutex_initialize)
    _mutex_release                           0x08005711   Thumb Code    18  rtx_lib.o(i._mutex_release)
    _platform_post_stackheap_init            0x08005723   Thumb Code     8  rtx_lib.o(i._platform_post_stackheap_init)
    app_main                                 0x0800572d   Thumb Code   154  main.o(i.app_main)
    main                                     0x08005815   Thumb Code    26  main.o(i.main)
    mbeThreadAdminb                          0x08005835   Thumb Code    12  mbethreadadminb.o(i.mbeThreadAdminb)
    mbeThreadBSDListenb                      0x08005841   Thumb Code    12  mbethreadbsdlistenb.o(i.mbeThreadBSDListenb)
    mbeThreadCycleb                          0x0800584d   Thumb Code   396  mbethreadcycleb.o(i.mbeThreadCycleb)
    mbeThreadDIOb                            0x08005a2d   Thumb Code    12  mbethreaddiob.o(i.mbeThreadDIOb)
    mbeThreadDispatcherForLOGb               0x08005a39   Thumb Code    12  mbethreaddispatcherforlogb.o(i.mbeThreadDispatcherForLOGb)
    mbeThreadDispatcherForServerb            0x08005a45   Thumb Code    12  mbethreaddispatcherforserverb.o(i.mbeThreadDispatcherForServerb)
    mbeThreadSIMServer                       0x08005a51   Thumb Code   112  mbethreadsimserver.o(i.mbeThreadSIMServer)
    mbeThreadTCPIPServerb                    0x08005ae1   Thumb Code    12  mbethreadtcpipserverb.o(i.mbeThreadTCPIPServerb)
    mbeThreadUSBServerb                      0x08005aed   Thumb Code    12  mbethreadusbserverb.o(i.mbeThreadUSBServerb)
    myUSART_callbackU1                       0x08005af9   Thumb Code    28  mbethreadcycleb.o(i.myUSART_callbackU1)
    myUSART_callbackU5                       0x08005b1d   Thumb Code    28  mbethreadsimserver.o(i.myUSART_callbackU5)
    osRtxErrorNotify                         0x08005b41   Thumb Code    32  rtx_config.o(i.osRtxErrorNotify)
    osRtxIdleThread                          0x08005b61   Thumb Code     4  rtx_config.o(i.osRtxIdleThread)
    _fp_init                                 0x08005b85   Thumb Code    10  fpinit.o(x$fpl$fpinit)
    __fplib_config_fpu_vfp                   0x08005b8d   Thumb Code     0  fpinit.o(x$fpl$fpinit)
    __fplib_config_pureend_doubles           0x08005b8d   Thumb Code     0  fpinit.o(x$fpl$fpinit)
    osRtxUserSVC                             0x08005c00   Data           4  rtx_lib.o(.constdata)
    Driver_USART1                            0x08005d00   Data          56  usart_stm32f4xx.o(.constdata)
    Driver_USART5                            0x08005d38   Data          56  usart_stm32f4xx.o(.constdata)
    EventRecorderInfo                        0x08005d70   Data          24  eventrecorder.o(.constdata)
    AHBPrescTable                            0x08005d90   Data          16  system_stm32f4xx.o(.constdata)
    APBPrescTable                            0x08005da0   Data           8  system_stm32f4xx.o(.constdata)
    irqRtxLib                                0x08005da8   Data           1  irq_cm4f.o(.constdata)
    osRtxConfig                              0x08005dac   Data         104  rtx_lib.o(.rodata)
    os_cb_sections                           0x08005e14   Data          56  rtx_lib.o(.rodata)
    Region$$Table$$Base                      0x08005e58   Number         0  anon$$obj.o(Region$$Table)
    Region$$Table$$Limit                     0x08005e78   Number         0  anon$$obj.o(Region$$Table)
    usb_lib_version                          0x08005e78   Data           4  usb_lib_ver.o(__MW_USB_LIB_VERSION_6.14.1)
    .bss.os.msgqueue.cb$$Base                0x20008040   Number         0  rtx_lib.o(.bss.os.msgqueue.cb)
    .bss.os.msgqueue.cb$$Limit               0x20008074   Number         0  rtx_lib.o(.bss.os.msgqueue.cb)
    .bss.os.thread.cb$$Base                  0x200080c4   Number         0  rtx_lib.o(.bss.os.thread.cb)
    .bss.os.thread.cb$$Limit                 0x2000814c   Number         0  rtx_lib.o(.bss.os.thread.cb)
    .bss.os.timer.cb$$Base                   0x20008550   Number         0  rtx_lib.o(.bss.os.timer.cb)
    .bss.os.timer.cb$$Limit                  0x20008570   Number         0  rtx_lib.o(.bss.os.timer.cb)
    tid_mbeThreadCycleb                      0x20008570   Data           4  main.o(.data)
    tid_mbeThreadDispatcherForServerb        0x20008574   Data           4  main.o(.data)
    tid_mbeThreadDispatcherForLOGb           0x20008578   Data           4  main.o(.data)
    tid_mbeThreadLOGtoDiskb                  0x2000857c   Data           4  main.o(.data)
    tid_mbeThreadBSDListenb                  0x20008580   Data           4  main.o(.data)
    tid_mbeThreadTCPIPServerb                0x20008584   Data           4  main.o(.data)
    tid_mbeThreadUSBServerb                  0x20008588   Data           4  main.o(.data)
    tid_mbeThreadDIOb                        0x2000858c   Data           4  main.o(.data)
    tid_mbeThreadAdminb                      0x20008590   Data           4  main.o(.data)
    tid_mbeThreadSIMServer                   0x20008594   Data           4  main.o(.data)
    retValue                                 0x2000859c   Data           4  mbethreadcycleb.o(.data)
    TickCounter                              0x200085a0   Data          12  mbethreadcycleb.o(.data)
    retValueSIM                              0x200085b4   Data           4  mbethreadsimserver.o(.data)
    startReceive                             0x200085b8   Data           4  mbethreadsimserver.o(.data)
    irqRtxLibRef                             0x200085c0   Data           4  rtx_lib.o(.data)
    uwTick                                   0x200085e8   Data           4  stm32f4xx_hal.o(.data)
    uwTickPrio                               0x200085ec   Data           4  stm32f4xx_hal.o(.data)
    uwTickFreq                               0x200085f0   Data           1  stm32f4xx_hal.o(.data)
    SystemCoreClock                          0x200085f4   Data           4  system_stm32f4xx.o(.data)
    osRtxInfo                                0x200085f8   Data         164  rtx_kernel.o(.data.os)
    TimHandle                                0x200086b4   Data          64  mbethreadcycleb.o(.bss)
    TimHandle3                               0x200086f4   Data          64  mbethreadsimserver.o(.bss)
    __libspace_start                         0x20008aa4   Data          96  libspace.o(.bss)
    __temporary_stack_top$libspace           0x20008b04   Data           0  libspace.o(.bss)



==============================================================================

Memory Map of the image

  Image Entry point : 0x080001ad

  Load Region LR_IROM1 (Base: 0x08000000, Size: 0x0000e530, Max: 0x00200000, ABSOLUTE, COMPRESSED[0x00005fc0])

    Execution Region ER_IROM1 (Exec base: 0x08000000, Load base: 0x08000000, Size: 0x00005e7c, Max: 0x00200000, ABSOLUTE)

    Exec Addr    Load Addr    Size         Type   Attr      Idx    E Section Name        Object

    0x08000000   0x08000000   0x000001ac   Data   RO         3633    RESET               startup_stm32f429xx.o
    0x080001ac   0x080001ac   0x00000008   Code   RO         5950  * !!!main             c_w.l(__main.o)
    0x080001b4   0x080001b4   0x00000034   Code   RO         6269    !!!scatter          c_w.l(__scatter.o)
    0x080001e8   0x080001e8   0x0000003a   Code   RO         6267    !!dczerorl          c_w.l(__dczerorl.o)
    0x08000222   0x08000222   0x00000002   PAD
    0x08000224   0x08000224   0x0000001c   Code   RO         6271    !!handler_zi        c_w.l(__scatter_zi.o)
    0x08000240   0x08000240   0x00000002   Code   RO         6089    .ARM.Collect$$libinit$$00000000  c_w.l(libinit.o)
    0x08000242   0x08000242   0x00000004   Code   RO         6090    .ARM.Collect$$libinit$$00000001  c_w.l(libinit2.o)
    0x08000246   0x08000246   0x00000000   Code   RO         6093    .ARM.Collect$$libinit$$00000004  c_w.l(libinit2.o)
    0x08000246   0x08000246   0x00000000   Code   RO         6096    .ARM.Collect$$libinit$$0000000A  c_w.l(libinit2.o)
    0x08000246   0x08000246   0x00000000   Code   RO         6098    .ARM.Collect$$libinit$$0000000C  c_w.l(libinit2.o)
    0x08000246   0x08000246   0x00000000   Code   RO         6100    .ARM.Collect$$libinit$$0000000E  c_w.l(libinit2.o)
    0x08000246   0x08000246   0x00000000   Code   RO         6103    .ARM.Collect$$libinit$$00000011  c_w.l(libinit2.o)
    0x08000246   0x08000246   0x00000000   Code   RO         6105    .ARM.Collect$$libinit$$00000013  c_w.l(libinit2.o)
    0x08000246   0x08000246   0x00000000   Code   RO         6107    .ARM.Collect$$libinit$$00000015  c_w.l(libinit2.o)
    0x08000246   0x08000246   0x00000000   Code   RO         6109    .ARM.Collect$$libinit$$00000017  c_w.l(libinit2.o)
    0x08000246   0x08000246   0x00000000   Code   RO         6111    .ARM.Collect$$libinit$$00000019  c_w.l(libinit2.o)
    0x08000246   0x08000246   0x00000000   Code   RO         6113    .ARM.Collect$$libinit$$0000001B  c_w.l(libinit2.o)
    0x08000246   0x08000246   0x00000000   Code   RO         6115    .ARM.Collect$$libinit$$0000001D  c_w.l(libinit2.o)
    0x08000246   0x08000246   0x00000000   Code   RO         6117    .ARM.Collect$$libinit$$0000001F  c_w.l(libinit2.o)
    0x08000246   0x08000246   0x00000000   Code   RO         6119    .ARM.Collect$$libinit$$00000021  c_w.l(libinit2.o)
    0x08000246   0x08000246   0x00000000   Code   RO         6121    .ARM.Collect$$libinit$$00000023  c_w.l(libinit2.o)
    0x08000246   0x08000246   0x00000000   Code   RO         6123    .ARM.Collect$$libinit$$00000025  c_w.l(libinit2.o)
    0x08000246   0x08000246   0x00000000   Code   RO         6127    .ARM.Collect$$libinit$$0000002C  c_w.l(libinit2.o)
    0x08000246   0x08000246   0x00000000   Code   RO         6129    .ARM.Collect$$libinit$$0000002E  c_w.l(libinit2.o)
    0x08000246   0x08000246   0x00000000   Code   RO         6131    .ARM.Collect$$libinit$$00000030  c_w.l(libinit2.o)
    0x08000246   0x08000246   0x00000000   Code   RO         6133    .ARM.Collect$$libinit$$00000032  c_w.l(libinit2.o)
    0x08000246   0x08000246   0x00000002   Code   RO         6134    .ARM.Collect$$libinit$$00000033  c_w.l(libinit2.o)
    0x08000248   0x08000248   0x00000002   Code   RO         6249    .ARM.Collect$$libshutdown$$00000000  c_w.l(libshutdown.o)
    0x0800024a   0x0800024a   0x00000000   Code   RO         6136    .ARM.Collect$$libshutdown$$00000002  c_w.l(libshutdown2.o)
    0x0800024a   0x0800024a   0x00000000   Code   RO         6138    .ARM.Collect$$libshutdown$$00000004  c_w.l(libshutdown2.o)
    0x0800024a   0x0800024a   0x00000000   Code   RO         6140    .ARM.Collect$$libshutdown$$00000006  c_w.l(libshutdown2.o)
    0x0800024a   0x0800024a   0x00000000   Code   RO         6143    .ARM.Collect$$libshutdown$$00000009  c_w.l(libshutdown2.o)
    0x0800024a   0x0800024a   0x00000000   Code   RO         6146    .ARM.Collect$$libshutdown$$0000000C  c_w.l(libshutdown2.o)
    0x0800024a   0x0800024a   0x00000000   Code   RO         6148    .ARM.Collect$$libshutdown$$0000000E  c_w.l(libshutdown2.o)
    0x0800024a   0x0800024a   0x00000000   Code   RO         6151    .ARM.Collect$$libshutdown$$00000011  c_w.l(libshutdown2.o)
    0x0800024a   0x0800024a   0x00000002   Code   RO         6152    .ARM.Collect$$libshutdown$$00000012  c_w.l(libshutdown2.o)
    0x0800024c   0x0800024c   0x00000000   Code   RO         5955    .ARM.Collect$$rtentry$$00000000  c_w.l(__rtentry.o)
    0x0800024c   0x0800024c   0x00000000   Code   RO         5974    .ARM.Collect$$rtentry$$00000002  c_w.l(__rtentry2.o)
    0x0800024c   0x0800024c   0x00000006   Code   RO         5986    .ARM.Collect$$rtentry$$00000004  c_w.l(__rtentry4.o)
    0x08000252   0x08000252   0x00000008   Code   RO         5975    .ARM.Collect$$rtentry$$00000008  c_w.l(__rtentry2.o)
    0x0800025a   0x0800025a   0x00000004   Code   RO         5977    .ARM.Collect$$rtentry$$0000000A  c_w.l(__rtentry2.o)
    0x0800025e   0x0800025e   0x00000000   Code   RO         5979    .ARM.Collect$$rtentry$$0000000C  c_w.l(__rtentry2.o)
    0x0800025e   0x0800025e   0x00000008   Code   RO         5980    .ARM.Collect$$rtentry$$0000000D  c_w.l(__rtentry2.o)
    0x08000266   0x08000266   0x00000002   Code   RO         6153    .ARM.Collect$$rtexit$$00000000  c_w.l(rtexit.o)
    0x08000268   0x08000268   0x00000000   Code   RO         6199    .ARM.Collect$$rtexit$$00000002  c_w.l(rtexit2.o)
    0x08000268   0x08000268   0x00000004   Code   RO         6200    .ARM.Collect$$rtexit$$00000003  c_w.l(rtexit2.o)
    0x0800026c   0x0800026c   0x00000006   Code   RO         6201    .ARM.Collect$$rtexit$$00000004  c_w.l(rtexit2.o)
    0x08000272   0x08000272   0x00000002   PAD
    0x08000274   0x08000274   0x00000040   Code   RO         3634    .text               startup_stm32f429xx.o
    0x080002b4   0x080002b4   0x000000c4   Code   RO         4939    .text               RTX_CM4F.lib(irq_cm4f.o)
    0x08000378   0x08000378   0x0000008a   Code   RO         5936    .text               c_w.l(rt_memcpy_v6.o)
    0x08000402   0x08000402   0x00000064   Code   RO         5938    .text               c_w.l(rt_memcpy_w.o)
    0x08000466   0x08000466   0x00000044   Code   RO         5942    .text               c_w.l(rt_memclr.o)
    0x080004aa   0x080004aa   0x0000004e   Code   RO         5944    .text               c_w.l(rt_memclr_w.o)
    0x080004f8   0x080004f8   0x00000006   Code   RO         5948    .text               c_w.l(heapauxi.o)
    0x080004fe   0x080004fe   0x00000002   PAD
    0x08000500   0x08000500   0x00000008   Code   RO         5952    .text               c_w.l(libspace.o)
    0x08000508   0x08000508   0x0000004a   Code   RO         5998    .text               c_w.l(sys_stackheap_outer.o)
    0x08000552   0x08000552   0x00000012   Code   RO         6076    .text               c_w.l(exit.o)
    0x08000564   0x08000564   0x0000000c   Code   RO         6196    .text               c_w.l(sys_exit.o)
    0x08000570   0x08000570   0x00000002   Code   RO         6236    .text               c_w.l(use_no_semi.o)
    0x08000572   0x08000572   0x00000000   Code   RO         6238    .text               c_w.l(indicate_semi.o)
    0x08000572   0x08000572   0x00000040   Code   RO         5526    .text.MessageQueueGet  RTX_CM4F.lib(rtx_msgqueue.o)
    0x080005b2   0x080005b2   0x00000058   Code   RO         5520    .text.MessageQueuePut  RTX_CM4F.lib(rtx_msgqueue.o)
    0x0800060a   0x0800060a   0x0000001c   Code   RO         5518    .text.MessageQueueRemove  RTX_CM4F.lib(rtx_msgqueue.o)
    0x08000626   0x08000626   0x00000002   PAD
    0x08000628   0x08000628   0x0000000c   Code   RO         5564    .text.OS_Tick_AcknowledgeIRQ  RTX_CM4F.lib(os_systick.o)
    0x08000634   0x08000634   0x0000002c   Code   RO         5560    .text.OS_Tick_Enable  RTX_CM4F.lib(os_systick.o)
    0x08000660   0x08000660   0x00000006   Code   RO         5566    .text.OS_Tick_GetIRQn  RTX_CM4F.lib(os_systick.o)
    0x08000666   0x08000666   0x00000002   PAD
    0x08000668   0x08000668   0x00000040   Code   RO         5558    .text.OS_Tick_Setup  RTX_CM4F.lib(os_systick.o)
    0x080006a8   0x080006a8   0x0000006e   Code   RO         4754    .text.ThreadFlagsCheck  RTX_CM4F.lib(rtx_thread.o)
    0x08000716   0x08000716   0x00000002   PAD
    0x08000718   0x08000718   0x00000048   Code   RO         4840    .text.TimerInsert   RTX_CM4F.lib(rtx_timer.o)
    0x08000760   0x08000760   0x00000024   Code   RO         4807    .text.osDelay       RTX_CM4F.lib(rtx_delay.o)
    0x08000784   0x08000784   0x00000030   Code   RO         4615    .text.osKernelGetState  RTX_CM4F.lib(rtx_kernel.o)
    0x080007b4   0x080007b4   0x00000028   Code   RO         4631    .text.osKernelGetTickCount  RTX_CM4F.lib(rtx_kernel.o)
    0x080007dc   0x080007dc   0x0000002c   Code   RO         4609    .text.osKernelInitialize  RTX_CM4F.lib(rtx_kernel.o)
    0x08000808   0x08000808   0x00000024   Code   RO         4619    .text.osKernelStart  RTX_CM4F.lib(rtx_kernel.o)
    0x0800082c   0x0800082c   0x0000006c   Code   RO         5492    .text.osMessageQueueGet  RTX_CM4F.lib(rtx_msgqueue.o)
    0x08000898   0x08000898   0x00000024   Code   RO         5486    .text.osMessageQueueNew  RTX_CM4F.lib(rtx_msgqueue.o)
    0x080008bc   0x080008bc   0x00000078   Code   RO         5490    .text.osMessageQueuePut  RTX_CM4F.lib(rtx_msgqueue.o)
    0x08000934   0x08000934   0x00000024   Code   RO         4873    .text.osMutexAcquire  RTX_CM4F.lib(rtx_mutex.o)
    0x08000958   0x08000958   0x00000024   Code   RO         4879    .text.osMutexDelete  RTX_CM4F.lib(rtx_mutex.o)
    0x0800097c   0x0800097c   0x00000024   Code   RO         4869    .text.osMutexNew    RTX_CM4F.lib(rtx_mutex.o)
    0x080009a0   0x080009a0   0x00000024   Code   RO         4875    .text.osMutexRelease  RTX_CM4F.lib(rtx_mutex.o)
    0x080009c4   0x080009c4   0x00000002   Code   RO         4607    .text.osRtxKernelPreInit  RTX_CM4F.lib(rtx_kernel.o)
    0x080009c6   0x080009c6   0x00000070   Code   RO         5420    .text.osRtxMemoryAlloc  RTX_CM4F.lib(rtx_memory.o)
    0x08000a36   0x08000a36   0x00000046   Code   RO         5422    .text.osRtxMemoryFree  RTX_CM4F.lib(rtx_memory.o)
    0x08000a7c   0x08000a7c   0x0000003c   Code   RO         5418    .text.osRtxMemoryInit  RTX_CM4F.lib(rtx_memory.o)
    0x08000ab8   0x08000ab8   0x0000003a   Code   RO         5435    .text.osRtxMemoryPoolAlloc  RTX_CM4F.lib(rtx_mempool.o)
    0x08000af2   0x08000af2   0x0000004a   Code   RO         5437    .text.osRtxMemoryPoolFree  RTX_CM4F.lib(rtx_mempool.o)
    0x08000b3c   0x08000b3c   0x00000036   Code   RO         5433    .text.osRtxMemoryPoolInit  RTX_CM4F.lib(rtx_mempool.o)
    0x08000b72   0x08000b72   0x000000ba   Code   RO         5516    .text.osRtxMessageQueuePostProcess  RTX_CM4F.lib(rtx_msgqueue.o)
    0x08000c2c   0x08000c2c   0x00000048   Code   RO         4865    .text.osRtxMutexOwnerRelease  RTX_CM4F.lib(rtx_mutex.o)
    0x08000c74   0x08000c74   0x00000042   Code   RO         4867    .text.osRtxMutexOwnerRestore  RTX_CM4F.lib(rtx_mutex.o)
    0x08000cb6   0x08000cb6   0x00000002   PAD
    0x08000cb8   0x08000cb8   0x0000008c   Code   RO         5545    .text.osRtxPendSV_Handler  RTX_CM4F.lib(rtx_system.o)
    0x08000d44   0x08000d44   0x00000074   Code   RO         5547    .text.osRtxPostProcess  RTX_CM4F.lib(rtx_system.o)
    0x08000db8   0x08000db8   0x00000038   Code   RO         4694    .text.osRtxThreadBlock  RTX_CM4F.lib(rtx_thread.o)
    0x08000df0   0x08000df0   0x00000074   Code   RO         4702    .text.osRtxThreadDelayInsert  RTX_CM4F.lib(rtx_thread.o)
    0x08000e64   0x08000e64   0x0000003c   Code   RO         4698    .text.osRtxThreadDelayRemove  RTX_CM4F.lib(rtx_thread.o)
    0x08000ea0   0x08000ea0   0x0000004c   Code   RO         4682    .text.osRtxThreadDelayTick  RTX_CM4F.lib(rtx_thread.o)
    0x08000eec   0x08000eec   0x00000058   Code   RO         4692    .text.osRtxThreadDispatch  RTX_CM4F.lib(rtx_thread.o)
    0x08000f44   0x08000f44   0x00000058   Code   RO         4778    .text.osRtxThreadFree  RTX_CM4F.lib(rtx_thread.o)
    0x08000f9c   0x08000f9c   0x00000012   Code   RO         4674    .text.osRtxThreadListGet  RTX_CM4F.lib(rtx_thread.o)
    0x08000fae   0x08000fae   0x0000002c   Code   RO         4672    .text.osRtxThreadListPut  RTX_CM4F.lib(rtx_thread.o)
    0x08000fda   0x08000fda   0x00000014   Code   RO         4678    .text.osRtxThreadListRemove  RTX_CM4F.lib(rtx_thread.o)
    0x08000fee   0x08000fee   0x0000000c   Code   RO         4684    .text.osRtxThreadListRoot  RTX_CM4F.lib(rtx_thread.o)
    0x08000ffa   0x08000ffa   0x00000026   Code   RO         4676    .text.osRtxThreadListSort  RTX_CM4F.lib(rtx_thread.o)
    0x08001020   0x08001020   0x00000028   Code   RO         4752    .text.osRtxThreadPostProcess  RTX_CM4F.lib(rtx_thread.o)
    0x08001048   0x08001048   0x00000014   Code   RO         4680    .text.osRtxThreadReadyPut  RTX_CM4F.lib(rtx_thread.o)
    0x0800105c   0x0800105c   0x00000014   Code   RO         4686    .text.osRtxThreadRegPtr  RTX_CM4F.lib(rtx_thread.o)
    0x08001070   0x08001070   0x00000028   Code   RO         4690    .text.osRtxThreadStackCheck  RTX_CM4F.lib(rtx_thread.o)
    0x08001098   0x08001098   0x00000040   Code   RO         4704    .text.osRtxThreadStartup  RTX_CM4F.lib(rtx_thread.o)
    0x080010d8   0x080010d8   0x00000010   Code   RO         4688    .text.osRtxThreadSwitch  RTX_CM4F.lib(rtx_thread.o)
    0x080010e8   0x080010e8   0x00000038   Code   RO         4700    .text.osRtxThreadWaitEnter  RTX_CM4F.lib(rtx_thread.o)
    0x08001120   0x08001120   0x00000032   Code   RO         4696    .text.osRtxThreadWaitExit  RTX_CM4F.lib(rtx_thread.o)
    0x08001152   0x08001152   0x00000002   PAD
    0x08001154   0x08001154   0x00000070   Code   RO         5543    .text.osRtxTick_Handler  RTX_CM4F.lib(rtx_system.o)
    0x080011c4   0x080011c4   0x0000003c   Code   RO         4824    .text.osRtxTimerThread  RTX_CM4F.lib(rtx_timer.o)
    0x08001200   0x08001200   0x00000054   Code   RO         4826    .text.osRtxTimerTick  RTX_CM4F.lib(rtx_timer.o)
    0x08001254   0x08001254   0x0000000c   Code   RO         4736    .text.osThreadExit  RTX_CM4F.lib(rtx_thread.o)
    0x08001260   0x08001260   0x00000058   Code   RO         4744    .text.osThreadFlagsSet  RTX_CM4F.lib(rtx_thread.o)
    0x080012b8   0x080012b8   0x00000024   Code   RO         4750    .text.osThreadFlagsWait  RTX_CM4F.lib(rtx_thread.o)
    0x080012dc   0x080012dc   0x00000024   Code   RO         4708    .text.osThreadNew   RTX_CM4F.lib(rtx_thread.o)
    0x08001300   0x08001300   0x00000014   Code   RO         4811    .text.svcRtxDelay   RTX_CM4F.lib(rtx_delay.o)
    0x08001314   0x08001314   0x0000000c   Code   RO         4617    .text.svcRtxKernelGetState  RTX_CM4F.lib(rtx_kernel.o)
    0x08001320   0x08001320   0x0000000c   Code   RO         4633    .text.svcRtxKernelGetTickCount  RTX_CM4F.lib(rtx_kernel.o)
    0x0800132c   0x0800132c   0x00000150   Code   RO         4647    .text.svcRtxKernelInitialize  RTX_CM4F.lib(rtx_kernel.o)
    0x0800147c   0x0800147c   0x00000088   Code   RO         4649    .text.svcRtxKernelStart  RTX_CM4F.lib(rtx_kernel.o)
    0x08001504   0x08001504   0x000000e0   Code   RO         5528    .text.svcRtxMessageQueueGet  RTX_CM4F.lib(rtx_msgqueue.o)
    0x080015e4   0x080015e4   0x00000130   Code   RO         5514    .text.svcRtxMessageQueueNew  RTX_CM4F.lib(rtx_msgqueue.o)
    0x08001714   0x08001714   0x000000c0   Code   RO         5524    .text.svcRtxMessageQueuePut  RTX_CM4F.lib(rtx_msgqueue.o)
    0x080017d4   0x080017d4   0x00000094   Code   RO         4885    .text.svcRtxMutexAcquire  RTX_CM4F.lib(rtx_mutex.o)
    0x08001868   0x08001868   0x000000b0   Code   RO         4891    .text.svcRtxMutexDelete  RTX_CM4F.lib(rtx_mutex.o)
    0x08001918   0x08001918   0x00000068   Code   RO         4881    .text.svcRtxMutexNew  RTX_CM4F.lib(rtx_mutex.o)
    0x08001980   0x08001980   0x000000b4   Code   RO         4887    .text.svcRtxMutexRelease  RTX_CM4F.lib(rtx_mutex.o)
    0x08001a34   0x08001a34   0x00000068   Code   RO         4782    .text.svcRtxThreadExit  RTX_CM4F.lib(rtx_thread.o)
    0x08001a9c   0x08001a9c   0x00000066   Code   RO         4790    .text.svcRtxThreadFlagsSet  RTX_CM4F.lib(rtx_thread.o)
    0x08001b02   0x08001b02   0x00000002   PAD
    0x08001b04   0x08001b04   0x0000004c   Code   RO         4796    .text.svcRtxThreadFlagsWait  RTX_CM4F.lib(rtx_thread.o)
    0x08001b50   0x08001b50   0x000001d0   Code   RO         4706    .text.svcRtxThreadNew  RTX_CM4F.lib(rtx_thread.o)
    0x08001d20   0x08001d20   0x00000044   Code   RO          415    i.Buttons_Initialize  buttons_f429discovery.o
    0x08001d64   0x08001d64   0x00000014   Code   RO          830    i.DMA1_Stream0_IRQHandler  usart_stm32f4xx.o
    0x08001d78   0x08001d78   0x00000014   Code   RO          831    i.DMA1_Stream7_IRQHandler  usart_stm32f4xx.o
    0x08001d8c   0x08001d8c   0x00000014   Code   RO          832    i.DMA2_Stream2_IRQHandler  usart_stm32f4xx.o
    0x08001da0   0x08001da0   0x00000014   Code   RO          640    i.DMA2_Stream3_IRQHandler  mci_stm32f4xx.o
    0x08001db4   0x08001db4   0x00000014   Code   RO          641    i.DMA2_Stream6_IRQHandler  mci_stm32f4xx.o
    0x08001dc8   0x08001dc8   0x00000014   Code   RO          833    i.DMA2_Stream7_IRQHandler  usart_stm32f4xx.o
    0x08001ddc   0x08001ddc   0x00000034   Code   RO         1856    i.DMA_CalcBaseAndBitshift  stm32f4xx_hal_dma.o
    0x08001e10   0x08001e10   0x000000aa   Code   RO         1857    i.DMA_CheckFifoParam  stm32f4xx_hal_dma.o
    0x08001eba   0x08001eba   0x0000002c   Code   RO         1858    i.DMA_SetConfig     stm32f4xx_hal_dma.o
    0x08001ee6   0x08001ee6   0x00000002   PAD
    0x08001ee8   0x08001ee8   0x00000184   Code   RO          834    i.Enable_GPIO_Clock  usart_stm32f4xx.o
    0x0800206c   0x0800206c   0x000000aa   Code   RO         1859    i.HAL_DMA_Abort     stm32f4xx_hal_dma.o
    0x08002116   0x08002116   0x00000070   Code   RO         1861    i.HAL_DMA_DeInit    stm32f4xx_hal_dma.o
    0x08002186   0x08002186   0x00000002   PAD
    0x08002188   0x08002188   0x00000240   Code   RO         1864    i.HAL_DMA_IRQHandler  stm32f4xx_hal_dma.o
    0x080023c8   0x080023c8   0x000000ec   Code   RO         1865    i.HAL_DMA_Init      stm32f4xx_hal_dma.o
    0x080024b4   0x080024b4   0x00000092   Code   RO         1869    i.HAL_DMA_Start_IT  stm32f4xx_hal_dma.o
    0x08002546   0x08002546   0x00000002   PAD
    0x08002548   0x08002548   0x00000180   Code   RO         2003    i.HAL_GPIO_DeInit   stm32f4xx_hal_gpio.o
    0x080026c8   0x080026c8   0x0000021c   Code   RO         2006    i.HAL_GPIO_Init     stm32f4xx_hal_gpio.o
    0x080028e4   0x080028e4   0x00000010   Code   RO         2008    i.HAL_GPIO_ReadPin  stm32f4xx_hal_gpio.o
    0x080028f4   0x080028f4   0x0000000c   Code   RO         2010    i.HAL_GPIO_WritePin  stm32f4xx_hal_gpio.o
    0x08002900   0x08002900   0x0000004c   Code   RO            5    i.HAL_GetTick       main.o
    0x0800294c   0x0800294c   0x00000030   Code   RO         1540    i.HAL_Init          stm32f4xx_hal.o
    0x0800297c   0x0800297c   0x0000004c   Code   RO         1541    i.HAL_InitTick      stm32f4xx_hal.o
    0x080029c8   0x080029c8   0x00000002   Code   RO         1543    i.HAL_MspInit       stm32f4xx_hal.o
    0x080029ca   0x080029ca   0x00000002   PAD
    0x080029cc   0x080029cc   0x00000024   Code   RO         1719    i.HAL_NVIC_ClearPendingIRQ  stm32f4xx_hal_cortex.o
    0x080029f0   0x080029f0   0x0000002c   Code   RO         1720    i.HAL_NVIC_DisableIRQ  stm32f4xx_hal_cortex.o
    0x08002a1c   0x08002a1c   0x00000028   Code   RO         1721    i.HAL_NVIC_EnableIRQ  stm32f4xx_hal_cortex.o
    0x08002a44   0x08002a44   0x0000007c   Code   RO         1727    i.HAL_NVIC_SetPriority  stm32f4xx_hal_cortex.o
    0x08002ac0   0x08002ac0   0x00000028   Code   RO         1728    i.HAL_NVIC_SetPriorityGrouping  stm32f4xx_hal_cortex.o
    0x08002ae8   0x08002ae8   0x0000000c   Code   RO         2267    i.HAL_RCC_GetHCLKFreq  stm32f4xx_hal_rcc.o
    0x08002af4   0x08002af4   0x00000020   Code   RO         2269    i.HAL_RCC_GetPCLK1Freq  stm32f4xx_hal_rcc.o
    0x08002b14   0x08002b14   0x00000020   Code   RO         2270    i.HAL_RCC_GetPCLK2Freq  stm32f4xx_hal_rcc.o
    0x08002b34   0x08002b34   0x00000034   Code   RO         1732    i.HAL_SYSTICK_Config  stm32f4xx_hal_cortex.o
    0x08002b68   0x08002b68   0x00000034   Code   RO         2431    i.HAL_TIM_Base_Init  stm32f4xx_hal_tim.o
    0x08002b9c   0x08002b9c   0x00000002   Code   RO         2433    i.HAL_TIM_Base_MspInit  stm32f4xx_hal_tim.o
    0x08002b9e   0x08002b9e   0x00000002   PAD
    0x08002ba0   0x08002ba0   0x000000a4   Code   RO          161    i.HAL_TIM_Base_MspInitMy  mbethreadcycleb.o
    0x08002c44   0x08002c44   0x0000002a   Code   RO         2436    i.HAL_TIM_Base_Start_IT  stm32f4xx_hal_tim.o
    0x08002c6e   0x08002c6e   0x00000002   PAD
    0x08002c70   0x08002c70   0x0000004c   Code   RO          456    i.LED_Initialize    led_f429discovery.o
    0x08002cbc   0x08002cbc   0x0000002c   Code   RO          457    i.LED_Off           led_f429discovery.o
    0x08002ce8   0x08002ce8   0x0000002c   Code   RO          458    i.LED_On            led_f429discovery.o
    0x08002d14   0x08002d14   0x0000001a   Code   RO          762    i.OTG_FS_IRQHandler  otg_fs_stm32f4xx.o
    0x08002d2e   0x08002d2e   0x00000002   PAD
    0x08002d30   0x08002d30   0x0000028c   Code   RO          651    i.SDIO_IRQHandler   mci_stm32f4xx.o
    0x08002fbc   0x08002fbc   0x0000001c   Code   RO         3642    i.SystemInit        system_stm32f4xx.o
    0x08002fd8   0x08002fd8   0x00000018   Code   RO          353    i.TIM3_IRQHandler   mbethreadsimserver.o
    0x08002ff0   0x08002ff0   0x00000060   Code   RO          162    i.TIM4_IRQHandler   mbethreadcycleb.o
    0x08003050   0x08003050   0x000000d8   Code   RO         2519    i.TIM_Base_SetConfig  stm32f4xx_hal_tim.o
    0x08003128   0x08003128   0x00000010   Code   RO          835    i.UART5_IRQHandler  usart_stm32f4xx.o
    0x08003138   0x08003138   0x00000010   Code   RO          836    i.UART5_RX_DMA_Complete  usart_stm32f4xx.o
    0x08003148   0x08003148   0x00000010   Code   RO          837    i.UART5_TX_DMA_Complete  usart_stm32f4xx.o
    0x08003158   0x08003158   0x00000018   Code   RO          838    i.USART1_Control    usart_stm32f4xx.o
    0x08003170   0x08003170   0x00000010   Code   RO          839    i.USART1_GetCapabilities  usart_stm32f4xx.o
    0x08003180   0x08003180   0x00000010   Code   RO          840    i.USART1_GetModemStatus  usart_stm32f4xx.o
    0x08003190   0x08003190   0x00000010   Code   RO          841    i.USART1_GetRxCount  usart_stm32f4xx.o
    0x080031a0   0x080031a0   0x00000010   Code   RO          842    i.USART1_GetStatus  usart_stm32f4xx.o
    0x080031b0   0x080031b0   0x00000010   Code   RO          843    i.USART1_GetTxCount  usart_stm32f4xx.o
    0x080031c0   0x080031c0   0x00000010   Code   RO          844    i.USART1_IRQHandler  usart_stm32f4xx.o
    0x080031d0   0x080031d0   0x00000014   Code   RO          845    i.USART1_Initialize  usart_stm32f4xx.o
    0x080031e4   0x080031e4   0x00000014   Code   RO          846    i.USART1_PowerControl  usart_stm32f4xx.o
    0x080031f8   0x080031f8   0x00000010   Code   RO          847    i.USART1_RX_DMA_Complete  usart_stm32f4xx.o
    0x08003208   0x08003208   0x00000018   Code   RO          848    i.USART1_Receive    usart_stm32f4xx.o
    0x08003220   0x08003220   0x00000018   Code   RO          849    i.USART1_Send       usart_stm32f4xx.o
    0x08003238   0x08003238   0x00000014   Code   RO          850    i.USART1_SetModemControl  usart_stm32f4xx.o
    0x0800324c   0x0800324c   0x00000010   Code   RO          851    i.USART1_TX_DMA_Complete  usart_stm32f4xx.o
    0x0800325c   0x0800325c   0x0000001c   Code   RO          852    i.USART1_Transfer   usart_stm32f4xx.o
    0x08003278   0x08003278   0x00000010   Code   RO          853    i.USART1_Uninitialize  usart_stm32f4xx.o
    0x08003288   0x08003288   0x00000018   Code   RO          854    i.USART5_Control    usart_stm32f4xx.o
    0x080032a0   0x080032a0   0x00000010   Code   RO          855    i.USART5_GetCapabilities  usart_stm32f4xx.o
    0x080032b0   0x080032b0   0x00000010   Code   RO          856    i.USART5_GetModemStatus  usart_stm32f4xx.o
    0x080032c0   0x080032c0   0x00000010   Code   RO          857    i.USART5_GetRxCount  usart_stm32f4xx.o
    0x080032d0   0x080032d0   0x00000010   Code   RO          858    i.USART5_GetStatus  usart_stm32f4xx.o
    0x080032e0   0x080032e0   0x00000010   Code   RO          859    i.USART5_GetTxCount  usart_stm32f4xx.o
    0x080032f0   0x080032f0   0x00000014   Code   RO          860    i.USART5_Initialize  usart_stm32f4xx.o
    0x08003304   0x08003304   0x00000014   Code   RO          861    i.USART5_PowerControl  usart_stm32f4xx.o
    0x08003318   0x08003318   0x00000018   Code   RO          862    i.USART5_Receive    usart_stm32f4xx.o
    0x08003330   0x08003330   0x00000018   Code   RO          863    i.USART5_Send       usart_stm32f4xx.o
    0x08003348   0x08003348   0x00000014   Code   RO          864    i.USART5_SetModemControl  usart_stm32f4xx.o
    0x0800335c   0x0800335c   0x0000001c   Code   RO          865    i.USART5_Transfer   usart_stm32f4xx.o
    0x08003378   0x08003378   0x00000010   Code   RO          866    i.USART5_Uninitialize  usart_stm32f4xx.o
    0x08003388   0x08003388   0x000008ec   Code   RO          867    i.USART_Control     usart_stm32f4xx.o
    0x08003c74   0x08003c74   0x00000006   Code   RO          868    i.USART_GetCapabilities  usart_stm32f4xx.o
    0x08003c7a   0x08003c7a   0x00000052   Code   RO          869    i.USART_GetModemStatus  usart_stm32f4xx.o
    0x08003ccc   0x08003ccc   0x0000001c   Code   RO          870    i.USART_GetRxCount  usart_stm32f4xx.o
    0x08003ce8   0x08003ce8   0x00000076   Code   RO          871    i.USART_GetStatus   usart_stm32f4xx.o
    0x08003d5e   0x08003d5e   0x0000001c   Code   RO          872    i.USART_GetTxCount  usart_stm32f4xx.o
    0x08003d7a   0x08003d7a   0x00000272   Code   RO          873    i.USART_IRQHandler  usart_stm32f4xx.o
    0x08003fec   0x08003fec   0x000001ec   Code   RO          874    i.USART_Initialize  usart_stm32f4xx.o
    0x080041d8   0x080041d8   0x0000019c   Code   RO          875    i.USART_PeripheralReset  usart_stm32f4xx.o
    0x08004374   0x08004374   0x000003d4   Code   RO          876    i.USART_PowerControl  usart_stm32f4xx.o
    0x08004748   0x08004748   0x00000084   Code   RO          877    i.USART_RX_DMA_Complete  usart_stm32f4xx.o
    0x080047cc   0x080047cc   0x00000148   Code   RO          878    i.USART_Receive     usart_stm32f4xx.o
    0x08004914   0x08004914   0x0000011a   Code   RO          879    i.USART_Send        usart_stm32f4xx.o
    0x08004a2e   0x08004a2e   0x0000008c   Code   RO          880    i.USART_SetModemControl  usart_stm32f4xx.o
    0x08004aba   0x08004aba   0x0000004c   Code   RO          881    i.USART_TX_DMA_Complete  usart_stm32f4xx.o
    0x08004b06   0x08004b06   0x0000006a   Code   RO          882    i.USART_Transfer    usart_stm32f4xx.o
    0x08004b70   0x08004b70   0x0000006a   Code   RO          883    i.USART_Uninitialize  usart_stm32f4xx.o
    0x08004bda   0x08004bda   0x00000002   PAD
    0x08004bdc   0x08004bdc   0x00000010   Code   RO          884    i.USARTx_GetVersion  usart_stm32f4xx.o
    0x08004bec   0x08004bec   0x00000028   Code   RO         1161    i.USBD_DeviceSetAddress  usbd_fs_stm32f4xx.o
    0x08004c14   0x08004c14   0x000000bc   Code   RO         1163    i.USBD_EndpointReadSet  usbd_fs_stm32f4xx.o
    0x08004cd0   0x08004cd0   0x0000062c   Code   RO         1169    i.USBD_FS_IRQ       usbd_fs_stm32f4xx.o
    0x080052fc   0x080052fc   0x00000064   Code   RO         1170    i.USBD_FlushInEpFifo  usbd_fs_stm32f4xx.o
    0x08005360   0x08005360   0x0000001c   Code   RO         1172    i.USBD_GetFrameNumber  usbd_fs_stm32f4xx.o
    0x0800537c   0x0800537c   0x000000dc   Code   RO         1176    i.USBD_ReadFromFifo  usbd_fs_stm32f4xx.o
    0x08005458   0x08005458   0x000000f8   Code   RO         1178    i.USBD_Reset        usbd_fs_stm32f4xx.o
    0x08005550   0x08005550   0x00000104   Code   RO         1180    i.USBD_WriteToFifo  usbd_fs_stm32f4xx.o
    0x08005654   0x08005654   0x0000001c   Code   RO          885    i.__NVIC_ClearPendingIRQ  usart_stm32f4xx.o
    0x08005670   0x08005670   0x00000022   Code   RO          886    i.__NVIC_EnableIRQ  usart_stm32f4xx.o
    0x08005692   0x08005692   0x00000002   PAD
    0x08005694   0x08005694   0x00000010   Code   RO         1734    i.__NVIC_GetPriorityGrouping  stm32f4xx_hal_cortex.o
    0x080056a4   0x080056a4   0x00000028   Code   RO         1735    i.__NVIC_SetPriority  stm32f4xx_hal_cortex.o
    0x080056cc   0x080056cc   0x00000016   Code   RO          512    i._mutex_acquire    rtx_lib.o
    0x080056e2   0x080056e2   0x0000000c   Code   RO          513    i._mutex_free       rtx_lib.o
    0x080056ee   0x080056ee   0x00000022   Code   RO          514    i._mutex_initialize  rtx_lib.o
    0x08005710   0x08005710   0x00000012   Code   RO          515    i._mutex_release    rtx_lib.o
    0x08005722   0x08005722   0x00000008   Code   RO          516    i._platform_post_stackheap_init  rtx_lib.o
    0x0800572a   0x0800572a   0x00000002   PAD
    0x0800572c   0x0800572c   0x000000e8   Code   RO            7    i.app_main          main.o
    0x08005814   0x08005814   0x00000020   Code   RO            8    i.main              main.o
    0x08005834   0x08005834   0x0000000c   Code   RO          335    i.mbeThreadAdminb   mbethreadadminb.o
    0x08005840   0x08005840   0x0000000c   Code   RO          275    i.mbeThreadBSDListenb  mbethreadbsdlistenb.o
    0x0800584c   0x0800584c   0x000001e0   Code   RO          163    i.mbeThreadCycleb   mbethreadcycleb.o
    0x08005a2c   0x08005a2c   0x0000000c   Code   RO          320    i.mbeThreadDIOb     mbethreaddiob.o
    0x08005a38   0x08005a38   0x0000000c   Code   RO          245    i.mbeThreadDispatcherForLOGb  mbethreaddispatcherforlogb.o
    0x08005a44   0x08005a44   0x0000000c   Code   RO          230    i.mbeThreadDispatcherForServerb  mbethreaddispatcherforserverb.o
    0x08005a50   0x08005a50   0x00000090   Code   RO          354    i.mbeThreadSIMServer  mbethreadsimserver.o
    0x08005ae0   0x08005ae0   0x0000000c   Code   RO          290    i.mbeThreadTCPIPServerb  mbethreadtcpipserverb.o
    0x08005aec   0x08005aec   0x0000000c   Code   RO          305    i.mbeThreadUSBServerb  mbethreadusbserverb.o
    0x08005af8   0x08005af8   0x00000024   Code   RO          164    i.myUSART_callbackU1  mbethreadcycleb.o
    0x08005b1c   0x08005b1c   0x00000024   Code   RO          355    i.myUSART_callbackU5  mbethreadsimserver.o
    0x08005b40   0x08005b40   0x00000020   Code   RO          603    i.osRtxErrorNotify  rtx_config.o
    0x08005b60   0x08005b60   0x00000004   Code   RO          604    i.osRtxIdleThread   rtx_config.o
    0x08005b64   0x08005b64   0x00000020   Code   RO          517    i.os_kernel_is_active  rtx_lib.o
    0x08005b84   0x08005b84   0x0000000a   Code   RO         6194    x$fpl$fpinit        fz_wm.l(fpinit.o)
    0x08005b8e   0x08005b8e   0x00000002   PAD
    0x08005b90   0x08005b90   0x00000010   Data   RO          461    .constdata          led_f429discovery.o
    0x08005ba0   0x08005ba0   0x00000064   Data   RO          525    .constdata          rtx_lib.o
    0x08005c04   0x08005c04   0x0000016c   Data   RO          888    .constdata          usart_stm32f4xx.o
    0x08005d70   0x08005d70   0x00000018   Data   RO         1328    .constdata          eventrecorder.o
    0x08005d88   0x08005d88   0x00000008   Data   RO         1871    .constdata          stm32f4xx_hal_dma.o
    0x08005d90   0x08005d90   0x00000018   Data   RO         3643    .constdata          system_stm32f4xx.o
    0x08005da8   0x08005da8   0x00000001   Data   RO         4938    .constdata          RTX_CM4F.lib(irq_cm4f.o)
    0x08005da9   0x08005da9   0x00000003   PAD
    0x08005dac   0x08005dac   0x000000a0   Data   RO          528    .rodata             rtx_lib.o
    0x08005e4c   0x08005e4c   0x0000000b   Data   RO         4661    .rodata.str1.4      RTX_CM4F.lib(rtx_kernel.o)
    0x08005e57   0x08005e57   0x00000001   PAD
    0x08005e58   0x08005e58   0x00000020   Data   RO         6266    Region$$Table       anon$$obj.o
    0x08005e78   0x08005e78   0x00000004   Data   RO         5857    __MW_USB_LIB_VERSION_6.14.1  USB_CM3_L.lib(usb_lib_ver.o)


    Execution Region RW_IRAM1 (Exec base: 0x20000000, Load base: 0x08005e7c, Size: 0x000095e8, Max: 0x00030000, ABSOLUTE, COMPRESSED[0x00000144])

    Exec Addr    Load Addr    Size         Type   Attr      Idx    E Section Name        Object

    0x20000000   COMPRESSED   0x00008040   Data   RW          518    .bss.os             rtx_lib.o
    0x20008040   COMPRESSED   0x00000034   Data   RW          520    .bss.os.msgqueue.cb  rtx_lib.o
    0x20008074   COMPRESSED   0x00000050   Data   RW          521    .bss.os.msgqueue.mem  rtx_lib.o
    0x200080c4   COMPRESSED   0x00000088   Data   RW          522    .bss.os.thread.cb   rtx_lib.o
    0x2000814c   COMPRESSED   0x00000004   PAD
    0x20008150   COMPRESSED   0x00000400   Data   RW          523    .bss.os.thread.stack  rtx_lib.o
    0x20008550   COMPRESSED   0x00000020   Data   RW          524    .bss.os.timer.cb    rtx_lib.o
    0x20008570   COMPRESSED   0x0000002c   Data   RW            9    .data               main.o
    0x2000859c   COMPRESSED   0x00000016   Data   RW          166    .data               mbethreadcycleb.o
    0x200085b2   COMPRESSED   0x00000002   PAD
    0x200085b4   COMPRESSED   0x0000000c   Data   RW          357    .data               mbethreadsimserver.o
    0x200085c0   COMPRESSED   0x00000005   Data   RW          526    .data               rtx_lib.o
    0x200085c5   COMPRESSED   0x00000003   PAD
    0x200085c8   COMPRESSED   0x00000020   Data   RW         1183    .data               usbd_fs_stm32f4xx.o
    0x200085e8   COMPRESSED   0x00000009   Data   RW         1547    .data               stm32f4xx_hal.o
    0x200085f1   COMPRESSED   0x00000003   PAD
    0x200085f4   COMPRESSED   0x00000004   Data   RW         3644    .data               system_stm32f4xx.o
    0x200085f8   COMPRESSED   0x000000a4   Data   RW         4662    .data.os            RTX_CM4F.lib(rtx_kernel.o)
    0x2000869c   COMPRESSED   0x00000018   Data   RW          527    .data.os.timer.mpi  rtx_lib.o
    0x200086b4        -       0x00000040   Zero   RW          165    .bss                mbethreadcycleb.o
    0x200086f4        -       0x00000040   Zero   RW          356    .bss                mbethreadsimserver.o
    0x20008734        -       0x000000e0   Zero   RW          655    .bss                mci_stm32f4xx.o
    0x20008814        -       0x000001f0   Zero   RW          887    .bss                usart_stm32f4xx.o
    0x20008a04        -       0x000000a0   Zero   RW         1181    .bss                usbd_fs_stm32f4xx.o
    0x20008aa4        -       0x00000060   Zero   RW         5953    .bss                c_w.l(libspace.o)
    0x20008b04        -       0x00000001   Zero   RW         5576    .bss.PendST         RTX_CM4F.lib(os_systick.o)
    0x20008b05   COMPRESSED   0x0000003b   PAD
    0x20008b40        -       0x000004a4   Zero   RW         1327    .bss.noinit         eventrecorder.o
    0x20008fe4   COMPRESSED   0x00000004   PAD
    0x20008fe8        -       0x00000200   Zero   RW         3632    HEAP                startup_stm32f429xx.o
    0x200091e8        -       0x00000400   Zero   RW         3631    STACK               startup_stm32f429xx.o


==============================================================================

Image component sizes


      Code (inc. data)   RO Data    RW Data    ZI Data      Debug   Object Name

        68          8          0          0          0       1525   buttons_f429discovery.o
         0          0         24          0       1188       3980   eventrecorder.o
       164         16         16          0          0       3160   led_f429discovery.o
       340         94          0         44          0     667566   main.o
        12          0          0          0          0        534   mbethreadadminb.o
        12          0          0          0          0        550   mbethreadbsdlistenb.o
       776        120          0         22         64      15496   mbethreadcycleb.o
        12          0          0          0          0        524   mbethreaddiob.o
        12          0          0          0          0        577   mbethreaddispatcherforlogb.o
        12          0          0          0          0        588   mbethreaddispatcherforserverb.o
       204         48          0         12         64       3009   mbethreadsimserver.o
        12          0          0          0          0        556   mbethreadtcpipserverb.o
        12          0          0          0          0        550   mbethreadusbserverb.o
       692         16          0          0        224      11956   mci_stm32f4xx.o
        26          0          0          0          0       2540   otg_fs_stm32f4xx.o
        36          6          0          0          0       1069   rtx_config.o
       126          4        260      34185          0      12838   rtx_lib.o
        64         26        428          0       1536        868   startup_stm32f429xx.o
       126         16          0          9          0       8735   stm32f4xx_hal.o
       392         34          0          0          0      36308   stm32f4xx_hal_cortex.o
      1506         16          8          0          0       7660   stm32f4xx_hal_dma.o
       952        102          0          0          0       4269   stm32f4xx_hal_gpio.o
        76         26          0          0          0       1844   stm32f4xx_hal_rcc.o
       312         46          0          0          0       3492   stm32f4xx_hal_tim.o
        28          4         24          4          0       1467   system_stm32f4xx.o
      7380        364        364          0        496      76783   usart_stm32f4xx.o
      2664        184          0         32        160       9593   usbd_fs_stm32f4xx.o

    ----------------------------------------------------------------------
     16036       1130       1156      34320       3736     878037   Object Totals
         0          0         32          0          0          0   (incl. Generated)
        20          0          0         12          4          0   (incl. Padding)

    ----------------------------------------------------------------------

      Code (inc. data)   RO Data    RW Data    ZI Data      Debug   Library Member Name

       196         12          1          0          0        540   irq_cm4f.o
       126         32          0          0          1       3108   os_systick.o
        56          4          0          0          0       2854   rtx_delay.o
       666         60         11        164          0      17231   rtx_kernel.o
       242          0          0          0          0       2478   rtx_memory.o
       186          0          0          0          0      16576   rtx_mempool.o
      1350         28          0          0          0      18694   rtx_msgqueue.o
       890         32          0          0          0      10004   rtx_mutex.o
       368         26          0          0          0       5437   rtx_system.o
      1950        104          0          0          0      32850   rtx_thread.o
       216         20          0          0          0      10445   rtx_timer.o
         0          0          4          0          0          0   usb_lib_ver.o
        58          0          0          0          0          0   __dczerorl.o
         8          0          0          0          0         68   __main.o
         0          0          0          0          0          0   __rtentry.o
        20          0          0          0          0          0   __rtentry2.o
         6          0          0          0          0          0   __rtentry4.o
        52          8          0          0          0          0   __scatter.o
        28          0          0          0          0          0   __scatter_zi.o
        18          0          0          0          0         80   exit.o
         6          0          0          0          0        152   heapauxi.o
         0          0          0          0          0          0   indicate_semi.o
         2          0          0          0          0          0   libinit.o
         6          0          0          0          0          0   libinit2.o
         2          0          0          0          0          0   libshutdown.o
         2          0          0          0          0          0   libshutdown2.o
         8          4          0          0         96         68   libspace.o
        68          0          0          0          0         68   rt_memclr.o
        78          0          0          0          0         80   rt_memclr_w.o
       138          0          0          0          0         68   rt_memcpy_v6.o
       100          0          0          0          0         80   rt_memcpy_w.o
         2          0          0          0          0          0   rtexit.o
        10          0          0          0          0          0   rtexit2.o
        12          4          0          0          0         68   sys_exit.o
        74          0          0          0          0         80   sys_stackheap_outer.o
         2          0          0          0          0         68   use_no_semi.o
        10          0          0          0          0        116   fpinit.o

    ----------------------------------------------------------------------
      6976        334         20        164        156     121213   Library Totals
        20          0          4          0         59          0   (incl. Padding)

    ----------------------------------------------------------------------

      Code (inc. data)   RO Data    RW Data    ZI Data      Debug   Library Name

      6246        318         12        164          1     120217   RTX_CM4F.lib
         0          0          4          0          0          0   USB_CM3_L.lib
       700         16          0          0         96        880   c_w.l
        10          0          0          0          0        116   fz_wm.l

    ----------------------------------------------------------------------
      6976        334         20        164        156     121213   Library Totals

    ----------------------------------------------------------------------

==============================================================================


      Code (inc. data)   RO Data    RW Data    ZI Data      Debug   

     23012       1464       1176      34484       3892     986242   Grand Totals
     23012       1464       1176        324       3892     986242   ELF Image Totals (compressed)
     23012       1464       1176        324          0          0   ROM Totals

==============================================================================

    Total RO  Size (Code + RO Data)                24188 (  23.62kB)
    Total RW  Size (RW Data + ZI Data)             38376 (  37.48kB)
    Total ROM Size (Code + RO Data + RW Data)      24512 (  23.94kB)

==============================================================================

